Archive member included because of file (symbol)

E:/2024_缶サット/20240531/MWSTAGE/MWSDK/TWENET/current/lib/libTWENET_RED.a(ToCoNet_main.o)
                              objs_RED/act0.o (symbol from plugin) (sToCoNet_Context)
E:/2024_缶サット/20240531/MWSTAGE/MWSDK/TWENET/current/lib/libTWENET_RED.a(ToCoNet_utils.o)
                              ToCoNet_main.o (symbol from plugin) (ToCoNet_u32GetVersion)
E:/2024_缶サット/20240531/MWSTAGE/MWSDK/TWENET/current/lib/libTWENET_RED.a(ToCoNet_mod_Nwk_Common.o)
                              ToCoNet_main.o (symbol from plugin) (ToCoNet_vRxProc_Mod)
E:/2024_缶サット/20240531/MWSTAGE/MWSDK/TWENET/current/lib/libTWENET_RED.a(ToCoNet_mod_Channel_Mgr.o)
                              ToCoNet_main.o (symbol from plugin) (ToCoNet_ChMgr_bCh_Reconfig)
E:/2024_缶サット/20240531/MWSTAGE/MWSDK/TWENET/current/lib/libTWENET_RED.a(Version.o)
                              ToCoNet_utils.o (symbol from plugin) (au8ToCoNetVersionInfo)
E:/2024_缶サット/20240531/MWSTAGE/MWSDK/TWENET/current/lib/libTWENET_RED.a(AppQueueApi_ToCoNet.o)
                              ToCoNet_main.o (symbol from plugin) (_u32_INT_ticktimer)
E:/2024_缶サット/20240531/MWSTAGE/MWSDK/TWENET/current/lib/libTWENET_RED.a(ToCoNet_event.o)
                              ToCoNet_main.o (symbol from plugin) (PRSEV_vInit)
E:/2024_缶サット/20240531/MWSTAGE/MWSDK/TWENET/current/lib/libTWENEText_RED.a(AppStart.o)
                              (AppColdStart)
E:/2024_缶サット/20240531/MWSTAGE/MWSDK/TWENET/current/lib/libTWENEText_RED.a(getMacAddr.o)
                              ToCoNet_main.o (symbol from plugin) (ToCoNet_u32GetSerialOnBoot)
E:/2024_缶サット/20240531/MWSTAGE/MWSDK/TWENET/current/lib/libTWENEText_RED.a(mac.o)
                              ToCoNet_main.o (symbol from plugin) (Mac_vInit)
E:/2024_缶サット/20240531/MWSTAGE/MWSDK/TWENET/current/lib/libTWENEText_RED.a(AES_CCM.o)
                              AppStart.o (symbol from plugin) (bAES_CCM_KeyReg)
E:/2024_缶サット/20240531/MWSTAGE/MWSDK/TWENET/current/lib/libTWENEText_RED.a(no_ack_handler.o)
                              AppStart.o (symbol from plugin) (vInstallNoAckHandler)
E:/2024_缶サット/20240531/MWSTAGE/MWSDK/TWENET/current/lib/libTWENEText_RED.a(Version.o)
                              ToCoNet_utils.o (symbol from plugin) (au8ToCoNetExtVersionInfo)
E:/2024_缶サット/20240531/MWSTAGE/MWSDK/TWENET/current/lib/libTWENETutils_RED.a(serial.o)
                              objs_RED/act0.o (symbol from plugin) (SERIAL_bTxChar)
E:/2024_缶サット/20240531/MWSTAGE/MWSDK/TWENET/current/lib/libTWENETutils_RED.a(uart.o)
                              serial.o (symbol from plugin) (UART_vInit)
E:/2024_缶サット/20240531/MWSTAGE/MWSDK/TWENET/current/lib/libTWENETutils_RED.a(ByteQueue.o)
                              ToCoNet_main.o (symbol from plugin) (QUEUE__vInit)
E:/2024_缶サット/20240531/MWSTAGE/MWSDK/TWENET/current/lib/libTWENETutils_RED.a(ccitt8.o)
                              AppStart.o (symbol from plugin) (u8CCITT8)
E:/2024_缶サット/20240531/MWSTAGE/MWSDK/TWENET/current/lib/libTWENETutils_RED.a(utils.o)
                              ToCoNet_main.o (symbol from plugin) (vTimerConfig)
E:/2024_缶サット/20240531/MWSTAGE/MWSDK/TWENET/current/lib/libTWENETutils_RED.a(ccm.o)
                              AES_CCM.o (symbol from plugin) (ccm_init_and_key)
E:/2024_缶サット/20240531/MWSTAGE/MWSDK/TWENET/current/lib/libTWENETutils_RED.a(Version.o)
                              ToCoNet_utils.o (symbol from plugin) (au8ToCoNetUtilsVersionInfo)
E:/2024_缶サット/20240531/MWSTAGE/MWSDK/TWENET/current/lib/libTWENETutils_RED.a(aescrypt.o)
                              ccm.o (symbol from plugin) (aes_encrypt)
E:/2024_缶サット/20240531/MWSTAGE/MWSDK/TWENET/current/lib/libTWENETutils_RED.a(aeskey.o)
                              ccm.o (symbol from plugin) (aes_encrypt_key)
E:/2024_缶サット/20240531/MWSTAGE/MWSDK/TWENET/current/lib/libTWENETutils_RED.a(aestab.o)
                              aeskey.o (symbol from plugin) (t_im)
E:/2024_缶サット/20240531/MWSTAGE/MWSDK/TWENET/current/lib/libTWENETstgs_RED.a(tweinteractive.o)
                              objs_RED/act0.o (symbol from plugin) (TWEINTRCT_bIsVerbose)
E:/2024_缶サット/20240531/MWSTAGE/MWSDK/TWENET/current/lib/libTWENETstgs_RED.a(tweprintf.o)
                              tweinteractive.o (symbol from plugin) (TWE_fprintf)
E:/2024_缶サット/20240531/MWSTAGE/MWSDK/TWENET/current/lib/libTWENETstgs_RED.a(twesercmd_plus3.o)
                              tweinteractive.o (symbol from plugin) (TWESERCMD_Plus3_u8Parse)
E:/2024_缶サット/20240531/MWSTAGE/MWSDK/TWENET/current/lib/libTWENETstgs_RED.a(tweserial.o)
                              tweinteractive.o (symbol from plugin) (_TWE_fputs)
E:/2024_缶サット/20240531/MWSTAGE/MWSDK/TWENET/current/lib/libTWENETstgs_RED.a(twesysutils.o)
                              objs_RED/act0.o (symbol from plugin) (TWESYSUTL_vWaitPoll)
E:/2024_缶サット/20240531/MWSTAGE/MWSDK/TWENET/current/lib/libTWENETstgs_RED.a(printf.o)
                              tweprintf.o (symbol from plugin) (fctvprintf)
E:/2024_缶サット/20240531/MWSTAGE/MWSDK/TWENET/current/lib/libTWENETstgs_RED.a(tweinputstring.o)
                              tweinteractive.o (symbol from plugin) (TWEINPSTR_vInit)
E:/2024_缶サット/20240531/MWSTAGE/MWSDK/TWENET/current/lib/libmwx_RED.a(mwx_appcore.o)
                              ToCoNet_main.o (symbol from plugin) (cbToCoNet_vMain)
E:/2024_缶サット/20240531/MWSTAGE/MWSDK/TWENET/current/lib/libmwx_RED.a(mwx_memory.o)
                              mwx_appcore.o (symbol from plugin) (operator new(unsigned long))
E:/2024_缶サット/20240531/MWSTAGE/MWSDK/TWENET/current/lib/libmwx_RED.a(mwx_periph_dio.o)
                              objs_RED/act0.o (symbol from plugin) (pinMode(unsigned char, mwx::L1::enum_wapper<PIN_MODE::eMWX_DIO_MODE, unsigned char>))
E:/2024_缶サット/20240531/MWSTAGE/MWSDK/TWENET/current/lib/libmwx_RED.a(mwx_periph_buttons.o)
                              mwx_appcore.o (symbol from plugin) (mwx::L1::periph_buttons::begin(unsigned long, unsigned char, unsigned short))
E:/2024_缶サット/20240531/MWSTAGE/MWSDK/TWENET/current/lib/libmwx_RED.a(mwx_periph_analogue.o)
                              mwx_appcore.o (symbol from plugin) (mwx::L1::periph_analogue::ADC_handler(unsigned long, unsigned long))
E:/2024_缶サット/20240531/MWSTAGE/MWSDK/TWENET/current/lib/libmwx_RED.a(mwx_stgs_standard.o)
                              objs_RED/_mwx_version.o (symbol from plugin) (INTRCT_USER_APP_ID)
E:/2024_缶サット/20240531/MWSTAGE/MWSDK/ChipLib/SW4063V1416/Components/Library\libAppApi_JN5169.a(AppApi.o)
                              (pvAppApiDefGetMacHandle)
E:/2024_缶サット/20240531/MWSTAGE/MWSDK/ChipLib/SW4063V1416/Components/Library\libAppApi_JN5169.a(AppApiSleep.o)
                              (vAppApiDefSaveMacSettings)
E:/2024_缶サット/20240531/MWSTAGE/MWSDK/ChipLib/SW4063V1416/Components/Library\libMAC_JN5169.a(mac_main.o)
                              AppApi.o (symbol from plugin) (MAC_pvCtor)
E:/2024_缶サット/20240531/MWSTAGE/MWSDK/ChipLib/SW4063V1416/Components/Library\libMAC_JN5169.a(mac_mcps.o)
                              AppApi.o (symbol from plugin) (MAC_vHandleMcpsReqRsp)
E:/2024_缶サット/20240531/MWSTAGE/MWSDK/ChipLib/SW4063V1416/Components/Library\libMAC_JN5169.a(mac_mlme.o)
                              AppApi.o (symbol from plugin) (MAC_vHandleMlmeReqRsp)
E:/2024_缶サット/20240531/MWSTAGE/MWSDK/ChipLib/SW4063V1416/Components/Library\libMAC_JN5169.a(mac_pib.o)
                              AppStart.o (symbol from plugin) (MAC_psPibGetHandle)
E:/2024_缶サット/20240531/MWSTAGE/MWSDK/ChipLib/SW4063V1416/Components/Library\libMAC_JN5169.a(mac_pib_mlme.o)
                              mac_main.o (symbol from plugin) (mac_vPibSetDefaults)
E:/2024_缶サット/20240531/MWSTAGE/MWSDK/ChipLib/SW4063V1416/Components/Library\libMAC_JN5169.a(mac_pmic.o)
                              mac_main.o (symbol from plugin) (vPMICreset)
E:/2024_缶サット/20240531/MWSTAGE/MWSDK/ChipLib/SW4063V1416/Components/Library\libMAC_JN5169.a(mac_ind.o)
                              AppApi.o (symbol from plugin) (MAC_vRegisterMlmeDcfmIndCallbacks)
E:/2024_缶サット/20240531/MWSTAGE/MWSDK/ChipLib/SW4063V1416/Components/Library\libMAC_JN5169.a(mac_scan.o)
                              mac_main.o (symbol from plugin) (mac_eScanInit)
E:/2024_缶サット/20240531/MWSTAGE/MWSDK/ChipLib/SW4063V1416/Components/Library\libMAC_JN5169.a(mac_lp.o)
                              mac_pmic.o (symbol from plugin) (g_sLP)
E:/2024_缶サット/20240531/MWSTAGE/MWSDK/ChipLib/SW4063V1416/Components/Library\libMAC_JN5169.a(MCPS.o)
                              mac_mcps.o (symbol from plugin) (vTAM_MCPSdataRequest)
E:/2024_缶サット/20240531/MWSTAGE/MWSDK/ChipLib/SW4063V1416/Components/Library\libMAC_JN5169.a(phy_pib.o)
                              AppApi.o (symbol from plugin) (phy_ePibGet)
E:/2024_缶サット/20240531/MWSTAGE/MWSDK/ChipLib/SW4063V1416/Components/Library\libMAC_JN5169.a(TAM.o)
                              MCPS.o (symbol from plugin) (bTAMinPAN)
E:/2024_缶サット/20240531/MWSTAGE/MWSDK/ChipLib/SW4063V1416/Components/Library\libMAC_JN5169.a(TAMCO.o)
                              TAM.o (symbol from plugin) (vTAMCOsetCoordinator)
E:/2024_缶サット/20240531/MWSTAGE/MWSDK/ChipLib/SW4063V1416/Components/Library\libMAC_JN5169.a(TAMDE.o)
                              TAM.o (symbol from plugin) (vTAMDEdetermineNullState)
E:/2024_缶サット/20240531/MWSTAGE/MWSDK/ChipLib/SW4063V1416/Components/Library\libMAC_JN5169.a(TAM_MEM.o)
                              TAM.o (symbol from plugin) (vMEMreset)
E:/2024_缶サット/20240531/MWSTAGE/MWSDK/ChipLib/SW4063V1416/Components/Library\libMAC_JN5169.a(TAM_MLME.o)
                              mac_scan.o (symbol from plugin) (vMLMEbeaconNotify)
E:/2024_缶サット/20240531/MWSTAGE/MWSDK/ChipLib/SW4063V1416/Components/Library\libMAC_JN5169.a(TAM_TAH.o)
                              TAMCO.o (symbol from plugin) (vTAHsetCutOff)
E:/2024_缶サット/20240531/MWSTAGE/MWSDK/ChipLib/SW4063V1416/Components/Library\libMAC_JN5169.a(TAM_TAI.o)
                              TAM.o (symbol from plugin) (vTAIsetCapTime)
E:/2024_缶サット/20240531/MWSTAGE/MWSDK/ChipLib/SW4063V1416/Components/Library\libMAC_JN5169.a(TAM_TAT.o)
                              TAMDE.o (symbol from plugin) (vTATstartReceiveAt)
E:/2024_缶サット/20240531/MWSTAGE/MWSDK/ChipLib/SW4063V1416/Components/Library\libMAC_JN5169.a(TAMcommon.o)
                              mac_scan.o (symbol from plugin) (bTACassessBeaconForPayload)
E:/2024_缶サット/20240531/MWSTAGE/MWSDK/ChipLib/SW4063V1416/Components/Library\libMAC_JN5169.a(TAMevent.o)
                              mac_lp.o (symbol from plugin) (vTAMinsertEvent)
E:/2024_缶サット/20240531/MWSTAGE/MWSDK/ChipLib/SW4063V1416/Components/Library\libMAC_JN5169.a(TAMqueue.o)
                              TAMcommon.o (symbol from plugin) (vTAQaddToFifo)
E:/2024_缶サット/20240531/MWSTAGE/MWSDK/ChipLib/SW4063V1416/Components/Library\libMAC_JN5169.a(TAMrxEnable.o)
                              TAMevent.o (symbol from plugin) (vTAMRXEint2Fired)
E:/2024_缶サット/20240531/MWSTAGE/MWSDK/ChipLib/SW4063V1416/Components/Library\libMAC_JN5169.a(TAMsecurity.o)
                              TAMcommon.o (symbol from plugin) (vTSCgetIncomingInfo)
E:/2024_缶サット/20240531/MWSTAGE/MWSDK/ChipLib/SW4063V1416/Components/Library\libMAC_JN5169.a(TAMsideways.o)
                              mac_pmic.o (symbol from plugin) (eTAStransmitRequest)
E:/2024_缶サット/20240531/MWSTAGE/MWSDK/ChipLib/SW4063V1416/Components/Library\libMAC_JN5169.a(TAMtime.o)
                              TAM.o (symbol from plugin) (vTTIBLETimerExpired)
E:/2024_缶サット/20240531/MWSTAGE/MWSDK/ChipLib/SW4063V1416/Components/Library\libMAC_JN5169.a(TAM_AES.o)
                              TAMsecurity.o (symbol from plugin) (u8TAM_AES_WriteAuxilliarySecurityHeaderIntoBuffer)
E:/2024_缶サット/20240531/MWSTAGE/MWSDK/ChipLib/SW4063V1416/Components/Library\libMAC_JN5169.a(Endian.o)
                              TAM_AES.o (symbol from plugin) (vFromU16ToLe)
E:/2024_缶サット/20240531/MWSTAGE/MWSDK/ChipLib/SW4063V1416/Components/Library\libMAC_JN5169.a(mac_acl.o)
                              TAMsecurity.o (symbol from plugin) (MAC_u8AclFindInfo)
E:/2024_缶サット/20240531/MWSTAGE/MWSDK/ChipLib/SW4063V1416/Components/Library\libMAC_JN5169.a(mac_misc.o)
                              mac_mlme.o (symbol from plugin) (vMAC_MISCpollRequest)
E:/2024_缶サット/20240531/MWSTAGE/MWSDK/ChipLib/SW4063V1416/Components/Library\libTimerServer_JN516x.a(tsv_main.o)
                              AppApiSleep.o (symbol from plugin) (s_sTimerList)
E:/2024_缶サット/20240531/MWSTAGE/MWSDK/ChipLib/SW4063V1416/Components/Library\libXcv_JN5169.a(xcv_main.o)
                              AppApi.o (symbol from plugin) (XCV_vCtor)
E:/2024_缶サット/20240531/MWSTAGE/MWSDK/ChipLib/SW4063V1416/Components/Library\libXcv_JN5169.a(xcv_access.o)
                              mac_main.o (symbol from plugin) (XCV_vDevWriteIER)
E:/2024_缶サット/20240531/MWSTAGE/MWSDK/ChipLib/SW4063V1416/Components/Library\libXcv_JN5169.a(xcv_isr.o)
                              AppApi.o (symbol from plugin) (vXCV_IntHandlerPhy)
E:/2024_缶サット/20240531/MWSTAGE/MWSDK/ChipLib/SW4063V1416/Components/Library\libMMAC_JN5169.a(MMAC.o)
                              phy_pib.o (symbol from plugin) (vMMAC_SetChannelAndPower)
E:/2024_缶サット/20240531/MWSTAGE/MWSDK/ChipLib/SW4063V1416/Components/Library\libMMAC_JN5169.a(MMAC_RadioInit_JN5169.o)
                              xcv_main.o (symbol from plugin) (vMMAC_ConfigureRadio)
E:/2024_缶サット/20240531/MWSTAGE/MWSDK/ChipLib/SW4063V1416/Components/Library\libJPT_JN5169.a(JPT_RadioTxPowerTests.o)
                              AppApi.o (symbol from plugin) (vJPT_CustomBmodTable)
E:/2024_缶サット/20240531/MWSTAGE/MWSDK/ChipLib/SW4063V1416/Components/Library\libJPT_JN5169.a(JPT_RadioSettings_JN5169.o)
                              MMAC_RadioInit_JN5169.o (symbol from plugin) (bJPT_InitRadio_JN5169)
E:/2024_缶サット/20240531/MWSTAGE/MWSDK/ChipLib/SW4063V1416/Components/Library\libAes_JN516x.a(AEScoprocessorCCM.o)
                              AES_CCM.o (symbol from plugin) (bACI_CCMstar)
E:/2024_缶サット/20240531/MWSTAGE/MWSDK/ChipLib/SW4063V1416/Components/Library\libAes_JN516x.a(AES_CCM_Star.o)
                              TAM_AES.o (symbol from plugin) (vACI_OptimisedCcmStar)
E:/2024_缶サット/20240531/MWSTAGE/MWSDK/ChipLib/SW4063V1416/Components/Library\libAes_JN516x.a(AEScoprocessorAPI.o)
                              AES_CCM_Star.o (symbol from plugin) (vACI_CmdWaitBusy)
E:/2024_缶サット/20240531/MWSTAGE/MWSDK/ChipLib/SW4063V1416/Components/Library\libHardwareApi_JN5169.a(AHI_Analogue.o)
                              utils.o (symbol from plugin) (bAHI_APRegulatorEnabled)
E:/2024_缶サット/20240531/MWSTAGE/MWSDK/ChipLib/SW4063V1416/Components/Library\libHardwareApi_JN5169.a(AHI_BrownOut.o)
                              mwx_appcore.o (symbol from plugin) (vAHI_BrownOutConfigure)
E:/2024_缶サット/20240531/MWSTAGE/MWSDK/ChipLib/SW4063V1416/Components/Library\libHardwareApi_JN5169.a(AHI_Dio.o)
                              mwx_periph_dio.o (symbol from plugin) (vAHI_DioSetDirection)
E:/2024_缶サット/20240531/MWSTAGE/MWSDK/ChipLib/SW4063V1416/Components/Library\libHardwareApi_JN5169.a(AHI_PulseCounter.o)
                              mwx_appcore.o (symbol from plugin) (bAHI_Read16BitCounter)
E:/2024_缶サット/20240531/MWSTAGE/MWSDK/ChipLib/SW4063V1416/Components/Library\libHardwareApi_JN5169.a(AHI_Reset.o)
                              ToCoNet_main.o (symbol from plugin) (vAHI_SwReset)
E:/2024_缶サット/20240531/MWSTAGE/MWSDK/ChipLib/SW4063V1416/Components/Library\libHardwareApi_JN5169.a(AHI_Spi.o)
                              AppQueueApi_ToCoNet.o (symbol from plugin) (vAHI_SpiRegisterCallback)
E:/2024_缶サット/20240531/MWSTAGE/MWSDK/ChipLib/SW4063V1416/Components/Library\libHardwareApi_JN5169.a(AHI_System.o)
                              AppApiSleep.o (symbol from plugin) (u8AHI_PowerStatus)
E:/2024_缶サット/20240531/MWSTAGE/MWSDK/ChipLib/SW4063V1416/Components/Library\libHardwareApi_JN5169.a(AHI_Timer.o)
                              utils.o (symbol from plugin) (vAHI_TimerEnable)
E:/2024_缶サット/20240531/MWSTAGE/MWSDK/ChipLib/SW4063V1416/Components/Library\libHardwareApi_JN5169.a(AHI_TimerInt.o)
                              AppQueueApi_ToCoNet.o (symbol from plugin) (vAHI_Timer0RegisterCallback)
E:/2024_缶サット/20240531/MWSTAGE/MWSDK/ChipLib/SW4063V1416/Components/Library\libHardwareApi_JN5169.a(AHI_Uart.o)
                              uart.o (symbol from plugin) (vAHI_UartSetBaudDivisor)
E:/2024_缶サット/20240531/MWSTAGE/MWSDK/ChipLib/SW4063V1416/Components/Library\libHardwareApi_JN5169.a(AHI_WakeTimer.o)
                              ToCoNet_utils.o (symbol from plugin) (vAHI_WakeTimerEnable)
E:/2024_缶サット/20240531/MWSTAGE/MWSDK/ChipLib/SW4063V1416/Components/Library\libHardwareApi_JN5169.a(AHI_Flash.o)
                              AHI_System.o (symbol from plugin) (vAHI_FlashAndEEPROMControllerIntHandler)
E:/2024_缶サット/20240531/MWSTAGE/MWSDK/ChipLib/SW4063V1416/Components/Library\libHardwareApi_JN5169.a(AHI_Infrared.o)
                              AHI_TimerInt.o (symbol from plugin) (vAHI_IntHandlerInfrared)
E:/2024_缶サット/20240531/MWSTAGE/MWSDK/ChipLib/SW4063V1416/Components/Library\libHardwareApi_JN5169.a(AHI_DO.o)
                              mwx_periph_dio.o (symbol from plugin) (bAHI_DoEnableOutputs)
E:/2024_缶サット/20240531/MWSTAGE/MWSDK/ChipLib/SW4063V1416/Components/Library\libHardwareApi_JN5169.a(InternalFlashApi.o)
                              AHI_Flash.o (symbol from plugin) (bFlashErase)
E:/2024_缶サット/20240531/MWSTAGE/MWSDK/ChipLib/SW4063V1416/Components/Library\libHardwareApi_JN5169.a(AHI_FlashIndexSector.o)
                              AppStart.o (symbol from plugin) (bAHI_ReadMACID)
E:/2024_缶サット/20240531/MWSTAGE/MWSDK/ChipLib/SW4063V1416/Components/Library\libHardwareApi_JN5169.a(AHI_Si.o)
                              mwx_appcore.o (symbol from plugin) (vAHI_SiMasterConfigure)
E:/2024_缶サット/20240531/MWSTAGE/MWSDK/ChipLib/SW4063V1416/Components/Library\libHardwareApi_JN5169.a(AHI_TickTimer.o)
                              AppQueueApi_ToCoNet.o (symbol from plugin) (vAHI_TickTimerInit)
E:/2024_缶サット/20240531/MWSTAGE/MWSDK/ChipLib/SW4063V1416/Components/Library\libHardwareApi_JN5169.a(AHI_Interrupt.o)
                              AppApi.o (symbol from plugin) (vAHI_InterruptSetPriority)
E:/2024_缶サット/20240531/MWSTAGE/MWSDK/ChipLib/SW4063V1416/Components/Library\libHardwareApi_JN5169.a(AHI_Init.o)
                              AppStart.o (symbol from plugin) (u32AHI_Init)
E:/2024_缶サット/20240531/MWSTAGE/MWSDK/ChipLib/SW4063V1416/Components/Library\libHardwareApi_JN5169.a(AHI_SpiSlave.o)
                              AHI_Init.o (symbol from plugin) (vAHI_IntHandlerSpiSlave)
E:/2024_缶サット/20240531/MWSTAGE/MWSDK/ChipLib/SW4063V1416/Components/Library\libMicroSpecific_JN516x.a(MicroInt_ba.o)
                              ToCoNet_main.o (symbol from plugin) (vMicroIntEnableOnly)
E:/2024_缶サット/20240531/MWSTAGE/MWSDK/ChipLib/SW4063V1416/Components/Library\libMicroSpecific_JN516x.a(MicroSyscall_ba.o)
                              AHI_Reset.o (symbol from plugin) (vMicroSyscall)
E:/2024_缶サット/20240531/MWSTAGE/MWSDK/ChipLib/SW4063V1416/Components/Library\libBoot_JN516x.a(Heap.o)
                              (u32HeapStart)
E:/2024_缶サット/20240531/MWSTAGE/MWSDK/ChipLib/SW4063V1416/Components/Library\libBoot_JN516x.a(ExceptionHandler.o)
                              (_exception_external_interrupt)
E:/2024_缶サット/20240531/MWSTAGE/MWSDK/TWENET/current/lib/libTWENET_RED.a(ToCoNet_mod_Tx.o)
                              mwx_appcore.o (symbol from plugin) (ToCoNet_vReg_mod_Tx_Standard)
E:/2024_缶サット/20240531/MWSTAGE/MWSDK/TWENET/current/lib/libTWENET_RED.a(ToCoNet_mod_TxRxQueue.o)
                              mwx_appcore.o (symbol from plugin) (ToCoNet_vReg_mod_TxRxQueueSmall)
E:/2024_缶サット/20240531/MWSTAGE/MWSDK/TWENET/current/lib/libTWENETstgs_RED.a(tweserial_jen.o)
                              mwx_appcore.o (symbol from plugin) (TWETERM_vInitJen)
E:/2024_缶サット/20240531/MWSTAGE/MWSDK/ChipLib/SW4063V1416/Components/Library\libAppApi_JN5169.a(AppHousekeeping.o)
                              mac_scan.o (symbol from plugin) (sAppHousekeeping)
E:/2024_缶サット/20240531/MWSTAGE/MWSDK/ChipLib/SW4063V1416/Components/Library\libAes_JN516x.a(AEScoprocessorAPIinterrupts.o)
                              AHI_Init.o (symbol from plugin) (vACI_IntHandlerAes)
e:/2024_缶サット/20240531/mwstage/tools/ba-elf-ba2-r36379.w10/bin/../lib/gcc/ba-elf/4.7.4/../../../../ba-elf/lib/mcpu_jn51xx_sizeopt\libc.a(lib_a-memset.o)
                              mwx_periph_buttons.o (symbol from plugin) (memset)
e:/2024_缶サット/20240531/mwstage/tools/ba-elf-ba2-r36379.w10/bin/../lib/gcc/ba-elf/4.7.4/../../../../ba-elf/lib/mcpu_jn51xx_sizeopt\libc.a(lib_a-memcmp.o)
                              C:\Users\koumu\AppData\Local\Temp\ccMpaVnH.ltrans0.ltrans.o (memcmp)
e:/2024_缶サット/20240531/mwstage/tools/ba-elf-ba2-r36379.w10/bin/../lib/gcc/ba-elf/4.7.4/../../../../ba-elf/lib/mcpu_jn51xx_sizeopt\libc.a(lib_a-memcpy.o)
                              C:\Users\koumu\AppData\Local\Temp\ccMpaVnH.ltrans0.ltrans.o (memcpy)
e:/2024_缶サット/20240531/mwstage/tools/ba-elf-ba2-r36379.w10/bin/../lib/gcc/ba-elf/4.7.4/mcpu_jn51xx_sizeopt\libgcc.a(__udivsi3.o)
                              C:\Users\koumu\AppData\Local\Temp\ccMpaVnH.ltrans2.ltrans.o (__udivsi3)
e:/2024_缶サット/20240531/mwstage/tools/ba-elf-ba2-r36379.w10/bin/../lib/gcc/ba-elf/4.7.4/mcpu_jn51xx_sizeopt\libgcc.a(__divsi3.o)
                              C:\Users\koumu\AppData\Local\Temp\ccMpaVnH.ltrans3.ltrans.o (__divsi3)

Allocating common symbols
Common symbol       size              file

apvHwIndBufferData  0x2c              AppQueueApi_ToCoNet.o (symbol from plugin)
prMAC_TofMlmeReqHandler
                    0x4               mac_mlme.o (symbol from plugin)
apvMlmeIndBufferData
                    0x14              AppQueueApi_ToCoNet.o (symbol from plugin)
_TWENET_TX_POWER_VALUE
                    0x1               AppStart.o (symbol from plugin)
g_tSpiConfiguration
                    0x4               AHI_Flash.o (symbol from plugin)
u8TAM_TxStatusOverride
                    0x1               TAMevent.o (symbol from plugin)
prMAC_TofRxHandler  0x4               TAMcommon.o (symbol from plugin)
_MAC_u8TxFailReason
                    0x1               mac.o (symbol from plugin)
apvMcpsIndBufferData
                    0x14              AppQueueApi_ToCoNet.o (symbol from plugin)
bAHI_ExtendedTemperatureOperation
                    0x1               AHI_System.o (symbol from plugin)
bMAC_DiscardUnsuccessfulAssocResponses
                    0x1               mac_pmic.o (symbol from plugin)
u8Msq               0x1               TAM_TAT.o (symbol from plugin)
g_bLegacyHwBugEmulation
                    0x1               AES_CCM_Star.o (symbol from plugin)

Discarded input sections

 .text          0x0000000000000000        0x0 objs_RED/_mwx_version.o (symbol from plugin)
 .data          0x0000000000000000        0x0 C:\Users\koumu\AppData\Local\Temp\ccMpaVnH.ltrans0.ltrans.o
 .data          0x0000000000000000        0x0 C:\Users\koumu\AppData\Local\Temp\ccMpaVnH.ltrans1.ltrans.o
 .data          0x0000000000000000        0x0 C:\Users\koumu\AppData\Local\Temp\ccMpaVnH.ltrans3.ltrans.o
 .data          0x0000000000000000        0x0 C:\Users\koumu\AppData\Local\Temp\ccMpaVnH.ltrans4.ltrans.o
 .text.exit     0x0000000000000000        0x3 C:\Users\koumu\AppData\Local\Temp\ccMpaVnH.ltrans4.ltrans.o
 .text.startup  0x0000000000000000      0x101 C:\Users\koumu\AppData\Local\Temp\ccMpaVnH.ltrans4.ltrans.o
 .ctors         0x0000000000000000        0x4 C:\Users\koumu\AppData\Local\Temp\ccMpaVnH.ltrans4.ltrans.o
 .data          0x0000000000000000        0x0 C:\Users\koumu\AppData\Local\Temp\ccMpaVnH.ltrans5.ltrans.o
 .data          0x0000000000000000        0x0 C:\Users\koumu\AppData\Local\Temp\ccMpaVnH.ltrans6.ltrans.o
 .data          0x0000000000000000        0x0 C:\Users\koumu\AppData\Local\Temp\ccMpaVnH.ltrans7.ltrans.o
 .data          0x0000000000000000        0x0 C:\Users\koumu\AppData\Local\Temp\ccMpaVnH.ltrans11.ltrans.o
 .data          0x0000000000000000        0x0 C:\Users\koumu\AppData\Local\Temp\ccMpaVnH.ltrans13.ltrans.o
 .data          0x0000000000000000        0x0 C:\Users\koumu\AppData\Local\Temp\ccMpaVnH.ltrans14.ltrans.o
 .bss           0x0000000000000000        0x0 C:\Users\koumu\AppData\Local\Temp\ccMpaVnH.ltrans14.ltrans.o
 .data          0x0000000000000000        0x0 C:\Users\koumu\AppData\Local\Temp\ccMpaVnH.ltrans15.ltrans.o
 .data          0x0000000000000000        0x0 C:\Users\koumu\AppData\Local\Temp\ccMpaVnH.ltrans17.ltrans.o
 .data          0x0000000000000000        0x0 e:/2024_缶サット/20240531/mwstage/tools/ba-elf-ba2-r36379.w10/bin/../lib/gcc/ba-elf/4.7.4/../../../../ba-elf/lib/mcpu_jn51xx_sizeopt\libc.a(lib_a-memcmp.o)
 .bss           0x0000000000000000        0x0 e:/2024_缶サット/20240531/mwstage/tools/ba-elf-ba2-r36379.w10/bin/../lib/gcc/ba-elf/4.7.4/../../../../ba-elf/lib/mcpu_jn51xx_sizeopt\libc.a(lib_a-memcmp.o)
 .data          0x0000000000000000        0x0 e:/2024_缶サット/20240531/mwstage/tools/ba-elf-ba2-r36379.w10/bin/../lib/gcc/ba-elf/4.7.4/../../../../ba-elf/lib/mcpu_jn51xx_sizeopt\libc.a(lib_a-memcpy.o)
 .bss           0x0000000000000000        0x0 e:/2024_缶サット/20240531/mwstage/tools/ba-elf-ba2-r36379.w10/bin/../lib/gcc/ba-elf/4.7.4/../../../../ba-elf/lib/mcpu_jn51xx_sizeopt\libc.a(lib_a-memcpy.o)
 .data          0x0000000000000000        0x0 e:/2024_缶サット/20240531/mwstage/tools/ba-elf-ba2-r36379.w10/bin/../lib/gcc/ba-elf/4.7.4/mcpu_jn51xx_sizeopt\libgcc.a(__udivsi3.o)
 .bss           0x0000000000000000        0x0 e:/2024_缶サット/20240531/mwstage/tools/ba-elf-ba2-r36379.w10/bin/../lib/gcc/ba-elf/4.7.4/mcpu_jn51xx_sizeopt\libgcc.a(__udivsi3.o)
 .data          0x0000000000000000        0x0 e:/2024_缶サット/20240531/mwstage/tools/ba-elf-ba2-r36379.w10/bin/../lib/gcc/ba-elf/4.7.4/mcpu_jn51xx_sizeopt\libgcc.a(__divsi3.o)
 .bss           0x0000000000000000        0x0 e:/2024_缶サット/20240531/mwstage/tools/ba-elf-ba2-r36379.w10/bin/../lib/gcc/ba-elf/4.7.4/mcpu_jn51xx_sizeopt\libgcc.a(__divsi3.o)
 .text          0x0000000000000000        0x0 objs_RED/act0.o (symbol from plugin)
 .text          0x0000000000000000        0x0 ToCoNet_main.o (symbol from plugin)
 .text          0x0000000000000000        0x0 ToCoNet_utils.o (symbol from plugin)
 .text          0x0000000000000000        0x0 ToCoNet_mod_Nwk_Common.o (symbol from plugin)
 .text          0x0000000000000000        0x0 ToCoNet_mod_Channel_Mgr.o (symbol from plugin)
 .text          0x0000000000000000        0x0 Version.o (symbol from plugin)
 .text          0x0000000000000000        0x0 AppQueueApi_ToCoNet.o (symbol from plugin)
 .text          0x0000000000000000        0x0 ToCoNet_event.o (symbol from plugin)
 .text          0x0000000000000000        0x0 AppStart.o (symbol from plugin)
 .text          0x0000000000000000        0x0 getMacAddr.o (symbol from plugin)
 .text          0x0000000000000000        0x0 mac.o (symbol from plugin)
 .text          0x0000000000000000        0x0 AES_CCM.o (symbol from plugin)
 .text          0x0000000000000000        0x0 no_ack_handler.o (symbol from plugin)
 .text          0x0000000000000000        0x0 Version.o (symbol from plugin)
 .text          0x0000000000000000        0x0 serial.o (symbol from plugin)
 .text          0x0000000000000000        0x0 uart.o (symbol from plugin)
 .text          0x0000000000000000        0x0 ByteQueue.o (symbol from plugin)
 .text          0x0000000000000000        0x0 ccitt8.o (symbol from plugin)
 .text          0x0000000000000000        0x0 utils.o (symbol from plugin)
 .text          0x0000000000000000        0x0 ccm.o (symbol from plugin)
 .text          0x0000000000000000        0x0 Version.o (symbol from plugin)
 .text          0x0000000000000000        0x0 aescrypt.o (symbol from plugin)
 .text          0x0000000000000000        0x0 aeskey.o (symbol from plugin)
 .text          0x0000000000000000        0x0 aestab.o (symbol from plugin)
 .text          0x0000000000000000        0x0 tweinteractive.o (symbol from plugin)
 .text          0x0000000000000000        0x0 tweprintf.o (symbol from plugin)
 .text          0x0000000000000000        0x0 twesercmd_plus3.o (symbol from plugin)
 .text          0x0000000000000000        0x0 tweserial.o (symbol from plugin)
 .text          0x0000000000000000        0x0 twesysutils.o (symbol from plugin)
 .text          0x0000000000000000        0x0 printf.o (symbol from plugin)
 .text          0x0000000000000000        0x0 tweinputstring.o (symbol from plugin)
 .text          0x0000000000000000        0x0 mwx_appcore.o (symbol from plugin)
 .text          0x0000000000000000        0x0 mwx_memory.o (symbol from plugin)
 .text          0x0000000000000000        0x0 mwx_periph_dio.o (symbol from plugin)
 .text          0x0000000000000000        0x0 mwx_periph_buttons.o (symbol from plugin)
 .text          0x0000000000000000        0x0 mwx_periph_analogue.o (symbol from plugin)
 .text          0x0000000000000000        0x0 mwx_stgs_standard.o (symbol from plugin)
 .text          0x0000000000000000        0x0 AppApi.o (symbol from plugin)
 .text          0x0000000000000000        0x0 AppApiSleep.o (symbol from plugin)
 .text          0x0000000000000000        0x0 mac_main.o (symbol from plugin)
 .text          0x0000000000000000        0x0 mac_mcps.o (symbol from plugin)
 .text          0x0000000000000000        0x0 mac_mlme.o (symbol from plugin)
 .text          0x0000000000000000        0x0 mac_pib.o (symbol from plugin)
 .text          0x0000000000000000        0x0 mac_pib_mlme.o (symbol from plugin)
 .text          0x0000000000000000        0x0 mac_pmic.o (symbol from plugin)
 .text          0x0000000000000000        0x0 mac_ind.o (symbol from plugin)
 .text          0x0000000000000000        0x0 mac_scan.o (symbol from plugin)
 .text          0x0000000000000000        0x0 mac_lp.o (symbol from plugin)
 .text          0x0000000000000000        0x0 MCPS.o (symbol from plugin)
 .text          0x0000000000000000        0x0 phy_pib.o (symbol from plugin)
 .text          0x0000000000000000        0x0 TAM.o (symbol from plugin)
 .text          0x0000000000000000        0x0 TAMCO.o (symbol from plugin)
 .text          0x0000000000000000        0x0 TAMDE.o (symbol from plugin)
 .text          0x0000000000000000        0x0 TAM_MEM.o (symbol from plugin)
 .text          0x0000000000000000        0x0 TAM_MLME.o (symbol from plugin)
 .text          0x0000000000000000        0x0 TAM_TAH.o (symbol from plugin)
 .text          0x0000000000000000        0x0 TAM_TAI.o (symbol from plugin)
 .text          0x0000000000000000        0x0 TAM_TAT.o (symbol from plugin)
 .text          0x0000000000000000        0x0 TAMcommon.o (symbol from plugin)
 .text          0x0000000000000000        0x0 TAMevent.o (symbol from plugin)
 .text          0x0000000000000000        0x0 TAMqueue.o (symbol from plugin)
 .text          0x0000000000000000        0x0 TAMrxEnable.o (symbol from plugin)
 .text          0x0000000000000000        0x0 TAMsecurity.o (symbol from plugin)
 .text          0x0000000000000000        0x0 TAMsideways.o (symbol from plugin)
 .text          0x0000000000000000        0x0 TAMtime.o (symbol from plugin)
 .text          0x0000000000000000        0x0 TAM_AES.o (symbol from plugin)
 .text          0x0000000000000000        0x0 Endian.o (symbol from plugin)
 .text          0x0000000000000000        0x0 mac_acl.o (symbol from plugin)
 .text          0x0000000000000000        0x0 mac_misc.o (symbol from plugin)
 .text          0x0000000000000000        0x0 tsv_main.o (symbol from plugin)
 .text          0x0000000000000000        0x0 xcv_main.o (symbol from plugin)
 .text          0x0000000000000000        0x0 xcv_access.o (symbol from plugin)
 .text          0x0000000000000000        0x0 xcv_isr.o (symbol from plugin)
 .text          0x0000000000000000        0x0 MMAC.o (symbol from plugin)
 .text          0x0000000000000000        0x0 MMAC_RadioInit_JN5169.o (symbol from plugin)
 .text          0x0000000000000000        0x0 JPT_RadioTxPowerTests.o (symbol from plugin)
 .text          0x0000000000000000        0x0 JPT_RadioSettings_JN5169.o (symbol from plugin)
 .text          0x0000000000000000        0x0 AEScoprocessorCCM.o (symbol from plugin)
 .text          0x0000000000000000        0x0 AES_CCM_Star.o (symbol from plugin)
 .text          0x0000000000000000        0x0 AEScoprocessorAPI.o (symbol from plugin)
 .text          0x0000000000000000        0x0 AHI_Analogue.o (symbol from plugin)
 .text          0x0000000000000000        0x0 AHI_BrownOut.o (symbol from plugin)
 .text          0x0000000000000000        0x0 AHI_Dio.o (symbol from plugin)
 .text          0x0000000000000000        0x0 AHI_PulseCounter.o (symbol from plugin)
 .text          0x0000000000000000        0x0 AHI_Reset.o (symbol from plugin)
 .text          0x0000000000000000        0x0 AHI_Spi.o (symbol from plugin)
 .text          0x0000000000000000        0x0 AHI_System.o (symbol from plugin)
 .text          0x0000000000000000        0x0 AHI_Timer.o (symbol from plugin)
 .text          0x0000000000000000        0x0 AHI_TimerInt.o (symbol from plugin)
 .text          0x0000000000000000        0x0 AHI_Uart.o (symbol from plugin)
 .text          0x0000000000000000        0x0 AHI_WakeTimer.o (symbol from plugin)
 .text          0x0000000000000000        0x0 AHI_Flash.o (symbol from plugin)
 .text          0x0000000000000000        0x0 AHI_Infrared.o (symbol from plugin)
 .text          0x0000000000000000        0x0 AHI_DO.o (symbol from plugin)
 .text          0x0000000000000000        0x0 InternalFlashApi.o (symbol from plugin)
 .text          0x0000000000000000        0x0 AHI_FlashIndexSector.o (symbol from plugin)
 .text          0x0000000000000000        0x0 AHI_Si.o (symbol from plugin)
 .text          0x0000000000000000        0x0 AHI_TickTimer.o (symbol from plugin)
 .data          0x0000000000000000        0x0 E:/2024_缶サット/20240531/MWSTAGE/MWSDK/ChipLib/SW4063V1416/Components/Library\libHardwareApi_JN5169.a(AHI_Interrupt.o)
 .bss           0x0000000000000000        0x0 E:/2024_缶サット/20240531/MWSTAGE/MWSDK/ChipLib/SW4063V1416/Components/Library\libHardwareApi_JN5169.a(AHI_Interrupt.o)
 .text          0x0000000000000000        0x0 AHI_Init.o (symbol from plugin)
 .text          0x0000000000000000        0x0 AHI_SpiSlave.o (symbol from plugin)
 .text          0x0000000000000000        0x0 MicroInt_ba.o (symbol from plugin)
 .text          0x0000000000000000        0x0 E:/2024_缶サット/20240531/MWSTAGE/MWSDK/ChipLib/SW4063V1416/Components/Library\libMicroSpecific_JN516x.a(MicroSyscall_ba.o)
 .data          0x0000000000000000        0x0 E:/2024_缶サット/20240531/MWSTAGE/MWSDK/ChipLib/SW4063V1416/Components/Library\libMicroSpecific_JN516x.a(MicroSyscall_ba.o)
 .bss           0x0000000000000000        0x0 E:/2024_缶サット/20240531/MWSTAGE/MWSDK/ChipLib/SW4063V1416/Components/Library\libMicroSpecific_JN516x.a(MicroSyscall_ba.o)
 .text          0x0000000000000000        0x0 Heap.o (symbol from plugin)
 .text          0x0000000000000000        0x0 E:/2024_缶サット/20240531/MWSTAGE/MWSDK/ChipLib/SW4063V1416/Components/Library\libBoot_JN516x.a(ExceptionHandler.o)
 .data          0x0000000000000000        0x0 E:/2024_缶サット/20240531/MWSTAGE/MWSDK/ChipLib/SW4063V1416/Components/Library\libBoot_JN516x.a(ExceptionHandler.o)
 .bss           0x0000000000000000        0x0 E:/2024_缶サット/20240531/MWSTAGE/MWSDK/ChipLib/SW4063V1416/Components/Library\libBoot_JN516x.a(ExceptionHandler.o)
 .text          0x0000000000000000        0x0 ToCoNet_mod_Tx.o (symbol from plugin)
 .text          0x0000000000000000        0x0 ToCoNet_mod_TxRxQueue.o (symbol from plugin)
 .text          0x0000000000000000        0x0 tweserial_jen.o (symbol from plugin)
 .text          0x0000000000000000        0x0 AppHousekeeping.o (symbol from plugin)
 .text          0x0000000000000000        0x0 AEScoprocessorAPIinterrupts.o (symbol from plugin)
 .data          0x0000000000000000        0x0 e:/2024_缶サット/20240531/mwstage/tools/ba-elf-ba2-r36379.w10/bin/../lib/gcc/ba-elf/4.7.4/../../../../ba-elf/lib/mcpu_jn51xx_sizeopt\libc.a(lib_a-memset.o)
 .bss           0x0000000000000000        0x0 e:/2024_缶サット/20240531/mwstage/tools/ba-elf-ba2-r36379.w10/bin/../lib/gcc/ba-elf/4.7.4/../../../../ba-elf/lib/mcpu_jn51xx_sizeopt\libc.a(lib_a-memset.o)

Memory Configuration

Name             Origin             Length             Attributes
flash            0x0000000000080000 0x0000000000080000
ram              0x000000000400004c 0x0000000000007fb4
*default*        0x0000000000000000 0xffffffffffffffff

Linker script and memory map

LOAD objs_RED/_mwx_version.o
LOAD C:\Users\koumu\AppData\Local\Temp\ccMpaVnH.ltrans0.ltrans.o
LOAD C:\Users\koumu\AppData\Local\Temp\ccMpaVnH.ltrans1.ltrans.o
LOAD C:\Users\koumu\AppData\Local\Temp\ccMpaVnH.ltrans2.ltrans.o
LOAD C:\Users\koumu\AppData\Local\Temp\ccMpaVnH.ltrans3.ltrans.o
LOAD C:\Users\koumu\AppData\Local\Temp\ccMpaVnH.ltrans4.ltrans.o
LOAD C:\Users\koumu\AppData\Local\Temp\ccMpaVnH.ltrans5.ltrans.o
LOAD C:\Users\koumu\AppData\Local\Temp\ccMpaVnH.ltrans6.ltrans.o
LOAD C:\Users\koumu\AppData\Local\Temp\ccMpaVnH.ltrans7.ltrans.o
LOAD C:\Users\koumu\AppData\Local\Temp\ccMpaVnH.ltrans8.ltrans.o
LOAD C:\Users\koumu\AppData\Local\Temp\ccMpaVnH.ltrans9.ltrans.o
LOAD C:\Users\koumu\AppData\Local\Temp\ccMpaVnH.ltrans10.ltrans.o
LOAD C:\Users\koumu\AppData\Local\Temp\ccMpaVnH.ltrans11.ltrans.o
LOAD C:\Users\koumu\AppData\Local\Temp\ccMpaVnH.ltrans12.ltrans.o
LOAD C:\Users\koumu\AppData\Local\Temp\ccMpaVnH.ltrans13.ltrans.o
LOAD C:\Users\koumu\AppData\Local\Temp\ccMpaVnH.ltrans14.ltrans.o
LOAD C:\Users\koumu\AppData\Local\Temp\ccMpaVnH.ltrans15.ltrans.o
LOAD C:\Users\koumu\AppData\Local\Temp\ccMpaVnH.ltrans16.ltrans.o
LOAD C:\Users\koumu\AppData\Local\Temp\ccMpaVnH.ltrans17.ltrans.o
LOAD e:/2024_缶サット/20240531/mwstage/tools/ba-elf-ba2-r36379.w10/bin/../lib/gcc/ba-elf/4.7.4/../../../../ba-elf/lib/mcpu_jn51xx_sizeopt\libc.a
LOAD e:/2024_缶サット/20240531/mwstage/tools/ba-elf-ba2-r36379.w10/bin/../lib/gcc/ba-elf/4.7.4/mcpu_jn51xx_sizeopt\libgcc.a
LOAD e:/2024_缶サット/20240531/mwstage/tools/ba-elf-ba2-r36379.w10/bin/../lib/gcc/ba-elf/4.7.4/../../../../ba-elf/lib/mcpu_jn51xx_sizeopt\libc.a
LOAD objs_RED/act0.o
LOAD E:/2024_缶サット/20240531/MWSTAGE/MWSDK/TWENET/current/lib/libTWENET_RED.a
LOAD E:/2024_缶サット/20240531/MWSTAGE/MWSDK/TWENET/current/lib/libTWENEText_RED.a
LOAD E:/2024_缶サット/20240531/MWSTAGE/MWSDK/TWENET/current/lib/libTWENETutils_RED.a
LOAD E:/2024_缶サット/20240531/MWSTAGE/MWSDK/TWENET/current/lib/libTWENETstgs_RED.a
LOAD E:/2024_缶サット/20240531/MWSTAGE/MWSDK/TWENET/current/lib/libmwx_RED.a
LOAD E:/2024_缶サット/20240531/MWSTAGE/MWSDK/TWENET/current/lib/libEASTL_RED.a
START GROUP
LOAD E:/2024_缶サット/20240531/MWSTAGE/MWSDK/ChipLib/SW4063V1416/Components/Library\libAppApi_JN5169.a
LOAD E:/2024_缶サット/20240531/MWSTAGE/MWSDK/ChipLib/SW4063V1416/Components/Library\libMAC_JN5169.a
LOAD E:/2024_缶サット/20240531/MWSTAGE/MWSDK/ChipLib/SW4063V1416/Components/Library\libTimerServer_JN516x.a
LOAD E:/2024_缶サット/20240531/MWSTAGE/MWSDK/ChipLib/SW4063V1416/Components/Library\libTOF_JN516x.a
LOAD E:/2024_缶サット/20240531/MWSTAGE/MWSDK/ChipLib/SW4063V1416/Components/Library\libXcv_JN5169.a
LOAD E:/2024_缶サット/20240531/MWSTAGE/MWSDK/ChipLib/SW4063V1416/Components/Library\libMMAC_JN5169.a
LOAD E:/2024_缶サット/20240531/MWSTAGE/MWSDK/ChipLib/SW4063V1416/Components/Library\libJPT_JN5169.a
LOAD E:/2024_缶サット/20240531/MWSTAGE/MWSDK/ChipLib/SW4063V1416/Components/Library\libAes_JN516x.a
LOAD E:/2024_缶サット/20240531/MWSTAGE/MWSDK/ChipLib/SW4063V1416/Components/Library\libHardwareApi_JN5169.a
LOAD E:/2024_缶サット/20240531/MWSTAGE/MWSDK/ChipLib/SW4063V1416/Components/Library\libMicroSpecific_JN516x.a
LOAD E:/2024_缶サット/20240531/MWSTAGE/MWSDK/ChipLib/SW4063V1416/Components/Library\libBoot_JN516x.a
LOAD E:/2024_缶サット/20240531/MWSTAGE/MWSDK/ChipLib/SW4063V1416/Components/Library\libPDM_EEPROM_JN516x_NO_RTOS.a
LOAD E:/2024_缶サット/20240531/MWSTAGE/MWSDK/TWENET/current/lib/libTWENET_RED.a
LOAD E:/2024_缶サット/20240531/MWSTAGE/MWSDK/TWENET/current/lib/libTWENEText_RED.a
LOAD E:/2024_缶サット/20240531/MWSTAGE/MWSDK/TWENET/current/lib/libTWENETutils_RED.a
LOAD E:/2024_缶サット/20240531/MWSTAGE/MWSDK/TWENET/current/lib/libTWENETstgs_RED.a
LOAD E:/2024_缶サット/20240531/MWSTAGE/MWSDK/TWENET/current/lib/libmwx_RED.a
LOAD E:/2024_缶サット/20240531/MWSTAGE/MWSDK/TWENET/current/lib/libEASTL_RED.a
END GROUP
LOAD e:/2024_缶サット/20240531/mwstage/tools/ba-elf-ba2-r36379.w10/bin/../lib/gcc/ba-elf/4.7.4/../../../../ba-elf/lib/mcpu_jn51xx_sizeopt\libstdc++.a
LOAD e:/2024_缶サット/20240531/mwstage/tools/ba-elf-ba2-r36379.w10/bin/../lib/gcc/ba-elf/4.7.4/../../../../ba-elf/lib/mcpu_jn51xx_sizeopt\libm.a
LOAD e:/2024_缶サット/20240531/mwstage/tools/ba-elf-ba2-r36379.w10/bin/../lib/gcc/ba-elf/4.7.4/../../../../ba-elf/lib/mcpu_jn51xx_sizeopt\libc.a
LOAD e:/2024_缶サット/20240531/mwstage/tools/ba-elf-ba2-r36379.w10/bin/../lib/gcc/ba-elf/4.7.4/mcpu_jn51xx_sizeopt\libgcc.a
LOAD e:/2024_缶サット/20240531/mwstage/tools/ba-elf-ba2-r36379.w10/bin/../lib/gcc/ba-elf/4.7.4/../../../../ba-elf/lib/mcpu_jn51xx_sizeopt\libc.a
                0x0000000000000800                _stack_size = 0x800
                0x0000000000080038                exception_vsr_table = 0x80038
                0x0000000004000000                pSPIflashFncTable = 0x4000000
                0x0000000000000044                restore_state = 0x44
                0x000000000000004a                bZSPIWaitWIPClear = 0x4a
                0x0000000000000050                u16ZSPIflashRDID = 0x50
                0x0000000000000056                u8SelectFlashChipType = 0x56
                0x000000000000005c                memcpy = 0x5c
                0x0000000000000066                vBootFlashProg = 0x66
                [0x0000000000000d16]                __minimum_heap_size = DEFINED (__minimum_heap_size)?__minimum_heap_size:0xd16
                [0x0000000000000800]                __stack_size = DEFINED (__stack_size)?__stack_size:0x800
                0x0000000000000000                _SwConfig = (DEFINED (g_bSWConf_Debug) | (DEFINED (g_bSWConf_AltDebugPort) << 0x1))

.version        0x000000000007fffc        0x4
                0x000000000007fffc        0x4 LONG 0xf03000b

.bir            0x0000000000080000       0x10
                0x0000000000080000                _flash_start = ABSOLUTE (.)
                0x0000000000080000                _flash_beg = ABSOLUTE (.)
                0x0000000000080000        0x4 LONG 0x12345678
                0x0000000000080004        0x4 LONG 0x11223344
                0x0000000000080008        0x4 LONG 0x55667788
                0x000000000008000c        0x1 BYTE 0x8
                0x000000000008000d        0x1 BYTE 0x1
                0x000000000008000e        0x2 SHORT 0x0

.flashheader    0x0000000000080010       0x28
                0x0000000000080010        0x4 LONG 0x0
                0x0000000000080014        0x4 LONG 0x0
                0x0000000000080018        0x4 LONG 0x0
                0x000000000008001c        0x2 SHORT 0x0
                0x000000000008001e        0x2 SHORT 0x0 ABSOLUTE (_SwConfig)
                0x0000000000080020                _enc_start = ABSOLUTE (.)
                0x0000000000080020        0x4 LONG 0xb514 ABSOLUTE (_image_len)
                0x0000000000080024        0x4 LONG 0x8b508 ABSOLUTE (_flash_data_start)
                0x0000000000080028        0x2 SHORT 0x13 ((ABSOLUTE (_ram_data_start) / 0x4) & 0xffff)
                0x000000000008002a        0x2 SHORT 0x3 ((ABSOLUTE (_ram_data_len) / 0x4) & 0xffff)
                0x000000000008002c        0x2 SHORT 0x16 ((ABSOLUTE (_bss_start) / 0x4) & 0xffff)
                0x000000000008002e        0x2 SHORT 0x576 ((ABSOLUTE (_bss_len) / 0x4) & 0xffff)
                0x0000000000080030        0x4 LONG 0x85594 ABSOLUTE (AppWarmStart)
                0x0000000000080034        0x4 LONG 0x82dbe ABSOLUTE (AppColdStart)
                0x0000000000000000                _enc_offset = (_enc_start & 0xf)
                0x0000000000000044                PROVIDE (vException_BusError, restore_state)
                0x0000000000000044                PROVIDE (vException_UnalignedAccess, restore_state)
                0x0000000000000044                PROVIDE (vException_IllegalInstruction, restore_state)
                0x0000000000000044                PROVIDE (vException_SysCall, restore_state)
                0x0000000000000044                PROVIDE (vException_Trap, restore_state)
                0x0000000000000044                PROVIDE (vException_StackOverflow, restore_state)
                0x0000000000080038                . = ABSOLUTE (exception_vsr_table)

.vsr_table      0x0000000000080038       0x18
                0x0000000000080038        0x4 LONG 0x44 ABSOLUTE (vException_BusError)
                0x000000000008003c        0x4 LONG 0x44 ABSOLUTE (vException_UnalignedAccess)
                0x0000000000080040        0x4 LONG 0x44 ABSOLUTE (vException_IllegalInstruction)
                0x0000000000080044        0x4 LONG 0x44 ABSOLUTE (vException_SysCall)
                0x0000000000080048        0x4 LONG 0x44 ABSOLUTE (vException_Trap)
                0x000000000008004c        0x4 LONG 0x44 ABSOLUTE (vException_StackOverflow)

.vsr_handlers   0x0000000000080050       0xaa
 *(.vsr_handlers)
 .vsr_handlers  0x0000000000080050       0xaa E:/2024_缶サット/20240531/MWSTAGE/MWSDK/ChipLib/SW4063V1416/Components/Library\libBoot_JN516x.a(ExceptionHandler.o)
                0x0000000000080050                _exception_external_interrupt
                0x00000000000800f8                _default_vsr_dummy

.rodata         0x00000000000800fc      0x494
 *(.rodata*)
 .rodata        0x00000000000800fc      0x1cb C:\Users\koumu\AppData\Local\Temp\ccMpaVnH.ltrans0.ltrans.o
 *fill*         0x00000000000802c7        0x1 00
 .rodata        0x00000000000802c8       0xd4 C:\Users\koumu\AppData\Local\Temp\ccMpaVnH.ltrans1.ltrans.o
                0x00000000000802c8                s_aprScanHandleEvt.12978
                0x00000000000802f8                apvActionCalls
                0x0000000000080380                aprLPBMacVectorRamTable
                0x0000000000080394                psTamMacContext
                0x0000000000080398                psTAMcontext
 .rodata        0x000000000008039c        0x3 C:\Users\koumu\AppData\Local\Temp\ccMpaVnH.ltrans2.ltrans.o
 .rodata.str1.1
                0x000000000008039f       0x11 C:\Users\koumu\AppData\Local\Temp\ccMpaVnH.ltrans3.ltrans.o
 .rodata        0x00000000000803b0       0x7c C:\Users\koumu\AppData\Local\Temp\ccMpaVnH.ltrans3.ltrans.o
                0x00000000000803e4                u32MacLow_TOCOS
                0x00000000000803e8                u32MacHigh_TOCOS
 .rodata        0x000000000008042c       0x28 C:\Users\koumu\AppData\Local\Temp\ccMpaVnH.ltrans4.ltrans.o
                0x000000000008042c                au32TimerBaseAddress
                0x0000000000080440                CSWTCH.35.23567.23567
 .rodata        0x0000000000080454        0x4 C:\Users\koumu\AppData\Local\Temp\ccMpaVnH.ltrans5.ltrans.o
 .rodata        0x0000000000080458       0x14 C:\Users\koumu\AppData\Local\Temp\ccMpaVnH.ltrans6.ltrans.o
 .rodata        0x000000000008046c        0x6 C:\Users\koumu\AppData\Local\Temp\ccMpaVnH.ltrans7.ltrans.o
                0x000000000008046c                aeXcvPhyEvtToScanEvt.5424.12981
 *fill*         0x0000000000080472        0x2 00
 .rodata        0x0000000000080474       0x24 C:\Users\koumu\AppData\Local\Temp\ccMpaVnH.ltrans8.ltrans.o
                0x000000000008047c                psTamXcvContext
 .rodata        0x0000000000080498       0x80 C:\Users\koumu\AppData\Local\Temp\ccMpaVnH.ltrans9.ltrans.o
 .rodata        0x0000000000080518        0x4 C:\Users\koumu\AppData\Local\Temp\ccMpaVnH.ltrans10.ltrans.o
 .rodata.str1.1
                0x000000000008051c       0x16 C:\Users\koumu\AppData\Local\Temp\ccMpaVnH.ltrans12.ltrans.o
 .rodata        0x0000000000080532        0xa C:\Users\koumu\AppData\Local\Temp\ccMpaVnH.ltrans14.ltrans.o
 .rodata.str1.1
                0x000000000008053c       0x11 C:\Users\koumu\AppData\Local\Temp\ccMpaVnH.ltrans16.ltrans.o
                                         0x22 (size before relaxing)
 *fill*         0x000000000008054d        0x3 00
 .rodata        0x0000000000080550       0x38 C:\Users\koumu\AppData\Local\Temp\ccMpaVnH.ltrans16.ltrans.o
                0x0000000000080550                asStateFuncTbl.24732
 .rodata        0x0000000000080588        0x8 C:\Users\koumu\AppData\Local\Temp\ccMpaVnH.ltrans17.ltrans.o
                0x0000000000080588                au32UartAddrOffset

.text           0x0000000000080590     0xaf78
 *(.text*)
 .text          0x0000000000080590     0x125a C:\Users\koumu\AppData\Local\Temp\ccMpaVnH.ltrans0.ltrans.o
                0x0000000000080590                vTTIBLETimerExpired
                0x000000000008059b                mac_vLPBAdjustBeaconOffset
                0x00000000000805f8                mac_u32LPBGetBeaconTimeout
                0x0000000000080601                eWEnDTmrExpiry.12619
                0x000000000008060c                eWEnDEdDone.12616
                0x0000000000080667                eGenlDontCare.12613
                0x000000000008066c                eGenlIllegal.12238
                0x0000000000080673                u32GetTimer0
                0x000000000008067a                vSetTimer0
                0x0000000000080689                vHandlerPatch.4121
                0x00000000000806c0                vACI_CmdWaitBusy
                0x00000000000806cd                vEcbEncodeStripe.22787
                0x0000000000080724                vTAIdisableInterrupt
                0x000000000008073d                psRemove.part.0.22178
                0x000000000008076c                MAC_u8AclFindInfo
                0x0000000000080896                vTASretrieveSecurity
                0x00000000000808b8                MAC_bLookUpKeyDescriptor.19730
                0x0000000000080932                u8TSCframeIncrease
                0x000000000008096b                vCopyToDataFromMacAddr.19640
                0x000000000008099e                bTSCgetOutgoingInfo
                0x0000000000080aa7                psTAQsearchFifo
                0x0000000000080af0                bTAQremoveFromFifo
                0x0000000000080b2d                vTAMinsertEvent
                0x0000000000080b93                vTTITimer2Expired
                0x0000000000080b97                vTTITimer1Expired
                0x0000000000080b9b                vTAM_TxRetryTimeout
                0x0000000000080b9f                vTACsetTxFrameDefaults
                0x0000000000080bc5                u8TACgetHeaderSize
                0x0000000000080c02                bUpdateTime.17958
                0x0000000000080c3d                u32TACpayloadToU32M
                0x0000000000080c5e                vTACu32ToPayloadM
                0x0000000000080c76                vTACbuildBeacon
                0x0000000000080e7e                bTACframeInProgress
                0x0000000000080ea8                bTACassessBeaconForPayload
                0x0000000000080ef9                bIsBbcSafeForTx
                0x0000000000080f2e                vTATwriteAclMaterialToHardware
                0x0000000000080f53                vTATsetBLE
                0x0000000000080f8a                vTATgetFramePayload
                0x0000000000080fa7                eTATreadTXstatus
                0x0000000000080fed                vTAHsetPhyStateDirect.part.0.17099
                0x0000000000081009                vDoGoOff.18920
                0x0000000000081023                vMEMreturn
                0x0000000000081094                vTACinformOriginator
                0x00000000000810b6                vTTITransactionTimerExpired
                0x00000000000810de                pvMEMget
                0x000000000008110a                vTAMDEdetermineNullState
                0x0000000000081124                vTAMCOupdatePendingList
                0x00000000000811f6                vTAMCOsetCoordinator
                0x000000000008121c                eScanHandleEvt.part.0.12649
                0x0000000000081245                mac_eDcfmIndPost
                0x0000000000081266                mac_psDcfmIndGetBuf
                0x0000000000081287                vMAC_MISCpollConfirm
                0x00000000000812b7                vMLMErxEnableConfirm
                0x00000000000812e9                vMLMEcommStatus
                0x000000000008134c                vMLMEcommStatusFromFrame
                0x0000000000081390                vTSCpostTransmitUpdate
                0x00000000000813bf                vMLMEsyncLoss
                0x00000000000813f2                vPMICpostFailedAssocDcfm
                0x000000000008142a                vPMICassocReqTO_2.11066
                0x0000000000081441                MAC_vPibSetPanId
                0x000000000008145c                vHandleTofRequest.9172
                0x000000000008145f                vAppApiDefSetPrbsSeed
                0x0000000000081483                _ZN3mwx2L113serial_parserINS0_10alloc_heapIhEEEC1Ev.local.16
                0x00000000000814a5                _ZN3mwx2L16twenetC1Ev.local.22
                0x000000000008153c                _ZN3mwx2L110serial_jenC1Eh.local.71
                0x000000000008156c                _ZN3mwx2L115periph_analogueC1Ev.local.89
                0x0000000000081597                _ZN3mwx2L112appdefs_virt8on_eventEmRm.local.98
                0x00000000000815af                _ZN3mwx2L112appdefs_virt18cbToCoNet_vHwEventEmm.local.100
                0x00000000000815c7                _ZN3mwx2L112appdefs_virt18cbToCoNet_vTxEventERNS0_12packet_ev_txE.local.101
                0x00000000000815df                _ZN3mwx2L112appdefs_virt19cbToCoNet_vNwkEventERNS0_13packet_ev_nwkE.local.103
                0x00000000000815f7                u8CCITT8
                0x000000000008161d                bAES_CCM_KeyReg
                0x000000000008165c                PRSEV_vSetState
                0x000000000008166c                PRSEV_vProcessEv_core.2977
                0x000000000008170e                PRSEV_vProcessEvPost
                0x0000000000081740                bFifoPush.2718
                0x0000000000081779                vAppQApiPostMlme.2704
                0x0000000000081798                vAppQApiPostMcps.2711
                0x00000000000817b3                pvFifoPull.2715
                0x00000000000817da                psAppQApiGetMlmeBuffer.2701
                0x00000000000817e2                psAppQApiGetMcpsBuffer.2708
 .text.unlikely
                0x00000000000817ea       0x65 C:\Users\koumu\AppData\Local\Temp\ccMpaVnH.ltrans0.ltrans.o
                0x00000000000817ea                _ZN3mwx2L112appdefs_virt18cbToCoNet_vRxEventERNS0_9packet_rxE.local.102
                0x0000000000081802                PRSEV_u8Register
                0x0000000000081840                _PRSEV_vProcessEvSingleH
 *fill*         0x000000000008184f        0x1 00
 .text          0x0000000000081850      0xba4 C:\Users\koumu\AppData\Local\Temp\ccMpaVnH.ltrans1.ltrans.o
                0x0000000000081850                eWBRTTxDone.12635
                0x000000000008186e                vTAMCOframeTXgoingIdle
                0x0000000000081887                vTAMCOframeTXcap
                0x00000000000818ac                eWCoRRxDone.12626
                0x0000000000081956                eWBcnRxDone.12638
                0x0000000000081f42                vTAMCOframeRXcap
                0x0000000000081f54                vTAMCOframeRXgoingIdle
                0x0000000000081f6a                vTAMCOframeRXnobeacon
                0x0000000000081f7c                vTAMDEframeRX
                0x0000000000081fa4                vTAMDEframeRXtrackingDR
                0x0000000000081fe7                vTAMDEframePreSyncReq
                0x0000000000081fff                vTAMCOframeTXbeacon
                0x00000000000820c6                vTAMDEframeRXsyncReq
                0x0000000000082315                vTAMDEint1FiredTrackingCAPgts
                0x00000000000823c6                eWONTTxDone.12632
 .text          0x00000000000823f4      0x8ea C:\Users\koumu\AppData\Local\Temp\ccMpaVnH.ltrans2.ltrans.o
                0x00000000000823f4                vHnd_E_STATE_RUNNING.24708
                0x000000000008263e                SERIAL_vTxReady
                0x000000000008269f                vAppQApiPostHwIntT.2697
                0x0000000000082772                TWETERM_iGetC.25074
                0x00000000000827d5                vRxChar.4146
                0x0000000000082826                vXCV_IntHandlerPhy
                0x00000000000828d8                vScanHandleTimer.12235
                0x00000000000828dd                cbAppColdStart.part.32.6510
                0x0000000000082ac7                ToCoNet_vMacStart
                0x0000000000082ae0                _ZN3mwx2L110serial_jen13_set_baudrateEt.isra.2.5850
                0x0000000000082b91                u8TAM_AES_WriteAuxilliarySecurityHeaderIntoBuffer
                0x0000000000082c03                u32AHI_ReadIndexSectorBits.constprop.139
                0x0000000000082c64                vTAIsetCapTime
                0x0000000000082c85                vDoGoActive.18922
                0x0000000000082ca8                vTAMRXEint2Fired
 .text.unlikely
                0x0000000000082cde       0x79 C:\Users\koumu\AppData\Local\Temp\ccMpaVnH.ltrans2.ltrans.o
                0x0000000000082cde                Delay.23232.constprop.169
 .text          0x0000000000082d57      0x5c5 C:\Users\koumu\AppData\Local\Temp\ccMpaVnH.ltrans3.ltrans.o
                0x0000000000082d57                vProcessEvCoreMac
                0x0000000000082dbe                AppColdStart
 .text.unlikely
                0x000000000008331c      0x43b C:\Users\koumu\AppData\Local\Temp\ccMpaVnH.ltrans3.ltrans.o
                0x000000000008331c                ToCoNet_vStart
 *fill*         0x0000000000083757        0x1 00
 .text          0x0000000000083758      0x4cc C:\Users\koumu\AppData\Local\Temp\ccMpaVnH.ltrans4.ltrans.o
                0x0000000000083758                TWETERM_iPutS.25066
                0x000000000008377d                TWETERM_iPutC.25070
                0x000000000008378e                vAppApiDefMlmeRequest
                0x00000000000837b9                pvAppApiDefGetMacHandle
                0x00000000000837c2                vTimerConfig
                0x00000000000839cd                cbAppWarmStart.part.28.6289
 .text.unlikely
                0x0000000000083c24      0x32c C:\Users\koumu\AppData\Local\Temp\ccMpaVnH.ltrans4.ltrans.o
                0x0000000000083c41                vProcessIncomingHwEvent.1967
                0x0000000000083f3b                _ZN3mwx2L110serial_jen5writeEi.local.110.constprop.207
 .text          0x0000000000083f50      0xabf C:\Users\koumu\AppData\Local\Temp\ccMpaVnH.ltrans5.ltrans.o
                0x0000000000083f50                vTACintRXheader
                0x000000000008488e                vHnd_E_STATE_FINISH_TX_FAIL.24677
                0x0000000000084949                vHnd_E_STATE_FINISH_TX_SUCCESS.24682
                0x00000000000849e0                bStartCallback.15310
 .text          0x0000000000084a0f      0xa5c C:\Users\koumu\AppData\Local\Temp\ccMpaVnH.ltrans6.ltrans.o
                0x0000000000084a0f                UART_vHandleUartInterrupt.4248
                0x0000000000084a96                bAES_CCM_EncodeKey
                0x0000000000084b43                vTAIsetRxEnableTime
                0x0000000000084b64                _ZN3mwx2L115periph_analogue5setupEbhPFvvE.local.88.constprop.151
                0x0000000000084bfe                bAHI_ReadMACID
                0x0000000000084c44                vTAMRXEsetPhy
                0x0000000000084d07                vTAHsetPhyState
                0x0000000000084d37                vTAMCOint2Fired
                0x0000000000084d57                vSetPHYfromMacValue.15756
                0x0000000000084d89                vTAMDEint1FiredWaitDR
                0x0000000000084d96                vTACsetPHYfromMacValue
                0x0000000000084db7                vTAMRXEsetReceiveForPibChange
                0x0000000000084df7                _ZN3mwx2L114periph_twowireC1Eh.local.40
                0x0000000000084e34                vMLMEbeaconNotify
                0x0000000000084f92                vMCPSframeReceived
                0x0000000000085055                vExpireHead.22183
                0x0000000000085085                vXCV_IntHandlerBbc
                0x0000000000085128                ToCoNet_vInit
 .text.unlikely
                0x000000000008546b       0x54 C:\Users\koumu\AppData\Local\Temp\ccMpaVnH.ltrans6.ltrans.o
                0x000000000008546b                u32AppQApiInitInt_PATCH
                0x000000000008547a                vAHI_MemoryHold.23331
 *fill*         0x00000000000854bf        0x1 00
 .text          0x00000000000854c0      0xa84 C:\Users\koumu\AppData\Local\Temp\ccMpaVnH.ltrans7.ltrans.o
                0x00000000000854c0                vPostDcfm.12622
                0x0000000000085594                AppWarmStart
                0x0000000000085664                vSetNextChannel.12670
                0x00000000000856bd                MAC_vHandleMlmeReqRsp
                0x0000000000085e6d                vTAMDEint1FiredTracking
                0x0000000000085edd                vTAMDEint1FiredSyncReq
 .text          0x0000000000085f44      0x9a4 C:\Users\koumu\AppData\Local\Temp\ccMpaVnH.ltrans8.ltrans.o
                0x0000000000085f44                vTAMDEint2FiredTrackingDR
                0x0000000000085f6a                vTAMDEint2FiredPollActive
                0x0000000000085f9f                vTAMDEreqTXnullTrackingCAP
                0x0000000000085fb9                eTAMselect
                0x00000000000860f8                MAC_pvCtor
                0x0000000000086521                u32AppApiDefInit
                0x00000000000865ec                _ToCoNet_vMacInit
                0x0000000000086652                _ToCoNet_vRfConfig
                0x00000000000867ed                vTAMDEint1FiredTrackingBeacon
                0x000000000008688d                vTAMDEframeTXtrackingDR
 .text          0x00000000000868e8      0xb91 C:\Users\koumu\AppData\Local\Temp\ccMpaVnH.ltrans9.ltrans.o
                0x00000000000868fd                vProcessEvCoreTx.24669
                0x0000000000086982                bAHI_SetClockRate
                0x0000000000086a8d                vAHI_DoSetPullup.constprop.215
                0x0000000000086aad                vAHI_DioWakeEnable.constprop.214
                0x0000000000086ac1                vMicroIntEnableOnly.constprop.212
                0x0000000000086aed                vMMAC_SetChannelAndPower
                0x0000000000086c96                vPhySetChannel
                0x0000000000086cb5                QUEUE__u8RemoveItem.part.1.4323
                0x0000000000086cf0                QUEUE__vAddItem.constprop.211
                0x0000000000086d22                _ToCoNet_bRfChChannel
                0x0000000000086db7                ToCoNet_ChMgr_bCh_Reconfig
                0x0000000000086e1f                ToCoNet_ChMgr_vCh_TxFin
                0x0000000000086e4b                vHnd_E_STATE_WAIT_TX.24700
                0x0000000000086ebb                vHnd_E_STATE_IDLE.24692
                0x0000000000086f1f                vAHI_ProtocolPower.constprop.199
                0x0000000000086f2d                vMMAC_ConfigureRadio
                0x00000000000870d8                _ZN3mwx2L115periph_analogue10_adc_startEv.local.7.constprop.189
                0x00000000000871c1                mwx::L1::periph_analogue::ADC_handler(unsigned long, unsigned long)
                0x0000000000087208                u8HwEventHandler.1798
                0x00000000000872b0                vTimerStart
                0x00000000000873c9                vAHI_TimerEnable.part.1.23434.constprop.172
                0x0000000000087434                _ZN3mwx2L16twenet5beginEv.local.76.constprop.137
 .text          0x0000000000087479      0x9fb C:\Users\koumu\AppData\Local\Temp\ccMpaVnH.ltrans10.ltrans.o
                0x0000000000087479                mac_vLPBStartTimer
                0x00000000000877a4                vTimerCallback.23214
                0x000000000008781a                pvHeap_Alloc
                0x000000000008781c                operator new(unsigned long)
                0x000000000008783f                u32AHI_Init
                0x0000000000087901                vMicroIntRestoreState
                0x000000000008790d                bAHI_DoEnableOutputs
                0x0000000000087936                u8AHI_WakeTimerFiredStatus
                0x000000000008794a                vAHI_WakeTimerStop.part.3.23899
                0x000000000008796a                mac_vLPBStopTimer
                0x0000000000087974                vAHI_UartSetClocksPerBit.part.18.23695
                0x000000000008799b                vAHI_UartSetRTSCTS.part.15.23680
                0x00000000000879c2                vAHI_UartReset.part.4.23653
                0x00000000000879fa                vAHI_UartSetControl.part.2.23637
                0x0000000000087a4b                vAHI_UartSetBaudDivisor.part.1.23633
                0x0000000000087a8a                vAHI_WatchdogStop
                0x0000000000087aa1                _ZN3mwx2L120periph_pulse_counter10_on_wakeupEv.part.18.5884
                0x0000000000087b17                u32AHI_DioWakeStatus
                0x0000000000087b28                vAHI_DioWakeEdge
                0x0000000000087b48                vAHI_DioSetPullup
                0x0000000000087b68                vAHI_DioSetOutput
                0x0000000000087b7c                vAHI_DioSetDirection
                0x0000000000087b90                vACI_OptimisedCcmStar
                0x0000000000087da8                bAES_CCMstar
 .text.unlikely
                0x0000000000087e74       0x24 C:\Users\koumu\AppData\Local\Temp\ccMpaVnH.ltrans10.ltrans.o
                0x0000000000087e74                vAHI_CpuDoze
                0x0000000000087e87                vStartXtal32kExternalRc.23228
 .text          0x0000000000087e98      0x615 C:\Users\koumu\AppData\Local\Temp\ccMpaVnH.ltrans11.ltrans.o
                0x0000000000087e98                bAES_CCM_DecodeKey
                0x00000000000881d9                u8Write802_15_4HeaderIntoBuffer.20929
                0x0000000000088339                _ZN3mwx2L110serial_jen10_on_wakeupEv.part.27.6028
                0x00000000000883b3                _MWX_periph_init()
 .text.unlikely
                0x00000000000884ad      0x108 C:\Users\koumu\AppData\Local\Temp\ccMpaVnH.ltrans11.ltrans.o
                0x00000000000884ad                bStartXtal32k.23238
 .text          0x00000000000885b5      0x95f C:\Users\koumu\AppData\Local\Temp\ccMpaVnH.ltrans12.ltrans.o
                0x00000000000885b5                ToCoNet_vMain
 .text          0x0000000000088f14      0x9e6 C:\Users\koumu\AppData\Local\Temp\ccMpaVnH.ltrans13.ltrans.o
                0x0000000000088f14                TSV_eStart
                0x0000000000088ff8                vTAMDEstartSync
                0x0000000000089076                vDeterminePowerState.15880
                0x00000000000890f9                vTAM_TxRetryTimer
                0x0000000000089105                eTAStransmitRequest
                0x00000000000894a0                vPMICassocReqTO_1.11059
                0x0000000000089528                vTAM_MCPSdataRequest
                0x000000000008956b                bTACcheckPANconflict
                0x0000000000089624                TSV_eOpen
                0x000000000008962c                vAppApiDefRestoreMacSettings
                0x0000000000089713                vAppApiDefSaveMacSettings
                0x0000000000089770                mac_vLPBSleep
                0x000000000008982e                pvAppApiDefGetMacAddrLocation
                0x0000000000089837                eAppApiDefPlmeGet
                0x0000000000089889                eAppApiDefPlmeSet
 .text          0x00000000000898fa      0x972 C:\Users\koumu\AppData\Local\Temp\ccMpaVnH.ltrans14.ltrans.o
                0x00000000000898fa                bTAM_AES_CCMstarPatch
                0x0000000000089a3e                bTAM_AES_CCMstarPatch2006
                0x0000000000089d1d                bTATsendFrame
                0x0000000000089d70                vTrySendFromDirectCAP.15213
                0x0000000000089d8b                vTrySendFromDirectNoBeacon.15217
                0x0000000000089db6                vTAMCOint1Fired
                0x0000000000089ed2                vTAMCOstartBeacon
                0x0000000000089f0d                vStartStoreValues.15281
                0x0000000000089fc4                vTAMCOint1FiredCAP
                0x000000000008a037                vTAMCOreqTXnoBeacon
                0x000000000008a049                vTAMCOreqTXinCAP
                0x000000000008a06f                vTrySendUnslotted.15758
                0x000000000008a089                bSendDataRequest.15760
                0x000000000008a19b                bProcessBeaconRX.15763
 .text          0x000000000008a26c      0x780 C:\Users\koumu\AppData\Local\Temp\ccMpaVnH.ltrans15.ltrans.o
                0x000000000008a26c                eGenTmrExpiry.12931
                0x000000000008a2ae                eWEDTEdDone.12934
                0x000000000008a2d2                TSV_eStop
                0x000000000008a391                bPMICdisassocReqSent.11055
                0x000000000008a44b                MAC_vHandleMcpsReqRsp
                0x000000000008a4d8                bMCPSframeTXcomplete.13666
                0x000000000008a52d                bSendSyncLoss.17893
                0x000000000008a545                bPollReqSent.21489
                0x000000000008a55d                bTASsendCommStatusInd
                0x000000000008a572                bAssocRespSent.11051
                0x000000000008a585                eTACprocessFrameTXcomplete
                0x000000000008a701                vTAMCOframeTXnobeacon
                0x000000000008a716                vTAMCOframeStarting
                0x000000000008a72f                vTAMDEframeTXDEnull
                0x000000000008a752                vTAMDEframeTXtrackingCAPgts
                0x000000000008a77e                bPMICassocReqSent.11047
                0x000000000008a800                bPMICassocReqPollSent.11062
                0x000000000008a854                eWChCChanChgd.12646
 .text          0x000000000008a9ec      0x523 C:\Users\koumu\AppData\Local\Temp\ccMpaVnH.ltrans16.ltrans.o
                0x000000000008a9ec                vAppApiDefMcpsRequest
                0x000000000008aa17                vHnd_E_STATE_PREPARE_TX.24687
 *fill*         0x000000000008af0f        0x1 00
 .text          0x000000000008af10      0x334 C:\Users\koumu\AppData\Local\Temp\ccMpaVnH.ltrans17.ltrans.o
                0x000000000008af5b                vAHI_IntHandlerTickTimer
                0x000000000008afa2                SERIAL_bTxChar
                0x000000000008b053                TWETERM_vFlush.25043
                0x000000000008b0d1                eGenRxHdrDone.12629
                0x000000000008b0e1                _Z7pinModehN3mwx2L111enum_wapperIN8PIN_MODE13eMWX_DIO_MODEEhEE.constprop.213
 .text          0x000000000008b244       0x25 e:/2024_缶サット/20240531/mwstage/tools/ba-elf-ba2-r36379.w10/bin/../lib/gcc/ba-elf/4.7.4/../../../../ba-elf/lib/mcpu_jn51xx_sizeopt\libc.a(lib_a-memcmp.o)
                0x000000000008b244                memcmp
 .text          0x000000000008b269       0x19 e:/2024_缶サット/20240531/mwstage/tools/ba-elf-ba2-r36379.w10/bin/../lib/gcc/ba-elf/4.7.4/../../../../ba-elf/lib/mcpu_jn51xx_sizeopt\libc.a(lib_a-memcpy.o)
 *fill*         0x000000000008b282        0x2 00
 .text          0x000000000008b284      0x204 e:/2024_缶サット/20240531/mwstage/tools/ba-elf-ba2-r36379.w10/bin/../lib/gcc/ba-elf/4.7.4/mcpu_jn51xx_sizeopt\libgcc.a(__udivsi3.o)
                0x000000000008b284                __udivsi3
 .text          0x000000000008b488       0x30 e:/2024_缶サット/20240531/mwstage/tools/ba-elf-ba2-r36379.w10/bin/../lib/gcc/ba-elf/4.7.4/mcpu_jn51xx_sizeopt\libgcc.a(__divsi3.o)
                0x000000000008b488                __divsi3
 .text          0x000000000008b4b8       0x27 E:/2024_缶サット/20240531/MWSTAGE/MWSDK/ChipLib/SW4063V1416/Components/Library\libHardwareApi_JN5169.a(AHI_Interrupt.o)
                0x000000000008b4b8                vAHI_InterruptSetPriority
                0x000000000008b4d6                vAHI_InterruptSetActivePriorityLevel
 .text.vMicroSyscall
                0x000000000008b4df       0x17 E:/2024_缶サット/20240531/MWSTAGE/MWSDK/ChipLib/SW4063V1416/Components/Library\libMicroSpecific_JN516x.a(MicroSyscall_ba.o)
                0x000000000008b4df                vMicroSyscall
 .text          0x000000000008b4f6       0x12 e:/2024_缶サット/20240531/mwstage/tools/ba-elf-ba2-r36379.w10/bin/../lib/gcc/ba-elf/4.7.4/../../../../ba-elf/lib/mcpu_jn51xx_sizeopt\libc.a(lib_a-memset.o)
                0x000000000008b4f6                memset
                0x000000000008b508                _flash_end = ABSOLUTE (.)

.rela.dyn       0x000000000008b508        0x0
 .rela.text     0x0000000000000000        0x0 C:\Users\koumu\AppData\Local\Temp\ccMpaVnH.ltrans0.ltrans.o
 .rela.text.unlikely
                0x0000000000000000        0x0 C:\Users\koumu\AppData\Local\Temp\ccMpaVnH.ltrans0.ltrans.o
 .rela.rodata   0x0000000000000000        0x0 C:\Users\koumu\AppData\Local\Temp\ccMpaVnH.ltrans0.ltrans.o
 .rela.data     0x0000000000000000        0x0 C:\Users\koumu\AppData\Local\Temp\ccMpaVnH.ltrans0.ltrans.o
                0x000000000400004c                . = ORIGIN (ram)

.data           0x000000000400004c        0xc load address 0x000000000008b508
                0x000000000400004c                _ram_data_start = ABSOLUTE (.)
 *(.data*)
 .data          0x000000000400004c        0x1 C:\Users\koumu\AppData\Local\Temp\ccMpaVnH.ltrans2.ltrans.o
                0x000000000400004c                _toconet_tx_u8_init_queue_flag
 .data          0x000000000400004d        0x1 C:\Users\koumu\AppData\Local\Temp\ccMpaVnH.ltrans8.ltrans.o
 .data.initinboot
                0x000000000400004e        0x1 C:\Users\koumu\AppData\Local\Temp\ccMpaVnH.ltrans8.ltrans.o
                0x000000000400004e                gMAC_u8MaxBuffers
 .data          0x000000000400004f        0x1 C:\Users\koumu\AppData\Local\Temp\ccMpaVnH.ltrans9.ltrans.o
 .data          0x0000000004000050        0x4 C:\Users\koumu\AppData\Local\Temp\ccMpaVnH.ltrans10.ltrans.o
                0x0000000004000050                u32HeapStart
 .data          0x0000000004000054        0x2 C:\Users\koumu\AppData\Local\Temp\ccMpaVnH.ltrans12.ltrans.o
 .data          0x0000000004000056        0x1 C:\Users\koumu\AppData\Local\Temp\ccMpaVnH.ltrans16.ltrans.o
                0x0000000004000056                u8TxWkrNow.24810
 *(.data.*)
                0x0000000004000058                . = ALIGN (0x4)
 *fill*         0x0000000004000057        0x1 00
                0x0000000004000058                _ram_data_end = ABSOLUTE (.)

.bss            0x0000000004000058     0x15d8 load address 0x000000000008b514
                0x0000000004000058                _bss_start = ABSOLUTE (.)
 *(.bss*)
 .bss           0x0000000004000058       0x18 C:\Users\koumu\AppData\Local\Temp\ccMpaVnH.ltrans0.ltrans.o
 .bss           0x0000000004000070       0x40 C:\Users\koumu\AppData\Local\Temp\ccMpaVnH.ltrans1.ltrans.o
                0x0000000004000070                g_sLP
                0x00000000040000ac                g_pvMac
 .bss.initinboot
                0x00000000040000b0      0x1c0 C:\Users\koumu\AppData\Local\Temp\ccMpaVnH.ltrans1.ltrans.o
                0x00000000040000b0                g_sMac
 .bss           0x0000000004000270      0x618 C:\Users\koumu\AppData\Local\Temp\ccMpaVnH.ltrans2.ltrans.o
                0x0000000004000270                prAppHwCallback.2942
                0x0000000004000274                TxWorker_u8Num.24767
                0x0000000004000275                gbTimeOutFlag.23406
 .bss           0x0000000004000888      0x290 C:\Users\koumu\AppData\Local\Temp\ccMpaVnH.ltrans3.ltrans.o
                0x0000000004000888                u8AppId_Pkt_head.3994
                0x000000000400088c                u32AppId.3991
                0x0000000004000890                u32MyAddr.3993
                0x0000000004000894                bRxQueue_Init.3992
                0x0000000004000898                psRxQueueList.3990
                0x00000000040008ac                asEventHandler.3044
                0x000000000400094c                sEvVars
                0x0000000004000968                u32TickCount_ms
                0x000000000400096c                au8Txdatabuff_idx_sTxQueue
                0x0000000004000970                u8TxBuffSiz_sTxQueue
                0x0000000004000974                sTxdatabuff_sTxQueue
                0x0000000004000978                sTxQueue
                0x0000000004000994                au8Rxdatabuff_idx_sRxQueue
                0x0000000004000998                u8RxBuffSiz_sRxQueue
                0x000000000400099c                sRxdatabuff_sRxQueue
                0x00000000040009a0                sRxQueue
                0x00000000040009bc                au8Rxdatabuff_idx_sRxQueueCmd
                0x00000000040009c0                u8RxBuffSiz_sRxQueueCmd
                0x00000000040009c4                sRxdatabuff_sRxQueueCmd
                0x00000000040009c8                sRxQueueCmd.2106
                0x00000000040009e4                sContext.4115
                0x0000000004000a10                the_twelite
                0x0000000004000aa8                TWENET_u8RFdevice_minor.3415
                0x0000000004000aa9                TWENET_u8RFdevice_major.3414
                0x0000000004000aaa                _TWENET_TX_POWER_MAX
                0x0000000004000aac                sToCoNet_Modules
 .bss           0x0000000004000b18      0x10c C:\Users\koumu\AppData\Local\Temp\ccMpaVnH.ltrans4.ltrans.o
                0x0000000004000b18                apfTimerAppCallback.23619
                0x0000000004000b2c                prTickTimeAppCallback
                0x0000000004000b30                au16TimerSettings.23568
                0x0000000004000b3c                the_mac
                0x0000000004000b58                Timer4
                0x0000000004000b60                Timer3
                0x0000000004000b68                Timer2
                0x0000000004000b70                Timer1
                0x0000000004000b78                Timer0
                0x0000000004000b80                Analogue
                0x0000000004000b98                SPI
                0x0000000004000b9c                Wire
                0x0000000004000bb4                SerialParser
                0x0000000004000bf0                Serial1
                0x0000000004000c10                Buttons
                0x0000000004000c18                PulseCounter1
                0x0000000004000c1c                PulseCounter0
 .bss           0x0000000004000c24        0x8 C:\Users\koumu\AppData\Local\Temp\ccMpaVnH.ltrans5.ltrans.o
 .bss           0x0000000004000c2c      0x73c C:\Users\koumu\AppData\Local\Temp\ccMpaVnH.ltrans6.ltrans.o
                0x0000000004000c2c                prSpiAppCallback.23202
                0x0000000004000c30                prSiAppCallback.24437
                0x0000000004000c34                prAppMcpsCallback.2940
                0x0000000004000c38                prAppMlmeCallback.2941
                0x0000000004000c3c                bTxEventQueued.18788
                0x0000000004000c3d                u8TxEventStatus.18789
                0x0000000004000c40                sAppHousekeeping
                0x0000000004000c58                prApAppCallback.22968
                0x0000000004000c5c                bIntEnableFlag.22965
 .bss.initinboot
                0x0000000004001368        0x4 C:\Users\koumu\AppData\Local\Temp\ccMpaVnH.ltrans6.ltrans.o
                0x0000000004001368                prSysCtrlAppCallback.23410
 .bss           0x000000000400136c       0x90 C:\Users\koumu\AppData\Local\Temp\ccMpaVnH.ltrans7.ltrans.o
                0x000000000400136c                _ZL5_vcbs.6662
                0x0000000004001380                sToCoNet_AppContext
                0x000000000400139c                sToCoNet_Context
                0x00000000040013e4                sAssocSecurity.11676
                0x00000000040013f0                g_bJenieBackwardsCompatibilityMode
 .bss           0x00000000040013fc       0x24 C:\Users\koumu\AppData\Local\Temp\ccMpaVnH.ltrans8.ltrans.o
                0x00000000040013fc                i8TxPower.14466
                0x0000000004001400                g_sXcv
                0x0000000004001404                prMcpsRequest.8060
                0x0000000004001408                prMlmeRequest.8059
                0x000000000400140c                prOriginalHandler.4125
 .bss.initinboot
                0x0000000004001420        0x8 C:\Users\koumu\AppData\Local\Temp\ccMpaVnH.ltrans8.ltrans.o
                0x0000000004001420                g_u32MacAddrLocation
                0x0000000004001424                prvUserTxStartedCallback
 .bss           0x0000000004001428       0x18 C:\Users\koumu\AppData\Local\Temp\ccMpaVnH.ltrans9.ltrans.o
 .bss           0x0000000004001440        0x4 C:\Users\koumu\AppData\Local\Temp\ccMpaVnH.ltrans10.ltrans.o
 .bss.dontinitinboot
                0x0000000004001444        0x4 C:\Users\koumu\AppData\Local\Temp\ccMpaVnH.ltrans10.ltrans.o
 .bss           0x0000000004001448       0x64 C:\Users\koumu\AppData\Local\Temp\ccMpaVnH.ltrans11.ltrans.o
                0x0000000004001448                prUart1AppCallback.23874
                0x000000000400144c                prUart0AppCallback.23873
                0x0000000004001450                sOpt.4297
 .bss           0x00000000040014ac       0x98 C:\Users\koumu\AppData\Local\Temp\ccMpaVnH.ltrans12.ltrans.o
                0x00000000040014ac                sMcpsIndQueue.2936
                0x00000000040014bc                sMcpsIndBufferQueue.2934
                0x00000000040014cc                sMlmeIndQueue.2937
                0x00000000040014dc                sMlmeIndBufferQueue.2935
                0x00000000040014ec                sHwIndQueue.2938
                0x00000000040014fc                sHwIndBufferQueue.2939
                0x000000000400150c                _u32_INT_adc_comp
                0x0000000004001510                _u32_INT_ticktimer
                0x0000000004001514                the_vsettings
                0x0000000004001518                Serial
                0x0000000004001538                _periph_availmap
 .bss           0x0000000004001544       0x1c C:\Users\koumu\AppData\Local\Temp\ccMpaVnH.ltrans13.ltrans.o
 .bss.initinboot
                0x0000000004001560        0x1 C:\Users\koumu\AppData\Local\Temp\ccMpaVnH.ltrans13.ltrans.o
 .bss.dontinitinboot
                0x0000000004001561        0x1 C:\Users\koumu\AppData\Local\Temp\ccMpaVnH.ltrans14.ltrans.o
                0x0000000004001561                u8SecurityMode.20956
 *fill*         0x0000000004001562        0x2 00
 .bss           0x0000000004001564       0x14 C:\Users\koumu\AppData\Local\Temp\ccMpaVnH.ltrans15.ltrans.o
                0x0000000004001564                s_sTimerList
                0x0000000004001574                u8AssocResponsesInProgress.11675
 .bss           0x0000000004001578       0x1c C:\Users\koumu\AppData\Local\Temp\ccMpaVnH.ltrans16.ltrans.o
                0x0000000004001578                sCh_Context.2574
                0x000000000400157c                the_vhw
                0x0000000004001580                the_vnet2
                0x0000000004001584                the_vnet
                0x0000000004001588                the_vapp
                0x000000000400158c                asTx.24766
 .bss           0x0000000004001594       0x5c C:\Users\koumu\AppData\Local\Temp\ccMpaVnH.ltrans17.ltrans.o
                0x0000000004001594                asUARTS.4290
                0x00000000040015b4                _SERIAL_bmTxIntEnabled
                0x00000000040015b8                asSerialPorts
 .bss.dontinitinboot
                0x00000000040015f0       0x40 E:/2024_缶サット/20240531/MWSTAGE/MWSDK/ChipLib/SW4063V1416/Components/Library\libBoot_JN516x.a(ExceptionHandler.o)
                0x00000000040015f0                isr_handlers
 *(.bss.*)
 *(.scommon*)
 *(.scommon.*)
 *(COMMON)
                0x0000000004001630                . = ALIGN (0x4)
                0x0000000004001630                _bss_end = ABSOLUTE (.)
                0x0000000004001630                end = .

.heap           0x0000000004001630      0xd16 load address 0x000000000008caec
                0x0000000004001630                _heap_start = ABSOLUTE (.)
                0x0000000004002346                . = (. + __minimum_heap_size)
 *fill*         0x0000000004001630      0xd16 00

.stack          0x0000000004007800      0x800 load address 0x0000000000092cbc
                0x0000000004007800                _heap_end = ABSOLUTE (.)
                0x0000000004007800                _stack_low_water_mark = ABSOLUTE (.)
                0x0000000004008000                . = (. + __stack_size)
 *fill*         0x0000000004007800      0x800 00
                0x0000000004008000                _stack = .

.test           0x000000000008b514        0x1
                0x000000000008b514        0x1 BYTE 0xff
                0x000000000008b508                _flash_data_start = LOADADDR (.data)
                0x000000000000000c                _ram_data_len = (((_ram_data_end - _ram_data_start) + 0x3) & 0xfffffffffffffffc)
                0x00000000000015d8                _bss_len = (((_bss_end - _bss_start) + 0x3) & 0xfffffffffffffffc)
                0x000000000000b514                _image_len = ((((_flash_end - _flash_start) + _ram_data_len) + 0x3) & 0xfffffffffffffffc)
                0x0000000004008000                _ram_top = (ABSOLUTE (ORIGIN (ram)) + 0x7fb4)
                0x0000000004008000                ram_top = (ABSOLUTE (ORIGIN (ram)) + 0x7fb4)
                0x0000000001001580                _app_ram_start = 0x1001580
                0x0000000004000050                PROVIDE (_heap_location, u32HeapStart)
                0x0000000004000050                PROVIDE (heap_location, u32HeapStart)
                0x0000000000089624                TSV_eOpenVector = TSV_eOpen
                0x0000000000088f14                TSV_eStartVector = TSV_eStart
                0x000000000008a2d2                TSV_eStopVector = TSV_eStop
                0x00000000000837b9                pvAppApiGetMacHandle = pvAppApiDefGetMacHandle
                0x0000000000086521                u32AppApiInit = u32AppApiDefInit
                0x000000000008378e                vAppApiMlmeRequest = vAppApiDefMlmeRequest
                0x000000000008a9ec                vAppApiMcpsRequest = vAppApiDefMcpsRequest
                0x0000000000089889                eAppApiPlmeSet = eAppApiDefPlmeSet
                0x0000000000089837                eAppApiPlmeGet = eAppApiDefPlmeGet
                0x000000000008982e                pvAppApiGetMacAddrLocation = pvAppApiDefGetMacAddrLocation
                0x0000000000089713                vAppApiSaveMacSettings = vAppApiDefSaveMacSettings
                0x000000000008962c                vAppApiRestoreMacSettings = vAppApiDefRestoreMacSettings
OUTPUT(objs_RED/act0_RED_L1305_V0-1-0.elf elf32-ba)

.comment        0x0000000000000000       0x11
 .comment       0x0000000000000000       0x12 C:\Users\koumu\AppData\Local\Temp\ccMpaVnH.ltrans0.ltrans.o
 .comment       0x0000000000000000       0x12 C:\Users\koumu\AppData\Local\Temp\ccMpaVnH.ltrans1.ltrans.o
 .comment       0x0000000000000000       0x12 C:\Users\koumu\AppData\Local\Temp\ccMpaVnH.ltrans2.ltrans.o
 .comment       0x0000000000000000       0x12 C:\Users\koumu\AppData\Local\Temp\ccMpaVnH.ltrans3.ltrans.o
 .comment       0x0000000000000000       0x12 C:\Users\koumu\AppData\Local\Temp\ccMpaVnH.ltrans4.ltrans.o
 .comment       0x0000000000000000       0x12 C:\Users\koumu\AppData\Local\Temp\ccMpaVnH.ltrans5.ltrans.o
 .comment       0x0000000000000000       0x12 C:\Users\koumu\AppData\Local\Temp\ccMpaVnH.ltrans6.ltrans.o
 .comment       0x0000000000000000       0x12 C:\Users\koumu\AppData\Local\Temp\ccMpaVnH.ltrans7.ltrans.o
 .comment       0x0000000000000000       0x12 C:\Users\koumu\AppData\Local\Temp\ccMpaVnH.ltrans8.ltrans.o
 .comment       0x0000000000000000       0x12 C:\Users\koumu\AppData\Local\Temp\ccMpaVnH.ltrans9.ltrans.o
 .comment       0x0000000000000000       0x12 C:\Users\koumu\AppData\Local\Temp\ccMpaVnH.ltrans10.ltrans.o
 .comment       0x0000000000000000       0x12 C:\Users\koumu\AppData\Local\Temp\ccMpaVnH.ltrans11.ltrans.o
 .comment       0x0000000000000000       0x12 C:\Users\koumu\AppData\Local\Temp\ccMpaVnH.ltrans12.ltrans.o
 .comment       0x0000000000000000       0x12 C:\Users\koumu\AppData\Local\Temp\ccMpaVnH.ltrans13.ltrans.o
 .comment       0x0000000000000000       0x12 C:\Users\koumu\AppData\Local\Temp\ccMpaVnH.ltrans14.ltrans.o
 .comment       0x0000000000000000       0x12 C:\Users\koumu\AppData\Local\Temp\ccMpaVnH.ltrans15.ltrans.o
 .comment       0x0000000000000000       0x12 C:\Users\koumu\AppData\Local\Temp\ccMpaVnH.ltrans16.ltrans.o
 .comment       0x0000000000000000       0x12 C:\Users\koumu\AppData\Local\Temp\ccMpaVnH.ltrans17.ltrans.o
 .comment       0x0000000000000000       0x12 e:/2024_缶サット/20240531/mwstage/tools/ba-elf-ba2-r36379.w10/bin/../lib/gcc/ba-elf/4.7.4/../../../../ba-elf/lib/mcpu_jn51xx_sizeopt\libc.a(lib_a-memcmp.o)
 .comment       0x0000000000000000       0x12 e:/2024_缶サット/20240531/mwstage/tools/ba-elf-ba2-r36379.w10/bin/../lib/gcc/ba-elf/4.7.4/../../../../ba-elf/lib/mcpu_jn51xx_sizeopt\libc.a(lib_a-memcpy.o)
 .comment       0x0000000000000000       0x11 E:/2024_缶サット/20240531/MWSTAGE/MWSDK/ChipLib/SW4063V1416/Components/Library\libMicroSpecific_JN516x.a(MicroSyscall_ba.o)
                                         0x12 (size before relaxing)
 .comment       0x0000000000000000       0x12 e:/2024_缶サット/20240531/mwstage/tools/ba-elf-ba2-r36379.w10/bin/../lib/gcc/ba-elf/4.7.4/../../../../ba-elf/lib/mcpu_jn51xx_sizeopt\libc.a(lib_a-memset.o)

.debug_info     0x0000000000000000      0x4e8
 .debug_info    0x0000000000000000       0xf3 e:/2024_缶サット/20240531/mwstage/tools/ba-elf-ba2-r36379.w10/bin/../lib/gcc/ba-elf/4.7.4/../../../../ba-elf/lib/mcpu_jn51xx_sizeopt\libc.a(lib_a-memcmp.o)
 .debug_info    0x00000000000000f3      0x106 e:/2024_缶サット/20240531/mwstage/tools/ba-elf-ba2-r36379.w10/bin/../lib/gcc/ba-elf/4.7.4/../../../../ba-elf/lib/mcpu_jn51xx_sizeopt\libc.a(lib_a-memcpy.o)
 .debug_info    0x00000000000001f9       0xb7 e:/2024_缶サット/20240531/mwstage/tools/ba-elf-ba2-r36379.w10/bin/../lib/gcc/ba-elf/4.7.4/mcpu_jn51xx_sizeopt\libgcc.a(__udivsi3.o)
 .debug_info    0x00000000000002b0       0xb7 e:/2024_缶サット/20240531/mwstage/tools/ba-elf-ba2-r36379.w10/bin/../lib/gcc/ba-elf/4.7.4/mcpu_jn51xx_sizeopt\libgcc.a(__divsi3.o)
 .debug_info    0x0000000000000367       0xaa E:/2024_缶サット/20240531/MWSTAGE/MWSDK/ChipLib/SW4063V1416/Components/Library\libBoot_JN516x.a(ExceptionHandler.o)
 .debug_info    0x0000000000000411       0xd7 e:/2024_缶サット/20240531/mwstage/tools/ba-elf-ba2-r36379.w10/bin/../lib/gcc/ba-elf/4.7.4/../../../../ba-elf/lib/mcpu_jn51xx_sizeopt\libc.a(lib_a-memset.o)

.debug_abbrev   0x0000000000000000      0x1fc
 .debug_abbrev  0x0000000000000000       0x8e e:/2024_缶サット/20240531/mwstage/tools/ba-elf-ba2-r36379.w10/bin/../lib/gcc/ba-elf/4.7.4/../../../../ba-elf/lib/mcpu_jn51xx_sizeopt\libc.a(lib_a-memcmp.o)
 .debug_abbrev  0x000000000000008e       0xa4 e:/2024_缶サット/20240531/mwstage/tools/ba-elf-ba2-r36379.w10/bin/../lib/gcc/ba-elf/4.7.4/../../../../ba-elf/lib/mcpu_jn51xx_sizeopt\libc.a(lib_a-memcpy.o)
 .debug_abbrev  0x0000000000000132       0x14 e:/2024_缶サット/20240531/mwstage/tools/ba-elf-ba2-r36379.w10/bin/../lib/gcc/ba-elf/4.7.4/mcpu_jn51xx_sizeopt\libgcc.a(__udivsi3.o)
 .debug_abbrev  0x0000000000000146       0x14 e:/2024_缶サット/20240531/mwstage/tools/ba-elf-ba2-r36379.w10/bin/../lib/gcc/ba-elf/4.7.4/mcpu_jn51xx_sizeopt\libgcc.a(__divsi3.o)
 .debug_abbrev  0x000000000000015a       0x14 E:/2024_缶サット/20240531/MWSTAGE/MWSDK/ChipLib/SW4063V1416/Components/Library\libBoot_JN516x.a(ExceptionHandler.o)
 .debug_abbrev  0x000000000000016e       0x8e e:/2024_缶サット/20240531/mwstage/tools/ba-elf-ba2-r36379.w10/bin/../lib/gcc/ba-elf/4.7.4/../../../../ba-elf/lib/mcpu_jn51xx_sizeopt\libc.a(lib_a-memset.o)

.debug_loc      0x0000000000000000       0xeb
 .debug_loc     0x0000000000000000       0x73 e:/2024_缶サット/20240531/mwstage/tools/ba-elf-ba2-r36379.w10/bin/../lib/gcc/ba-elf/4.7.4/../../../../ba-elf/lib/mcpu_jn51xx_sizeopt\libc.a(lib_a-memcmp.o)
 .debug_loc     0x0000000000000073       0x39 e:/2024_缶サット/20240531/mwstage/tools/ba-elf-ba2-r36379.w10/bin/../lib/gcc/ba-elf/4.7.4/../../../../ba-elf/lib/mcpu_jn51xx_sizeopt\libc.a(lib_a-memcpy.o)
 .debug_loc     0x00000000000000ac       0x3f e:/2024_缶サット/20240531/mwstage/tools/ba-elf-ba2-r36379.w10/bin/../lib/gcc/ba-elf/4.7.4/../../../../ba-elf/lib/mcpu_jn51xx_sizeopt\libc.a(lib_a-memset.o)

.debug_aranges  0x0000000000000000       0xc0
 .debug_aranges
                0x0000000000000000       0x20 e:/2024_缶サット/20240531/mwstage/tools/ba-elf-ba2-r36379.w10/bin/../lib/gcc/ba-elf/4.7.4/../../../../ba-elf/lib/mcpu_jn51xx_sizeopt\libc.a(lib_a-memcmp.o)
 .debug_aranges
                0x0000000000000020       0x20 e:/2024_缶サット/20240531/mwstage/tools/ba-elf-ba2-r36379.w10/bin/../lib/gcc/ba-elf/4.7.4/../../../../ba-elf/lib/mcpu_jn51xx_sizeopt\libc.a(lib_a-memcpy.o)
 .debug_aranges
                0x0000000000000040       0x20 e:/2024_缶サット/20240531/mwstage/tools/ba-elf-ba2-r36379.w10/bin/../lib/gcc/ba-elf/4.7.4/mcpu_jn51xx_sizeopt\libgcc.a(__udivsi3.o)
 .debug_aranges
                0x0000000000000060       0x20 e:/2024_缶サット/20240531/mwstage/tools/ba-elf-ba2-r36379.w10/bin/../lib/gcc/ba-elf/4.7.4/mcpu_jn51xx_sizeopt\libgcc.a(__divsi3.o)
 .debug_aranges
                0x0000000000000080       0x20 E:/2024_缶サット/20240531/MWSTAGE/MWSDK/ChipLib/SW4063V1416/Components/Library\libBoot_JN516x.a(ExceptionHandler.o)
 .debug_aranges
                0x00000000000000a0       0x20 e:/2024_缶サット/20240531/mwstage/tools/ba-elf-ba2-r36379.w10/bin/../lib/gcc/ba-elf/4.7.4/../../../../ba-elf/lib/mcpu_jn51xx_sizeopt\libc.a(lib_a-memset.o)

.debug_line     0x0000000000000000      0xab9
 .debug_line    0x0000000000000000      0x15a e:/2024_缶サット/20240531/mwstage/tools/ba-elf-ba2-r36379.w10/bin/../lib/gcc/ba-elf/4.7.4/../../../../ba-elf/lib/mcpu_jn51xx_sizeopt\libc.a(lib_a-memcmp.o)
 .debug_line    0x000000000000015a      0x14e e:/2024_缶サット/20240531/mwstage/tools/ba-elf-ba2-r36379.w10/bin/../lib/gcc/ba-elf/4.7.4/../../../../ba-elf/lib/mcpu_jn51xx_sizeopt\libc.a(lib_a-memcpy.o)
 .debug_line    0x00000000000002a8      0x47b e:/2024_缶サット/20240531/mwstage/tools/ba-elf-ba2-r36379.w10/bin/../lib/gcc/ba-elf/4.7.4/mcpu_jn51xx_sizeopt\libgcc.a(__udivsi3.o)
 .debug_line    0x0000000000000723       0xbb e:/2024_缶サット/20240531/mwstage/tools/ba-elf-ba2-r36379.w10/bin/../lib/gcc/ba-elf/4.7.4/mcpu_jn51xx_sizeopt\libgcc.a(__divsi3.o)
 .debug_line    0x00000000000007de      0x197 E:/2024_缶サット/20240531/MWSTAGE/MWSDK/ChipLib/SW4063V1416/Components/Library\libBoot_JN516x.a(ExceptionHandler.o)
 .debug_line    0x0000000000000975      0x144 e:/2024_缶サット/20240531/mwstage/tools/ba-elf-ba2-r36379.w10/bin/../lib/gcc/ba-elf/4.7.4/../../../../ba-elf/lib/mcpu_jn51xx_sizeopt\libc.a(lib_a-memset.o)

.debug_str      0x0000000000000000      0x1c2
 .debug_str     0x0000000000000000       0x49 e:/2024_缶サット/20240531/mwstage/tools/ba-elf-ba2-r36379.w10/bin/../lib/gcc/ba-elf/4.7.4/../../../../ba-elf/lib/mcpu_jn51xx_sizeopt\libc.a(lib_a-memcmp.o)
                                        0x155 (size before relaxing)
 .debug_str     0x0000000000000049       0x5d e:/2024_缶サット/20240531/mwstage/tools/ba-elf-ba2-r36379.w10/bin/../lib/gcc/ba-elf/4.7.4/../../../../ba-elf/lib/mcpu_jn51xx_sizeopt\libc.a(lib_a-memcpy.o)
                                        0x169 (size before relaxing)
 .debug_str     0x00000000000000a6      0x11c e:/2024_缶サット/20240531/mwstage/tools/ba-elf-ba2-r36379.w10/bin/../lib/gcc/ba-elf/4.7.4/../../../../ba-elf/lib/mcpu_jn51xx_sizeopt\libc.a(lib_a-memset.o)
                                        0x155 (size before relaxing)

.debug_frame    0x0000000000000000       0x60
 .debug_frame   0x0000000000000000       0x20 e:/2024_缶サット/20240531/mwstage/tools/ba-elf-ba2-r36379.w10/bin/../lib/gcc/ba-elf/4.7.4/../../../../ba-elf/lib/mcpu_jn51xx_sizeopt\libc.a(lib_a-memcmp.o)
 .debug_frame   0x0000000000000020       0x20 e:/2024_缶サット/20240531/mwstage/tools/ba-elf-ba2-r36379.w10/bin/../lib/gcc/ba-elf/4.7.4/../../../../ba-elf/lib/mcpu_jn51xx_sizeopt\libc.a(lib_a-memcpy.o)
 .debug_frame   0x0000000000000040       0x20 e:/2024_缶サット/20240531/mwstage/tools/ba-elf-ba2-r36379.w10/bin/../lib/gcc/ba-elf/4.7.4/../../../../ba-elf/lib/mcpu_jn51xx_sizeopt\libc.a(lib_a-memset.o)
