Archive member included because of file (symbol)

C:/Users/桐蔭高校科学部/Desktop/GitHub/2024-toin-cansat/プログラム/Softs/MWSTAGE/MWSDK/TWENET/current/lib/libTWENET_RED.a(ToCoNet_event.o)
                              objs_RED/lightver.o (symbol from plugin) (PRSEV_u8RegisterEx)
C:/Users/桐蔭高校科学部/Desktop/GitHub/2024-toin-cansat/プログラム/Softs/MWSTAGE/MWSDK/TWENET/current/lib/libTWENET_RED.a(ToCoNet_main.o)
                              objs_RED/lightver.o (symbol from plugin) (sToCoNet_Context)
C:/Users/桐蔭高校科学部/Desktop/GitHub/2024-toin-cansat/プログラム/Softs/MWSTAGE/MWSDK/TWENET/current/lib/libTWENET_RED.a(ToCoNet_utils.o)
                              ToCoNet_main.o (symbol from plugin) (ToCoNet_u32GetVersion)
C:/Users/桐蔭高校科学部/Desktop/GitHub/2024-toin-cansat/プログラム/Softs/MWSTAGE/MWSDK/TWENET/current/lib/libTWENET_RED.a(ToCoNet_mod_Nwk_Common.o)
                              ToCoNet_main.o (symbol from plugin) (ToCoNet_vRxProc_Mod)
C:/Users/桐蔭高校科学部/Desktop/GitHub/2024-toin-cansat/プログラム/Softs/MWSTAGE/MWSDK/TWENET/current/lib/libTWENET_RED.a(ToCoNet_mod_Channel_Mgr.o)
                              ToCoNet_main.o (symbol from plugin) (ToCoNet_ChMgr_bCh_Reconfig)
C:/Users/桐蔭高校科学部/Desktop/GitHub/2024-toin-cansat/プログラム/Softs/MWSTAGE/MWSDK/TWENET/current/lib/libTWENET_RED.a(Version.o)
                              ToCoNet_utils.o (symbol from plugin) (au8ToCoNetVersionInfo)
C:/Users/桐蔭高校科学部/Desktop/GitHub/2024-toin-cansat/プログラム/Softs/MWSTAGE/MWSDK/TWENET/current/lib/libTWENET_RED.a(AppQueueApi_ToCoNet.o)
                              ToCoNet_main.o (symbol from plugin) (_u32_INT_ticktimer)
C:/Users/桐蔭高校科学部/Desktop/GitHub/2024-toin-cansat/プログラム/Softs/MWSTAGE/MWSDK/TWENET/current/lib/libTWENEText_RED.a(AppStart.o)
                              (AppColdStart)
C:/Users/桐蔭高校科学部/Desktop/GitHub/2024-toin-cansat/プログラム/Softs/MWSTAGE/MWSDK/TWENET/current/lib/libTWENEText_RED.a(getMacAddr.o)
                              ToCoNet_main.o (symbol from plugin) (ToCoNet_u32GetSerialOnBoot)
C:/Users/桐蔭高校科学部/Desktop/GitHub/2024-toin-cansat/プログラム/Softs/MWSTAGE/MWSDK/TWENET/current/lib/libTWENEText_RED.a(mac.o)
                              ToCoNet_main.o (symbol from plugin) (Mac_vInit)
C:/Users/桐蔭高校科学部/Desktop/GitHub/2024-toin-cansat/プログラム/Softs/MWSTAGE/MWSDK/TWENET/current/lib/libTWENEText_RED.a(AES_CCM.o)
                              AppStart.o (symbol from plugin) (bAES_CCM_KeyReg)
C:/Users/桐蔭高校科学部/Desktop/GitHub/2024-toin-cansat/プログラム/Softs/MWSTAGE/MWSDK/TWENET/current/lib/libTWENEText_RED.a(no_ack_handler.o)
                              AppStart.o (symbol from plugin) (vInstallNoAckHandler)
C:/Users/桐蔭高校科学部/Desktop/GitHub/2024-toin-cansat/プログラム/Softs/MWSTAGE/MWSDK/TWENET/current/lib/libTWENEText_RED.a(Version.o)
                              ToCoNet_utils.o (symbol from plugin) (au8ToCoNetExtVersionInfo)
C:/Users/桐蔭高校科学部/Desktop/GitHub/2024-toin-cansat/プログラム/Softs/MWSTAGE/MWSDK/TWENET/current/lib/libTWENETutils_RED.a(serial.o)
                              ToCoNet_main.o (symbol from plugin) (_SERIAL_bmTxIntEnabled)
C:/Users/桐蔭高校科学部/Desktop/GitHub/2024-toin-cansat/プログラム/Softs/MWSTAGE/MWSDK/TWENET/current/lib/libTWENETutils_RED.a(uart.o)
                              serial.o (symbol from plugin) (UART_vInit)
C:/Users/桐蔭高校科学部/Desktop/GitHub/2024-toin-cansat/プログラム/Softs/MWSTAGE/MWSDK/TWENET/current/lib/libTWENETutils_RED.a(ByteQueue.o)
                              ToCoNet_main.o (symbol from plugin) (QUEUE__vInit)
C:/Users/桐蔭高校科学部/Desktop/GitHub/2024-toin-cansat/プログラム/Softs/MWSTAGE/MWSDK/TWENET/current/lib/libTWENETutils_RED.a(ccitt8.o)
                              AppStart.o (symbol from plugin) (u8CCITT8)
C:/Users/桐蔭高校科学部/Desktop/GitHub/2024-toin-cansat/プログラム/Softs/MWSTAGE/MWSDK/TWENET/current/lib/libTWENETutils_RED.a(utils.o)
                              ToCoNet_main.o (symbol from plugin) (vTimerConfig)
C:/Users/桐蔭高校科学部/Desktop/GitHub/2024-toin-cansat/プログラム/Softs/MWSTAGE/MWSDK/TWENET/current/lib/libTWENETutils_RED.a(ccm.o)
                              AES_CCM.o (symbol from plugin) (ccm_init_and_key)
C:/Users/桐蔭高校科学部/Desktop/GitHub/2024-toin-cansat/プログラム/Softs/MWSTAGE/MWSDK/TWENET/current/lib/libTWENETutils_RED.a(Version.o)
                              ToCoNet_utils.o (symbol from plugin) (au8ToCoNetUtilsVersionInfo)
C:/Users/桐蔭高校科学部/Desktop/GitHub/2024-toin-cansat/プログラム/Softs/MWSTAGE/MWSDK/TWENET/current/lib/libTWENETutils_RED.a(aescrypt.o)
                              ccm.o (symbol from plugin) (aes_encrypt)
C:/Users/桐蔭高校科学部/Desktop/GitHub/2024-toin-cansat/プログラム/Softs/MWSTAGE/MWSDK/TWENET/current/lib/libTWENETutils_RED.a(aeskey.o)
                              ccm.o (symbol from plugin) (aes_encrypt_key)
C:/Users/桐蔭高校科学部/Desktop/GitHub/2024-toin-cansat/プログラム/Softs/MWSTAGE/MWSDK/TWENET/current/lib/libTWENETutils_RED.a(aestab.o)
                              aeskey.o (symbol from plugin) (t_im)
C:/Users/桐蔭高校科学部/Desktop/GitHub/2024-toin-cansat/プログラム/Softs/MWSTAGE/MWSDK/TWENET/current/lib/libTWENETstgs_RED.a(tweserial_jen.o)
[...]
Memory Configuration

Name             Origin             Length             Attributes
flash            0x0000000000080000 0x0000000000080000
ram              0x000000000400004c 0x0000000000007fb4
*default*        0x0000000000000000 0xffffffffffffffff

Linker script and memory map

LOAD objs_RED/_mwx_version.o
LOAD C:\Users\桐蔭高~1\AppData\Local\Temp\ccznABpX.ltrans0.ltrans.o
LOAD C:\Users\桐蔭高~1\AppData\Local\Temp\ccznABpX.ltrans1.ltrans.o
LOAD C:\Users\桐蔭高~1\AppData\Local\Temp\ccznABpX.ltrans2.ltrans.o
LOAD C:\Users\桐蔭高~1\AppData\Local\Temp\ccznABpX.ltrans3.ltrans.o
LOAD C:\Users\桐蔭高~1\AppData\Local\Temp\ccznABpX.ltrans4.ltrans.o
LOAD C:\Users\桐蔭高~1\AppData\Local\Temp\ccznABpX.ltrans5.ltrans.o
LOAD C:\Users\桐蔭高~1\AppData\Local\Temp\ccznABpX.ltrans6.ltrans.o
LOAD C:\Users\桐蔭高~1\AppData\Local\Temp\ccznABpX.ltrans7.ltrans.o
LOAD C:\Users\桐蔭高~1\AppData\Local\Temp\ccznABpX.ltrans8.ltrans.o
LOAD C:\Users\桐蔭高~1\AppData\Local\Temp\ccznABpX.ltrans9.ltrans.o
LOAD C:\Users\桐蔭高~1\AppData\Local\Temp\ccznABpX.ltrans10.ltrans.o
LOAD C:\Users\桐蔭高~1\AppData\Local\Temp\ccznABpX.ltrans11.ltrans.o
LOAD C:\Users\桐蔭高~1\AppData\Local\Temp\ccznABpX.ltrans12.ltrans.o
LOAD C:\Users\桐蔭高~1\AppData\Local\Temp\ccznABpX.ltrans13.ltrans.o
LOAD C:\Users\桐蔭高~1\AppData\Local\Temp\ccznABpX.ltrans14.ltrans.o
LOAD C:\Users\桐蔭高~1\AppData\Local\Temp\ccznABpX.ltrans15.ltrans.o
LOAD C:\Users\桐蔭高~1\AppData\Local\Temp\ccznABpX.ltrans16.ltrans.o
LOAD C:\Users\桐蔭高~1\AppData\Local\Temp\ccznABpX.ltrans17.ltrans.o
LOAD C:\Users\桐蔭高~1\AppData\Local\Temp\ccznABpX.ltrans18.ltrans.o
LOAD C:\Users\桐蔭高~1\AppData\Local\Temp\ccznABpX.ltrans19.ltrans.o
LOAD C:\Users\桐蔭高~1\AppData\Local\Temp\ccznABpX.ltrans20.ltrans.o
LOAD C:\Users\桐蔭高~1\AppData\Local\Temp\ccznABpX.ltrans21.ltrans.o
LOAD c:/users/桐蔭高校科学部/desktop/github/2024-toin-cansat/プログラム/softs/mwstage/tools/ba-elf-ba2-r36379.w10/bin/../lib/gcc/ba-elf/4.7.4/../../../../ba-elf/lib/mcpu_jn51xx_sizeopt\libc.a
LOAD c:/users/桐蔭高校科学部/desktop/github/2024-toin-cansat/プログラム/softs/mwstage/tools/ba-elf-ba2-r36379.w10/bin/../lib/gcc/ba-elf/4.7.4/mcpu_jn51xx_sizeopt\libgcc.a
LOAD c:/users/桐蔭高校科学部/desktop/github/2024-toin-cansat/プログラム/softs/mwstage/tools/ba-elf-ba2-r36379.w10/bin/../lib/gcc/ba-elf/4.7.4/../../../../ba-elf/lib/mcpu_jn51xx_sizeopt\libc.a
LOAD objs_RED/font.o
LOAD objs_RED/lets_use_display.o
LOAD objs_RED/lightver.o
LOAD C:/Users/桐蔭高校科学部/Desktop/GitHub/2024-toin-cansat/プログラム/Softs/MWSTAGE/MWSDK/TWENET/current/lib/libTWENET_RED.a
LOAD C:/Users/桐蔭高校科学部/Desktop/GitHub/2024-toin-cansat/プログラム/Softs/MWSTAGE/MWSDK/TWENET/current/lib/libTWENEText_RED.a
LOAD C:/Users/桐蔭高校科学部/Desktop/GitHub/2024-toin-cansat/プログラム/Softs/MWSTAGE/MWSDK/TWENET/current/lib/libTWENETutils_RED.a
LOAD C:/Users/桐蔭高校科学部/Desktop/GitHub/2024-toin-cansat/プログラム/Softs/MWSTAGE/MWSDK/TWENET/current/lib/libTWENETstgs_RED.a
LOAD C:/Users/桐蔭高校科学部/Desktop/GitHub/2024-toin-cansat/プログラム/Softs/MWSTAGE/MWSDK/TWENET/current/lib/libmwx_RED.a
LOAD C:/Users/桐蔭高校科学部/Desktop/GitHub/2024-toin-cansat/プログラム/Softs/MWSTAGE/MWSDK/TWENET/current/lib/libEASTL_RED.a
START GROUP
LOAD C:/Users/桐蔭高校科学部/Desktop/GitHub/2024-toin-cansat/プログラム/Softs/MWSTAGE/MWSDK/ChipLib/SW4063V1416/Components/Library\libAppApi_JN5169.a
LOAD C:/Users/桐蔭高校科学部/Desktop/GitHub/2024-toin-cansat/プログラム/Softs/MWSTAGE/MWSDK/ChipLib/SW4063V1416/Components/Library\libMAC_JN5169.a
LOAD C:/Users/桐蔭高校科学部/Desktop/GitHub/2024-toin-cansat/プログラム/Softs/MWSTAGE/MWSDK/ChipLib/SW4063V1416/Components/Library\libTimerServer_JN516x.a
LOAD C:/Users/桐蔭高校科学部/Desktop/GitHub/2024-toin-cansat/プログラム/Softs/MWSTAGE/MWSDK/ChipLib/SW4063V1416/Components/Library\libTOF_JN516x.a
LOAD C:/Users/桐蔭高校科学部/Desktop/GitHub/2024-toin-cansat/プログラム/Softs/MWSTAGE/MWSDK/ChipLib/SW4063V1416/Components/Library\libXcv_JN5169.a
LOAD C:/Users/桐蔭高校科学部/Desktop/GitHub/2024-toin-cansat/プログラム/Softs/MWSTAGE/MWSDK/ChipLib/SW4063V1416/Components/Library\libMMAC_JN5169.a
LOAD C:/Users/桐蔭高校科学部/Desktop/GitHub/2024-toin-cansat/プログラム/Softs/MWSTAGE/MWSDK/ChipLib/SW4063V1416/Components/Library\libJPT_JN5169.a
LOAD C:/Users/桐蔭高校科学部/Desktop/GitHub/2024-toin-cansat/プログラム/Softs/MWSTAGE/MWSDK/ChipLib/SW4063V1416/Components/Library\libAes_JN516x.a
LOAD C:/Users/桐蔭高校科学部/Desktop/GitHub/2024-toin-cansat/プログラム/Softs/MWSTAGE/MWSDK/ChipLib/SW4063V1416/Components/Library\libHardwareApi_JN5169.a
LOAD C:/Users/桐蔭高校科学部/Desktop/GitHub/2024-toin-cansat/プログラム/Softs/MWSTAGE/MWSDK/ChipLib/SW4063V1416/Components/Library\libMicroSpecific_JN516x.a
LOAD C:/Users/桐蔭高校科学部/Desktop/GitHub/2024-toin-cansat/プログラム/Softs/MWSTAGE/MWSDK/ChipLib/SW4063V1416/Components/Library\libBoot_JN516x.a
LOAD C:/Users/桐蔭高校科学部/Desktop/GitHub/2024-toin-cansat/プログラム/Softs/MWSTAGE/MWSDK/ChipLib/SW4063V1416/Components/Library\libPDM_EEPROM_JN516x_NO_RTOS.a
LOAD C:/Users/桐蔭高校科学部/Desktop/GitHub/2024-toin-cansat/プログラム/Softs/MWSTAGE/MWSDK/TWENET/current/lib/libTWENET_RED.a
LOAD C:/Users/桐蔭高校科学部/Desktop/GitHub/2024-toin-cansat/プログラム/Softs/MWSTAGE/MWSDK/TWENET/current/lib/libTWENEText_RED.a
LOAD C:/Users/桐蔭高校科学部/Desktop/GitHub/2024-toin-cansat/プログラム/Softs/MWSTAGE/MWSDK/TWENET/current/lib/libTWENETutils_RED.a
LOAD C:/Users/桐蔭高校科学部/Desktop/GitHub/2024-toin-cansat/プログラム/Softs/MWSTAGE/MWSDK/TWENET/current/lib/libTWENETstgs_RED.a
LOAD C:/Users/桐蔭高校科学部/Desktop/GitHub/2024-toin-cansat/プログラム/Softs/MWSTAGE/MWSDK/TWENET/current/lib/libmwx_RED.a
LOAD C:/Users/桐蔭高校科学部/Desktop/GitHub/2024-toin-cansat/プログラム/Softs/MWSTAGE/MWSDK/TWENET/current/lib/libEASTL_RED.a
END GROUP
LOAD c:/users/桐蔭高校科学部/desktop/github/2024-toin-cansat/プログラム/softs/mwstage/tools/ba-elf-ba2-r36379.w10/bin/../lib/gcc/ba-elf/4.7.4/../../../../ba-elf/lib/mcpu_jn51xx_sizeopt\libstdc++.a
LOAD c:/users/桐蔭高校科学部/desktop/github/2024-toin-cansat/プログラム/softs/mwstage/tools/ba-elf-ba2-r36379.w10/bin/../lib/gcc/ba-elf/4.7.4/../../../../ba-elf/lib/mcpu_jn51xx_sizeopt\libm.a
LOAD c:/users/桐蔭高校科学部/desktop/github/2024-toin-cansat/プログラム/softs/mwstage/tools/ba-elf-ba2-r36379.w10/bin/../lib/gcc/ba-elf/4.7.4/../../../../ba-elf/lib/mcpu_jn51xx_sizeopt\libc.a
LOAD c:/users/桐蔭高校科学部/desktop/github/2024-toin-cansat/プログラム/softs/mwstage/tools/ba-elf-ba2-r36379.w10/bin/../lib/gcc/ba-elf/4.7.4/mcpu_jn51xx_sizeopt\libgcc.a
LOAD c:/users/桐蔭高校科学部/desktop/github/2024-toin-cansat/プログラム/softs/mwstage/tools/ba-elf-ba2-r36379.w10/bin/../lib/gcc/ba-elf/4.7.4/../../../../ba-elf/lib/mcpu_jn51xx_sizeopt\libc.a
                0x0000000000000800                _stack_size = 0x800
                0x0000000000080038                exception_vsr_table = 0x80038
                0x0000000004000000                pSPIflashFncTable = 0x4000000
                0x0000000000000044                restore_state = 0x44
                0x000000000000004a                bZSPIWaitWIPClear = 0x4a
                0x0000000000000050                u16ZSPIflashRDID = 0x50
                0x0000000000000056                u8SelectFlashChipType = 0x56
                0x000000000000005c                memcpy = 0x5c
                0x0000000000000066                vBootFlashProg = 0x66
                [0x0000000000000d16]                __minimum_heap_size = DEFINED (__minimum_heap_size)?__minimum_heap_size:0xd16
                [0x0000000000000800]                __stack_size = DEFINED (__stack_size)?__stack_size:0x800
                0x0000000000000000                _SwConfig = (DEFINED (g_bSWConf_Debug) | (DEFINED (g_bSWConf_AltDebugPort) << 0x1))

.version        0x000000000007fffc        0x4
                0x000000000007fffc        0x4 LONG 0xf03000b

.bir            0x0000000000080000       0x10
                0x0000000000080000                _flash_start = ABSOLUTE (.)
                0x0000000000080000                _flash_beg = ABSOLUTE (.)
                0x0000000000080000        0x4 LONG 0x12345678
                0x0000000000080004        0x4 LONG 0x11223344
                0x0000000000080008        0x4 LONG 0x55667788
                0x000000000008000c        0x1 BYTE 0x8
                0x000000000008000d        0x1 BYTE 0x1
                0x000000000008000e        0x2 SHORT 0x0

.flashheader    0x0000000000080010       0x28
                0x0000000000080010        0x4 LONG 0x0
                0x0000000000080014        0x4 LONG 0x0
                0x0000000000080018        0x4 LONG 0x0
                0x000000000008001c        0x2 SHORT 0x0
                0x000000000008001e        0x2 SHORT 0x0 ABSOLUTE (_SwConfig)
                0x0000000000080020                _enc_start = ABSOLUTE (.)
                0x0000000000080020        0x4 LONG 0x100d0 ABSOLUTE (_image_len)
                0x0000000000080024        0x4 LONG 0x900bc ABSOLUTE (_flash_data_start)
                0x0000000000080028        0x2 SHORT 0x13 ((ABSOLUTE (_ram_data_start) / 0x4) & 0xffff)
                0x000000000008002a        0x2 SHORT 0x5 ((ABSOLUTE (_ram_data_len) / 0x4) & 0xffff)
                0x000000000008002c        0x2 SHORT 0x18 ((ABSOLUTE (_bss_start) / 0x4) & 0xffff)
                0x000000000008002e        0x2 SHORT 0x58f ((ABSOLUTE (_bss_len) / 0x4) & 0xffff)
                0x0000000000080030        0x4 LONG 0x864bc ABSOLUTE (AppWarmStart)
                0x0000000000080034        0x4 LONG 0x86e6c ABSOLUTE (AppColdStart)
                0x0000000000000000                _enc_offset = (_enc_start & 0xf)
                0x0000000000000044                PROVIDE (vException_BusError, restore_state)
                0x0000000000000044                PROVIDE (vException_UnalignedAccess, restore_state)
                0x0000000000000044                PROVIDE (vException_IllegalInstruction, restore_state)
                0x0000000000000044                PROVIDE (vException_SysCall, restore_state)
                0x0000000000000044                PROVIDE (vException_Trap, restore_state)
                0x0000000000000044                PROVIDE (vException_StackOverflow, restore_state)
                0x0000000000080038                . = ABSOLUTE (exception_vsr_table)

.vsr_table      0x0000000000080038       0x18
                0x0000000000080038        0x4 LONG 0x44 ABSOLUTE (vException_BusError)
                0x000000000008003c        0x4 LONG 0x44 ABSOLUTE (vException_UnalignedAccess)
                0x0000000000080040        0x4 LONG 0x44 ABSOLUTE (vException_IllegalInstruction)
                0x0000000000080044        0x4 LONG 0x44 ABSOLUTE (vException_SysCall)
                0x0000000000080048        0x4 LONG 0x44 ABSOLUTE (vException_Trap)
                0x000000000008004c        0x4 LONG 0x44 ABSOLUTE (vException_StackOverflow)

.vsr_handlers   0x0000000000080050       0xaa
 *(.vsr_handlers)
 .vsr_handlers  0x0000000000080050       0xaa C:/Users/桐蔭高校科学部/Desktop/GitHub/2024-toin-cansat/プログラム/Softs/MWSTAGE/MWSDK/ChipLib/SW4063V1416/Components/Library\libBoot_JN516x.a(ExceptionHandler.o)
                0x0000000000080050                _exception_external_interrupt
                0x00000000000800f8                _default_vsr_dummy

.rodata         0x0000000000080100      0x7fa
 *(.rodata*)
 .rodata.str1.1
                0x0000000000080100       0x4e C:\Users\桐蔭高~1\AppData\Local\Temp\ccznABpX.ltrans0.ltrans.o
                                         0x50 (size before relaxing)
 .rodata        0x000000000008014e      0x130 C:\Users\桐蔭高~1\AppData\Local\Temp\ccznABpX.ltrans0.ltrans.o
                0x000000000008014e                FONT
 *fill*         0x000000000008027e        0x2 00
 .rodata        0x0000000000080280       0xd4 C:\Users\桐蔭高~1\AppData\Local\Temp\ccznABpX.ltrans1.ltrans.o
                0x0000000000080280                s_aprScanHandleEvt.15013
                0x00000000000802b0                apvActionCalls
                0x0000000000080338                aprLPBMacVectorRamTable
                0x000000000008034c                psTamMacContext
                0x0000000000080350                psTAMcontext
 .rodata        0x0000000000080354       0x9a C:\Users\桐蔭高~1\AppData\Local\Temp\ccznABpX.ltrans2.ltrans.o
 .rodata.str1.1
                0x00000000000803ee       0x12 C:\Users\桐蔭高~1\AppData\Local\Temp\ccznABpX.ltrans3.ltrans.o
 .rodata        0x0000000000080400       0xc0 C:\Users\桐蔭高~1\AppData\Local\Temp\ccznABpX.ltrans3.ltrans.o
 .rodata.str1.1
                0x00000000000804c0        0xe C:\Users\桐蔭高~1\AppData\Local\Temp\ccznABpX.ltrans4.ltrans.o
 *fill*         0x00000000000804ce        0x2 00
 .rodata        0x00000000000804d0       0x30 C:\Users\桐蔭高~1\AppData\Local\Temp\ccznABpX.ltrans5.ltrans.o
                0x00000000000804d0                aeTimerInterruptDeviceIDlut.25655
 .rodata        0x0000000000080500        0x4 C:\Users\桐蔭高~1\AppData\Local\Temp\ccznABpX.ltrans6.ltrans.o
 .rodata.str1.1
                0x0000000000080504        0xd C:\Users\桐蔭高~1\AppData\Local\Temp\ccznABpX.ltrans7.ltrans.o
 .rodata        0x0000000000080511       0x17 C:\Users\桐蔭高~1\AppData\Local\Temp\ccznABpX.ltrans7.ltrans.o
 .rodata        0x0000000000080528        0x6 C:\Users\桐蔭高~1\AppData\Local\Temp\ccznABpX.ltrans8.ltrans.o
                0x0000000000080528                aeXcvPhyEvtToScanEvt.5424.15016
 .rodata.str1.1
                0x000000000008052e       0x11 C:\Users\桐蔭高~1\AppData\Local\Temp\ccznABpX.ltrans9.ltrans.o
 *fill*         0x000000000008053f        0x1 00
 .rodata        0x0000000000080540       0x7c C:\Users\桐蔭高~1\AppData\Local\Temp\ccznABpX.ltrans9.ltrans.o
                0x0000000000080574                u32MacLow_TOCOS
                0x0000000000080578                u32MacHigh_TOCOS
 .rodata.str1.1
                0x00000000000805bc       0x11 C:\Users\桐蔭高~1\AppData\Local\Temp\ccznABpX.ltrans10.ltrans.o
                                         0x22 (size before relaxing)
 *fill*         0x00000000000805cd        0x3 00
 .rodata        0x00000000000805d0       0x38 C:\Users\桐蔭高~1\AppData\Local\Temp\ccznABpX.ltrans10.ltrans.o
                0x00000000000805d0                asStateFuncTbl.26767
 .rodata.str1.1
                0x0000000000080608       0x88 C:\Users\桐蔭高~1\AppData\Local\Temp\ccznABpX.ltrans11.ltrans.o
 .rodata.str1.1
                0x0000000000080690       0x12 C:\Users\桐蔭高~1\AppData\Local\Temp\ccznABpX.ltrans12.ltrans.o
 .rodata        0x00000000000806a2      0x131 C:\Users\桐蔭高~1\AppData\Local\Temp\ccznABpX.ltrans13.ltrans.o
 *fill*         0x00000000000807d3        0x1 00
 .rodata        0x00000000000807d4       0x18 C:\Users\桐蔭高~1\AppData\Local\Temp\ccznABpX.ltrans14.ltrans.o
 .rodata        0x00000000000807ec        0xa C:\Users\桐蔭高~1\AppData\Local\Temp\ccznABpX.ltrans15.ltrans.o
 *fill*         0x00000000000807f6        0x2 00
 .rodata        0x00000000000807f8       0x30 C:\Users\桐蔭高~1\AppData\Local\Temp\ccznABpX.ltrans17.ltrans.o
                0x0000000000080800                psTamXcvContext
 .rodata.str1.1
                0x0000000000080828       0x8b C:\Users\桐蔭高~1\AppData\Local\Temp\ccznABpX.ltrans17.ltrans.o
 *fill*         0x00000000000808b3        0x1 00
 .rodata        0x00000000000808b4       0x30 C:\Users\桐蔭高~1\AppData\Local\Temp\ccznABpX.ltrans18.ltrans.o
                0x00000000000808b4                au32UartAddrOffset
                0x00000000000808bc                au32TimerBaseAddress
                0x00000000000808d0                CSWTCH.35.25602.25602
 .rodata.str1.1
                0x00000000000808e4       0x16 C:\Users\桐蔭高~1\AppData\Local\Temp\ccznABpX.ltrans21.ltrans.o

.text           0x00000000000808fc     0xf7bf
 *(.text*)
 .text          0x00000000000808fc      0xd60 C:\Users\桐蔭高~1\AppData\Local\Temp\ccznABpX.ltrans0.ltrans.o
                0x00000000000808fc                ToCoNet_vMain
 *fill*         0x000000000008165c        0x0 00
 .text          0x000000000008165c      0xbac C:\Users\桐蔭高~1\AppData\Local\Temp\ccznABpX.ltrans1.ltrans.o
                0x000000000008165c                eWBRTTxDone.14670
                0x000000000008167a                vTAMCOframeTXgoingIdle
                0x0000000000081693                vTAMCOframeTXcap
                0x00000000000816b9                eWCoRRxDone.14661
                0x0000000000081763                eWBcnRxDone.14673
                0x0000000000081d4e                vTAMCOframeRXcap
                0x0000000000081d61                vTAMCOframeRXgoingIdle
                0x0000000000081d77                vTAMCOframeRXnobeacon
                0x0000000000081d8a                vTAMDEframeRX
                0x0000000000081db3                vTAMDEframeRXtrackingDR
                0x0000000000081df7                vTAMDEframePreSyncReq
                0x0000000000081e10                vTAMCOframeTXbeacon
                0x0000000000081ed8                vTAMDEframeRXsyncReq
                0x0000000000082128                vTAMDEint1FiredTrackingCAPgts
                0x00000000000821d9                eWONTTxDone.14667
 .text          0x0000000000082208      0xc47 C:\Users\桐蔭高~1\AppData\Local\Temp\ccznABpX.ltrans2.ltrans.o
                0x0000000000082208                vAHI_IntHandlerTimer4
                0x0000000000082229                vAHI_IntHandlerTimer3
                0x000000000008224a                vAHI_IntHandlerTimer1
                0x000000000008226a                vAHI_IntHandlerTimer0
                0x000000000008228b                vTimerCallback.25249
                0x0000000000082296                vAHI_IntHandlerSpiMaster
                0x00000000000822bc                vAHI_IntHandlerAnalogPeriph
                0x00000000000822dc                vTTIBLETimerExpired
                0x00000000000822e7                vAHI_WatchdogStop
                0x00000000000822fe                _ZN3mwx2L120periph_pulse_counter10_on_wakeupEv.part.18.6770
                0x0000000000082374                u32AHI_DioWakeStatus
                0x0000000000082385                vAHI_DioWakeEdge
                0x00000000000823a5                vAHI_DioSetPullup
                0x00000000000823c5                vAHI_DioSetOutput
                0x00000000000823d9                vAHI_DioSetDirection
                0x00000000000823ed                vACI_CmdWaitBusy
                0x0000000000082451                vACI_OptimisedCcmStar
                0x0000000000082669                vTAIdisableInterrupt
                0x0000000000082682                psRemove.part.0.24213
                0x00000000000826b1                vMAC_MISCpollConfirm
                0x00000000000826e2                MAC_u8AclFindInfo
                0x000000000008280c                vTASretrieveSecurity
                0x000000000008282e                MAC_bLookUpKeyDescriptor.21765
                0x00000000000828a8                u8TSCframeIncrease
                0x00000000000828e1                vTSCpostTransmitUpdate
                0x0000000000082911                vCopyToDataFromMacAddr.21675
                0x0000000000082944                bTSCgetOutgoingInfo
                0x0000000000082a4d                vDoGoOff.20955
                0x0000000000082a67                psTAQsearchFifo
                0x0000000000082ab0                bTAQremoveFromFifo
                0x0000000000082aed                vTTITransactionTimerExpired
                0x0000000000082b16                vTAMinsertEvent
                0x0000000000082b7c                vTTITimer2Expired
                0x0000000000082b80                vTTITimer1Expired
                0x0000000000082b84                vTAM_TxRetryTimeout
                0x0000000000082b88                vTACsetTxFrameDefaults
                0x0000000000082bae                u8TACgetHeaderSize
                0x0000000000082beb                bUpdateTime.19993
                0x0000000000082c26                vTACbuildBeacon
                0x0000000000082e2e                u32TACpayloadToU32M
 .text.unlikely
                0x0000000000082e4f       0x24 C:\Users\桐蔭高~1\AppData\Local\Temp\ccznABpX.ltrans2.ltrans.o
                0x0000000000082e4f                vAHI_CpuDoze
                0x0000000000082e62                vStartXtal32kExternalRc.25263
 .text          0x0000000000082e73      0xd0a C:\Users\桐蔭高~1\AppData\Local\Temp\ccznABpX.ltrans3.ltrans.o
                0x000000000008306b                _ftoa.27503.constprop.323
                0x00000000000833c4                _ntoa_long_long.27477.constprop.320
                0x0000000000083499                _ntoa_long.27465.constprop.325
                0x0000000000083566                vMicroIntEnableOnly.constprop.303
                0x0000000000083592                vMMAC_SetChannelAndPower
                0x000000000008373b                vPhySetChannel
                0x000000000008375a                QUEUE__u8RemoveItem.part.1.5683
                0x0000000000083795                QUEUE__vAddItem.constprop.293
                0x00000000000837c7                _ToCoNet_bRfChChannel
                0x000000000008385c                ToCoNet_ChMgr_bCh_Reconfig
                0x00000000000838c4                ToCoNet_ChMgr_vCh_TxFin
                0x00000000000838f0                vHnd_E_STATE_WAIT_TX.26735
                0x0000000000083960                vHnd_E_STATE_IDLE.26727
                0x00000000000839c4                vAHI_ProtocolPower.constprop.302
                0x00000000000839d2                vMMAC_ConfigureRadio
 .text.unlikely
                0x0000000000083b7d      0x205 C:\Users\桐蔭高~1\AppData\Local\Temp\ccznABpX.ltrans3.ltrans.o
                0x0000000000083b7d                _ZN3mwx2L110twenet_mac8transmitERNS0_9packet_txE.local.32.constprop.292
 .text          0x0000000000083d82      0x8fc C:\Users\桐蔭高~1\AppData\Local\Temp\ccznABpX.ltrans4.ltrans.o
                0x0000000000083d82                vHnd_E_STATE_RUNNING.26743
                0x0000000000083fcc                SERIAL_vTxReady
                0x0000000000084066                vAppQApiPostHwIntT.4161
                0x0000000000084139                _ZN3mwx2L110serial_jen6_beginEv.part.25.6789
                0x00000000000843be                vTimerStart
                0x00000000000844d7                MWX_Panic
                0x000000000008453b                SERIAL_i16RxChar
                0x00000000000845c0                _Z15displayDrawCharhi.constprop.307
                0x0000000000084602                _Z12displayClearh.constprop.309
 .text          0x000000000008467e      0xac9 C:\Users\桐蔭高~1\AppData\Local\Temp\ccznABpX.ltrans5.ltrans.o
                0x0000000000084693                mac_vLPBStartTimer
                0x00000000000847cf                _out_fct.27429
                0x00000000000847e1                _out_null.27435
                0x00000000000847e4                vOutputStream.27348
                0x0000000000084916                vProcessEvCoreTx.26704
                0x0000000000084a06                bAHI_SetClockRate
                0x0000000000084b11                _ZN3mwx2L115periph_analogue10_adc_startEv.local.43.constprop.283
                0x0000000000084bfa                mwx::L1::periph_analogue::ADC_handler(unsigned long, unsigned long)
                0x0000000000084c41                u8HwEventHandler.3262
                0x0000000000084ce9                _ZN3mwx2L16twenet5beginEv.local.112.constprop.270
                0x0000000000084d2e                vAHI_DoSetPullup.constprop.269
                0x0000000000084d4e                vAHI_DioWakeEnable.constprop.268
                0x0000000000084d62                vAHI_TimerEnable.part.1.25469.constprop.235
                0x0000000000084dcd                bAES_CCMstar
                0x0000000000084e99                pvHeap_Alloc
                0x0000000000084e9c                operator new(unsigned long)
                0x0000000000084ebf                _ZN3mwx2L114periph_twowireC1Eh.local.76
                0x0000000000084efc                u32AHI_Init
                0x0000000000084fbe                vMicroIntRestoreState
                0x0000000000084fca                bAHI_DoEnableOutputs
                0x0000000000084ff3                u8AHI_WakeTimerFiredStatus
                0x0000000000085007                vAHI_WakeTimerStop.part.3.25934
                0x0000000000085027                mac_vLPBStopTimer
                0x0000000000085031                vAHI_UartSetClocksPerBit.part.18.25730
                0x0000000000085058                vAHI_UartSetRTSCTS.part.15.25715
                0x000000000008507f                vAHI_UartReset.part.4.25688
                0x00000000000850b7                vAHI_UartSetControl.part.2.25672
                0x0000000000085108                vAHI_UartSetBaudDivisor.part.1.25668
 .text.unlikely
                0x0000000000085147       0x45 C:\Users\桐蔭高~1\AppData\Local\Temp\ccznABpX.ltrans5.ltrans.o
                0x0000000000085147                vAHI_MemoryHold.25366
 .text          0x000000000008518c      0x9e5 C:\Users\桐蔭高~1\AppData\Local\Temp\ccznABpX.ltrans6.ltrans.o
                0x000000000008518c                vTACintRXheader
                0x0000000000085987                cbAppColdStart.part.32.7396
 .text          0x0000000000085b71      0x876 C:\Users\桐蔭高~1\AppData\Local\Temp\ccznABpX.ltrans7.ltrans.o
                0x0000000000085b71                UART_vHandleUartInterrupt.5608
                0x0000000000085bf8                vRxChar.5506
                0x0000000000085c49                vXCV_IntHandlerPhy
                0x0000000000085cfb                vScanHandleTimer.14270
                0x0000000000085d00                bAES_CCM_DecodeKey
                0x0000000000085dbc                _ZN3mwx2L114processev_crtpINS0_9NwkSimpleEE14vProcessEvCoreEP8_tsEvent7teEventm.local.192
                0x0000000000085e6f                vXCV_IntHandlerBbc
                0x0000000000085f12                _ZN3mwx2L114periph_twowire15endTransmissionEb.part.15.2405
                0x0000000000085f2e                _ZN3mwx2L110serial_jen13_set_baudrateEt.isra.2.6736
                0x0000000000085fdf                u8TAM_AES_WriteAuxilliarySecurityHeaderIntoBuffer
                0x0000000000086051                u32AHI_ReadIndexSectorBits.constprop.217
                0x00000000000860b2                _ZN3mwx2L114periph_twowire14cmd_tx_no_stopEb.isra.13.2399.constprop.315
                0x00000000000860c0                _ZN3mwx2L114periph_twowire5writeEh.local.178.constprop.313
                0x00000000000860fd                _ZN3mwx2L114periph_twowire17beginTransmissionEh.local.177.constprop.316
                0x0000000000086132                _Z13displayLocatehii.part.9.1781
                0x0000000000086182                vTAIsetCapTime
                0x00000000000861a3                vTAIsetRxEnableTime
                0x00000000000861c4                vDoGoActive.20957
                0x00000000000861e6                vTAMRXEint2Fired
                0x000000000008621c                _ZN3mwx2L115periph_analogue5setupEbhPFvvE.local.124.constprop.279
                0x00000000000862b9                _ZN3mwx2L115periph_analogue5beginEv.local.120.constprop.278
                0x0000000000086324                _ZL5delaym.2363
 *fill*         0x00000000000863e7        0x1 00
 .text          0x00000000000863e8      0xa84 C:\Users\桐蔭高~1\AppData\Local\Temp\ccznABpX.ltrans8.ltrans.o
                0x00000000000863e8                vPostDcfm.14657
                0x00000000000864bc                AppWarmStart
                0x000000000008658c                vSetNextChannel.14705
                0x00000000000865e5                MAC_vHandleMlmeReqRsp
                0x0000000000086d95                vTAMDEint1FiredTracking
                0x0000000000086e05                vTAMDEint1FiredSyncReq
 .text          0x0000000000086e6c      0x55c C:\Users\桐蔭高~1\AppData\Local\Temp\ccznABpX.ltrans9.ltrans.o
                0x0000000000086e6c                AppColdStart
 .text.unlikely
                0x00000000000873c8      0x43b C:\Users\桐蔭高~1\AppData\Local\Temp\ccznABpX.ltrans9.ltrans.o
                0x00000000000873c8                ToCoNet_vStart
 .text          0x0000000000087803      0xc78 C:\Users\桐蔭高~1\AppData\Local\Temp\ccznABpX.ltrans10.ltrans.o
                0x0000000000087803                TSV_eStart
                0x00000000000878e7                eTAStransmitRequest
                0x0000000000087c82                TSV_eOpen
                0x0000000000087c8a                vAppApiDefRestoreMacSettings
                0x0000000000087d71                vAppApiDefSaveMacSettings
                0x0000000000087dce                mac_vLPBSleep
                0x0000000000087e8c                pvAppApiDefGetMacAddrLocation
                0x0000000000087e95                eAppApiDefPlmeGet
                0x0000000000087ee7                eAppApiDefPlmeSet
                0x0000000000087f58                vAppApiDefMcpsRequest
                0x0000000000087f83                vHnd_E_STATE_PREPARE_TX.26722
 .text          0x000000000008847b      0x582 C:\Users\桐蔭高~1\AppData\Local\Temp\ccznABpX.ltrans11.ltrans.o
                0x000000000008847b                _ZN3mwx2L112appdefs_crtpINS0_9NwkSimpleEE18_cbTweNet_vRxEventEPvRNS0_9packet_rxE.local.190
                0x00000000000889c9                vAppApiDefMlmeRequest
                0x00000000000889f4                pvAppApiDefGetMacHandle
 *fill*         0x00000000000889fd        0x3 00
 .text.unlikely
                0x0000000000088a00      0x310 C:\Users\桐蔭高~1\AppData\Local\Temp\ccznABpX.ltrans11.ltrans.o
                0x0000000000088a1d                vProcessIncomingHwEvent.3431
 .text          0x0000000000088d10      0x87c C:\Users\桐蔭高~1\AppData\Local\Temp\ccznABpX.ltrans12.ltrans.o
                0x0000000000088d10                vMLMEbeaconNotify
                0x0000000000088e6e                vMCPSframeReceived
                0x0000000000088f31                vTAMRXEsetPhy
                0x0000000000088ff4                vTAHsetPhyState
                0x0000000000089024                vTAMCOint2Fired
                0x0000000000089044                vSetPHYfromMacValue.17791
                0x0000000000089076                vTAMDEint1FiredWaitDR
                0x0000000000089083                vTACsetPHYfromMacValue
                0x00000000000890a4                vTAMRXEsetReceiveForPibChange
                0x00000000000890e4                bAHI_ReadMACID
                0x000000000008912a                ToCoNet_vInit
                0x000000000008946d                vExpireHead.24218
                0x000000000008949d                vAHI_SiMasterConfigure.constprop.335
                0x00000000000894d1                _ZN3mwx2L114periph_twowire8_init_hwEb.isra.7.1586.constprop.333
                0x0000000000089502                MWX_DebugMsg
                0x0000000000089543                _ZN3mwx2L114periph_twowire9busy_waitEv.isra.10.2395
 .text.unlikely
                0x000000000008958c      0x1ab C:\Users\桐蔭高~1\AppData\Local\Temp\ccznABpX.ltrans12.ltrans.o
                0x0000000000089605                bStartXtal32k.25273
                0x000000000008970d                _ZL11digitalReadh.2366
                0x0000000000089728                u32AppQApiInitInt_PATCH
 .text          0x0000000000089737      0xa8b C:\Users\桐蔭高~1\AppData\Local\Temp\ccznABpX.ltrans13.ltrans.o
                0x0000000000089737                mac_vLPBAdjustBeaconOffset
                0x0000000000089794                mac_u32LPBGetBeaconTimeout
                0x000000000008979d                eWEnDTmrExpiry.14654
                0x00000000000897a8                eWEnDEdDone.14651
                0x0000000000089803                eGenlDontCare.14648
                0x0000000000089808                eGenlIllegal.14273
                0x000000000008980f                u32GetTimer0
                0x0000000000089816                vSetTimer0
                0x0000000000089825                _ZN3mwx2L112appdefs_crtpINS0_9NwkSimpleEE18_cbTweNet_vHwEventEPvmm.local.189
                0x0000000000089828                _ZN3mwx2L112appdefs_crtpINS0_9NwkSimpleEE17_cbTweNet_u8HwIntEPvmm.local.188
                0x000000000008982d                vHandlerPatch.5481
                0x0000000000089864                _ZN3mwx2L112appdefs_crtpINS0_9NwkSimpleEE18_cbTweNet_vTxEventEPvRNS0_12packet_ev_txE.local.187
                0x000000000008987e                _ZN3mwx2L112appdefs_crtpINS0_9NwkSimpleEE19_cbTweNet_vNwkEventEPvRNS0_13packet_ev_nwkE.local.193
                0x0000000000089887                _ZN3mwx2L112appdefs_crtpINS0_9NwkSimpleEE15_cbTweNet_vMainEPv.local.194
                0x000000000008988a                vTACu32ToPayloadM
                0x00000000000898a2                bTACframeInProgress
                0x00000000000898cc                bTACassessBeaconForPayload
                0x000000000008991d                bIsBbcSafeForTx
                0x0000000000089952                vTATwriteAclMaterialToHardware
                0x0000000000089977                vTATsetBLE
                0x00000000000899ae                vTATgetFramePayload
                0x00000000000899cb                eTATreadTXstatus
                0x0000000000089a11                vTAHsetPhyStateDirect.part.0.19134
                0x0000000000089a2d                vMEMreturn
                0x0000000000089a9e                vTACinformOriginator
                0x0000000000089ac0                pvMEMget
                0x0000000000089aec                vTAMDEdetermineNullState
                0x0000000000089b06                vTAMCOupdatePendingList
                0x0000000000089bd8                vTAMCOsetCoordinator
                0x0000000000089bfe                eScanHandleEvt.part.0.14684
                0x0000000000089c27                mac_eDcfmIndPost
                0x0000000000089c48                mac_psDcfmIndGetBuf
                0x0000000000089c69                vMLMErxEnableConfirm
                0x0000000000089c9b                vMLMEcommStatus
                0x0000000000089cfe                vMLMEcommStatusFromFrame
                0x0000000000089d42                vMLMEsyncLoss
                0x0000000000089d75                vPMICpostFailedAssocDcfm
                0x0000000000089dad                vPMICassocReqTO_2.13101
                0x0000000000089dc4                MAC_vPibSetPanId
                0x0000000000089ddf                vHandleTofRequest.11207
                0x0000000000089de2                vAppApiDefSetPrbsSeed
                0x0000000000089e06                mwx::L1::duplciate_checker::_node_ele_init(mwx::L1::duplciate_checker::_node_ele*)
                0x0000000000089e24                _ZN3mwx2L113serial_parserINS0_10alloc_heapIhEEEC1Ev.local.52
                0x0000000000089e46                _ZN3mwx2L16twenetC1Ev.local.58
                0x0000000000089edd                _ZN3mwx2L110serial_jenC1Eh.local.107
                0x0000000000089f0d                _ZN3mwx2L115periph_analogueC1Ev.local.125
                0x0000000000089f38                _ZN3mwx2L112appdefs_virt8on_eventEmRm.local.134
                0x0000000000089f50                _ZN3mwx2L112appdefs_virt18cbToCoNet_vHwEventEmm.local.136
                0x0000000000089f68                _ZN3mwx2L112appdefs_virt18cbToCoNet_vTxEventERNS0_12packet_ev_txE.local.137
                0x0000000000089f80                _ZN3mwx2L112appdefs_virt19cbToCoNet_vNwkEventERNS0_13packet_ev_nwkE.local.139
                0x0000000000089f98                u8CCITT8
                0x0000000000089fbe                bAES_CCM_KeyReg
                0x0000000000089ffd                bFifoPush.4182
                0x000000000008a036                vAppQApiPostMlme.4168
                0x000000000008a055                vAppQApiPostMcps.4175
                0x000000000008a070                pvFifoPull.4179
                0x000000000008a097                psAppQApiGetMlmeBuffer.4165
                0x000000000008a09f                psAppQApiGetMcpsBuffer.4172
                0x000000000008a0a7                PRSEV_vSetState
                0x000000000008a0b7                PRSEV_vProcessEv_core.3052
                0x000000000008a159                PRSEV_vProcessEvPost
                0x000000000008a18b                _PRSEV_vProcessEvSingle
                0x000000000008a198                ToCoNet_vMacStart
                0x000000000008a1a5                _ZN3mwx2L18_smplbufIhNS0_12alloc_attachIhEEE9push_backEOh.local.160
 .text.unlikely
                0x000000000008a1c2       0x65 C:\Users\桐蔭高~1\AppData\Local\Temp\ccznABpX.ltrans13.ltrans.o
                0x000000000008a1c2                _ZN3mwx2L112appdefs_virt18cbToCoNet_vRxEventERNS0_9packet_rxE.local.138
                0x000000000008a1da                PRSEV_u8Register
                0x000000000008a218                _PRSEV_vProcessEvSingleH
 *fill*         0x000000000008a227        0x1 00
 .text          0x000000000008a228      0x96c C:\Users\桐蔭高~1\AppData\Local\Temp\ccznABpX.ltrans14.ltrans.o
                0x000000000008a228                vPMICassocReqTO_1.13094
                0x000000000008a2b0                vTAM_MCPSdataRequest
                0x000000000008a2f3                bTACcheckPANconflict
                0x000000000008a3ac                vTAMDEstartSync
                0x000000000008a42b                eTAMselect
                0x000000000008a56c                MAC_pvCtor
                0x000000000008a995                vDeterminePowerState.17915
                0x000000000008aa19                vTAMDEint1FiredTrackingBeacon
                0x000000000008aab9                vTAMDEint2FiredTrackingDR
                0x000000000008aade                vTAMDEframeTXtrackingDR
                0x000000000008ab37                vTAMDEint2FiredPollActive
                0x000000000008ab6b                vTAMDEreqTXnullTrackingCAP
                0x000000000008ab84                vTAM_TxRetryTimer
 .text          0x000000000008ab94      0x8f9 C:\Users\桐蔭高~1\AppData\Local\Temp\ccznABpX.ltrans15.ltrans.o
                0x000000000008acf4                bAES_CCM_EncodeKey
                0x000000000008ada1                bTAM_AES_CCMstarPatch
                0x000000000008aee5                bTAM_AES_CCMstarPatch2006
                0x000000000008afec                vWriteFrame.19493
                0x000000000008b1c4                bTATsendFrame
                0x000000000008b217                bSendDataRequest.17795
                0x000000000008b329                _ZN3mwx2L110serial_jen5beginEmh.part.26.6899
                0x000000000008b3a6                _ZN3mwx2L110serial_jen10_on_wakeupEv.part.27.6914
                0x000000000008b3d1                _MWX_periph_init()
 *fill*         0x000000000008b48d        0x3 00
 .text          0x000000000008b490      0x82c C:\Users\桐蔭高~1\AppData\Local\Temp\ccznABpX.ltrans16.ltrans.o
                0x000000000008b5d3                vHnd_E_STATE_FINISH_TX_FAIL.26712
                0x000000000008b689                vHnd_E_STATE_FINISH_TX_SUCCESS.26717
                0x000000000008b71b                vTAMCOreqTXinCAP
                0x000000000008b741                pinMode(unsigned char, mwx::L1::enum_wapper<PIN_MODE::eMWX_DIO_MODE, unsigned char>)
                0x000000000008b8c6                vTrySendFromDirectCAP.17248
                0x000000000008b8e2                vTrySendFromDirectNoBeacon.17252
                0x000000000008b90e                vTAMCOint1Fired
                0x000000000008ba2a                vTAMCOstartBeacon
                0x000000000008ba65                vStartStoreValues.17316
                0x000000000008bb1c                bStartCallback.17345
                0x000000000008bb4b                vTAMCOint1FiredCAP
                0x000000000008bbbe                vTAMCOreqTXnoBeacon
                0x000000000008bbd0                vTrySendUnslotted.17793
                0x000000000008bbea                bProcessBeaconRX.17798
 .text          0x000000000008bcbc      0x5c1 C:\Users\桐蔭高~1\AppData\Local\Temp\ccznABpX.ltrans17.ltrans.o
                0x000000000008bcbc                u32AppApiDefInit
                0x000000000008bd87                _ToCoNet_vMacInit
                0x000000000008bded                _ToCoNet_vRfConfig
                0x000000000008bf88                mwx::L1::NwkSimple::on_create(unsigned long&)
                0x000000000008bfd8                _ZN3mwx2L123twenet_instance_manager3useINS0_9NwkSimpleEEERT_Rm.local.162.constprop.272
                0x000000000008c144                setup()
 *fill*         0x000000000008c27d        0x3 00
 .text          0x000000000008c280      0x5e4 C:\Users\桐蔭高~1\AppData\Local\Temp\ccznABpX.ltrans18.ltrans.o
                0x000000000008c2cb                vAHI_IntHandlerTickTimer
                0x000000000008c312                SERIAL_bTxChar
                0x000000000008c3c3                TWETERM_iPutS.6121
                0x000000000008c3e8                TWETERM_iPutC.6125
                0x000000000008c3f9                TWETERM_vFlush.6098
                0x000000000008c477                eGenRxHdrDone.14664
                0x000000000008c487                vTimerConfig
                0x000000000008c691                cbAppWarmStart.part.28.7175
 .text          0x000000000008c864      0x780 C:\Users\桐蔭高~1\AppData\Local\Temp\ccznABpX.ltrans19.ltrans.o
                0x000000000008c864                eGenTmrExpiry.14966
                0x000000000008c8a6                eWEDTEdDone.14969
                0x000000000008c8ca                TSV_eStop
                0x000000000008c988                bPMICdisassocReqSent.13090
                0x000000000008ca42                MAC_vHandleMcpsReqRsp
                0x000000000008cacf                bMCPSframeTXcomplete.15701
                0x000000000008cb24                bSendSyncLoss.19928
                0x000000000008cb3c                bPollReqSent.23524
                0x000000000008cb54                bTASsendCommStatusInd
                0x000000000008cb69                bAssocRespSent.13086
                0x000000000008cb7c                eTACprocessFrameTXcomplete
                0x000000000008ccf9                vTAMCOframeTXnobeacon
                0x000000000008cd0e                vTAMCOframeStarting
                0x000000000008cd27                vTAMDEframeTXDEnull
                0x000000000008cd4a                vTAMDEframeTXtrackingCAPgts
                0x000000000008cd76                bPMICassocReqSent.13082
                0x000000000008cdf8                bPMICassocReqPollSent.13097
                0x000000000008ce4c                eWChCChanChgd.14681
 .text          0x000000000008cfe4      0x9bf C:\Users\桐蔭高~1\AppData\Local\Temp\ccznABpX.ltrans20.ltrans.o
                0x000000000008cfe4                _etoa.27523.constprop.321
                0x000000000008d390                _vsnprintf.constprop.319
 .text          0x000000000008d9a3      0x156 C:\Users\桐蔭高~1\AppData\Local\Temp\ccznABpX.ltrans21.ltrans.o
                0x000000000008d9a3                _ZN3mwx2L112appdefs_crtpINS0_9NwkSimpleEE9_on_eventEPvmRm.local.191
                0x000000000008da92                vProcessEvCoreMac
 .text          0x000000000008daf9       0x25 c:/users/桐蔭高校科学部/desktop/github/2024-toin-cansat/プログラム/softs/mwstage/tools/ba-elf-ba2-r36379.w10/bin/../lib/gcc/ba-elf/4.7.4/../../../../ba-elf/lib/mcpu_jn51xx_sizeopt\libc.a(lib_a-memcmp.o)
                0x000000000008daf9                memcmp
 .text          0x000000000008db1e       0x19 c:/users/桐蔭高校科学部/desktop/github/2024-toin-cansat/プログラム/softs/mwstage/tools/ba-elf-ba2-r36379.w10/bin/../lib/gcc/ba-elf/4.7.4/../../../../ba-elf/lib/mcpu_jn51xx_sizeopt\libc.a(lib_a-memcpy.o)
 *fill*         0x000000000008db37        0x1 00
 .text          0x000000000008db38      0x204 c:/users/桐蔭高校科学部/desktop/github/2024-toin-cansat/プログラム/softs/mwstage/tools/ba-elf-ba2-r36379.w10/bin/../lib/gcc/ba-elf/4.7.4/mcpu_jn51xx_sizeopt\libgcc.a(__udivsi3.o)
                0x000000000008db38                __udivsi3
 .text          0x000000000008dd3c       0x30 c:/users/桐蔭高校科学部/desktop/github/2024-toin-cansat/プログラム/softs/mwstage/tools/ba-elf-ba2-r36379.w10/bin/../lib/gcc/ba-elf/4.7.4/mcpu_jn51xx_sizeopt\libgcc.a(__divsi3.o)
                0x000000000008dd3c                __divsi3
 .text          0x000000000008dd6c      0x1b0 c:/users/桐蔭高校科学部/desktop/github/2024-toin-cansat/プログラム/softs/mwstage/tools/ba-elf-ba2-r36379.w10/bin/../lib/gcc/ba-elf/4.7.4/mcpu_jn51xx_sizeopt\libgcc.a(__umodsi3.o)
                0x000000000008dd6c                __umodsi3
 .text          0x000000000008df1c       0x24 c:/users/桐蔭高校科学部/desktop/github/2024-toin-cansat/プログラム/softs/mwstage/tools/ba-elf-ba2-r36379.w10/bin/../lib/gcc/ba-elf/4.7.4/mcpu_jn51xx_sizeopt\libgcc.a(__modsi3.o)
                0x000000000008df1c                __modsi3
 .text          0x000000000008df40       0x39 c:/users/桐蔭高校科学部/desktop/github/2024-toin-cansat/プログラム/softs/mwstage/tools/ba-elf-ba2-r36379.w10/bin/../lib/gcc/ba-elf/4.7.4/mcpu_jn51xx_sizeopt\libgcc.a(_fixunsdfsi.o)
                0x000000000008df40                __fixunsdfsi
 .text          0x000000000008df79      0x350 c:/users/桐蔭高校科学部/desktop/github/2024-toin-cansat/プログラム/softs/mwstage/tools/ba-elf-ba2-r36379.w10/bin/../lib/gcc/ba-elf/4.7.4/mcpu_jn51xx_sizeopt\libgcc.a(_udivdi3.o)
                0x000000000008df79                __udivdi3
 .text          0x000000000008e2c9      0x312 c:/users/桐蔭高校科学部/desktop/github/2024-toin-cansat/プログラム/softs/mwstage/tools/ba-elf-ba2-r36379.w10/bin/../lib/gcc/ba-elf/4.7.4/mcpu_jn51xx_sizeopt\libgcc.a(_umoddi3.o)
                0x000000000008e2c9                __umoddi3
 .text          0x000000000008e5db      0x682 c:/users/桐蔭高校科学部/desktop/github/2024-toin-cansat/プログラム/softs/mwstage/tools/ba-elf-ba2-r36379.w10/bin/../lib/gcc/ba-elf/4.7.4/mcpu_jn51xx_sizeopt\libgcc.a(adddf3.o)
                0x000000000008e5db                __adddf3
 *fill*         0x000000000008ec5d        0x3 00
 .text          0x000000000008ec60      0x5c8 c:/users/桐蔭高校科学部/desktop/github/2024-toin-cansat/プログラム/softs/mwstage/tools/ba-elf-ba2-r36379.w10/bin/../lib/gcc/ba-elf/4.7.4/mcpu_jn51xx_sizeopt\libgcc.a(divdf3.o)
                0x000000000008ec60                __divdf3
 .text          0x000000000008f228       0x7f c:/users/桐蔭高校科学部/desktop/github/2024-toin-cansat/プログラム/softs/mwstage/tools/ba-elf-ba2-r36379.w10/bin/../lib/gcc/ba-elf/4.7.4/mcpu_jn51xx_sizeopt\libgcc.a(eqdf2.o)
                0x000000000008f228                __nedf2
                0x000000000008f228                __eqdf2
 .text          0x000000000008f2a7       0xca c:/users/桐蔭高校科学部/desktop/github/2024-toin-cansat/プログラム/softs/mwstage/tools/ba-elf-ba2-r36379.w10/bin/../lib/gcc/ba-elf/4.7.4/mcpu_jn51xx_sizeopt\libgcc.a(gedf2.o)
                0x000000000008f2a7                __gedf2
                0x000000000008f2a7                __gtdf2
 .text          0x000000000008f371       0xcb c:/users/桐蔭高校科学部/desktop/github/2024-toin-cansat/プログラム/softs/mwstage/tools/ba-elf-ba2-r36379.w10/bin/../lib/gcc/ba-elf/4.7.4/mcpu_jn51xx_sizeopt\libgcc.a(ledf2.o)
                0x000000000008f371                __ledf2
                0x000000000008f371                __ltdf2
 .text          0x000000000008f43c      0x488 c:/users/桐蔭高校科学部/desktop/github/2024-toin-cansat/プログラム/softs/mwstage/tools/ba-elf-ba2-r36379.w10/bin/../lib/gcc/ba-elf/4.7.4/mcpu_jn51xx_sizeopt\libgcc.a(muldf3.o)
                0x000000000008f43c                __muldf3
 .text          0x000000000008f8c4      0x693 c:/users/桐蔭高校科学部/desktop/github/2024-toin-cansat/プログラム/softs/mwstage/tools/ba-elf-ba2-r36379.w10/bin/../lib/gcc/ba-elf/4.7.4/mcpu_jn51xx_sizeopt\libgcc.a(subdf3.o)
                0x000000000008f8c4                __subdf3
 .text          0x000000000008ff57       0x64 c:/users/桐蔭高校科学部/desktop/github/2024-toin-cansat/プログラム/softs/mwstage/tools/ba-elf-ba2-r36379.w10/bin/../lib/gcc/ba-elf/4.7.4/mcpu_jn51xx_sizeopt\libgcc.a(fixdfsi.o)
                0x000000000008ff57                __fixdfsi
 .text          0x000000000008ffbb       0x61 c:/users/桐蔭高校科学部/desktop/github/2024-toin-cansat/プログラム/softs/mwstage/tools/ba-elf-ba2-r36379.w10/bin/../lib/gcc/ba-elf/4.7.4/mcpu_jn51xx_sizeopt\libgcc.a(floatsidf.o)
                0x000000000008ffbb                __floatsidf
 .text          0x000000000009001c       0x4f c:/users/桐蔭高校科学部/desktop/github/2024-toin-cansat/プログラム/softs/mwstage/tools/ba-elf-ba2-r36379.w10/bin/../lib/gcc/ba-elf/4.7.4/mcpu_jn51xx_sizeopt\libgcc.a(floatunsidf.o)
                0x000000000009001c                __floatunsidf
 .text          0x000000000009006b       0x27 C:/Users/桐蔭高校科学部/Desktop/GitHub/2024-toin-cansat/プログラム/Softs/MWSTAGE/MWSDK/ChipLib/SW4063V1416/Components/Library\libHardwareApi_JN5169.a(AHI_Interrupt.o)
                0x000000000009006b                vAHI_InterruptSetPriority
                0x0000000000090089                vAHI_InterruptSetActivePriorityLevel
 .text.vMicroSyscall
                0x0000000000090092       0x17 C:/Users/桐蔭高校科学部/Desktop/GitHub/2024-toin-cansat/プログラム/Softs/MWSTAGE/MWSDK/ChipLib/SW4063V1416/Components/Library\libMicroSpecific_JN516x.a(MicroSyscall_ba.o)
                0x0000000000090092                vMicroSyscall
 .text          0x00000000000900a9       0x12 c:/users/桐蔭高校科学部/desktop/github/2024-toin-cansat/プログラム/softs/mwstage/tools/ba-elf-ba2-r36379.w10/bin/../lib/gcc/ba-elf/4.7.4/../../../../ba-elf/lib/mcpu_jn51xx_sizeopt\libc.a(lib_a-memset.o)
                0x00000000000900a9                memset
                0x00000000000900bb                _flash_end = ABSOLUTE (.)

.rela.dyn       0x00000000000900bc        0x0
 .rela.text     0x0000000000000000        0x0 C:\Users\桐蔭高~1\AppData\Local\Temp\ccznABpX.ltrans0.ltrans.o
 .rela.rodata   0x0000000000000000        0x0 C:\Users\桐蔭高~1\AppData\Local\Temp\ccznABpX.ltrans0.ltrans.o
 .rela.text.unlikely
                0x0000000000000000        0x0 C:\Users\桐蔭高~1\AppData\Local\Temp\ccznABpX.ltrans0.ltrans.o
 .rela.data     0x0000000000000000        0x0 C:\Users\桐蔭高~1\AppData\Local\Temp\ccznABpX.ltrans0.ltrans.o
                0x000000000400004c                . = ORIGIN (ram)

.data           0x000000000400004c       0x14 load address 0x00000000000900bc
                0x000000000400004c                _ram_data_start = ABSOLUTE (.)
 *(.data*)
 .data          0x000000000400004c        0x8 C:\Users\桐蔭高~1\AppData\Local\Temp\ccznABpX.ltrans0.ltrans.o
 .data          0x0000000004000054        0x1 C:\Users\桐蔭高~1\AppData\Local\Temp\ccznABpX.ltrans3.ltrans.o
 *fill*         0x0000000004000055        0x3 00
 .data          0x0000000004000058        0x4 C:\Users\桐蔭高~1\AppData\Local\Temp\ccznABpX.ltrans5.ltrans.o
                0x0000000004000058                u32HeapStart
 .data          0x000000000400005c        0x1 C:\Users\桐蔭高~1\AppData\Local\Temp\ccznABpX.ltrans6.ltrans.o
                0x000000000400005c                _toconet_tx_u8_init_queue_flag
 .data          0x000000000400005d        0x1 C:\Users\桐蔭高~1\AppData\Local\Temp\ccznABpX.ltrans10.ltrans.o
                0x000000000400005d                u8TxWkrNow.26845
 .data          0x000000000400005e        0x1 C:\Users\桐蔭高~1\AppData\Local\Temp\ccznABpX.ltrans14.ltrans.o
 .data.initinboot
                0x000000000400005f        0x1 C:\Users\桐蔭高~1\AppData\Local\Temp\ccznABpX.ltrans14.ltrans.o
                0x000000000400005f                gMAC_u8MaxBuffers
 *(.data.*)
                0x0000000004000060                . = ALIGN (0x4)
                0x0000000004000060                _ram_data_end = ABSOLUTE (.)

.bss            0x0000000004000060     0x163c load address 0x00000000000900d0
                0x0000000004000060                _bss_start = ABSOLUTE (.)
 *(.bss*)
 .bss           0x0000000004000060      0x16c C:\Users\桐蔭高~1\AppData\Local\Temp\ccznABpX.ltrans0.ltrans.o
                0x0000000004000060                sMcpsIndQueue.4400
                0x0000000004000070                sMcpsIndBufferQueue.4398
                0x0000000004000080                sMlmeIndQueue.4401
                0x0000000004000090                sMlmeIndBufferQueue.4399
                0x00000000040000a0                sHwIndQueue.4402
                0x00000000040000b0                sHwIndBufferQueue.4403
                0x00000000040000c0                _u32_INT_adc_comp
                0x00000000040000c4                _u32_INT_ticktimer
                0x00000000040000c8                the_vsettings
                0x00000000040000cc                the_vhw
                0x00000000040000d0                the_vapp
                0x00000000040000d4                the_vnet2
                0x00000000040000d8                the_vnet
                0x00000000040000dc                asSerialPorts
                0x0000000004000114                the_mac
                0x0000000004000130                Wire
                0x0000000004000148                gpsLength
                0x000000000400014c                Serial
                0x000000000400016c                _periph_availmap
 .bss           0x00000000040001cc       0x40 C:\Users\桐蔭高~1\AppData\Local\Temp\ccznABpX.ltrans1.ltrans.o
                0x00000000040001cc                g_sLP
                0x0000000004000208                g_pvMac
 .bss.initinboot
                0x000000000400020c      0x1c0 C:\Users\桐蔭高~1\AppData\Local\Temp\ccznABpX.ltrans1.ltrans.o
                0x000000000400020c                g_sMac
 .bss           0x00000000040003cc        0x1 C:\Users\桐蔭高~1\AppData\Local\Temp\ccznABpX.ltrans2.ltrans.o
                0x00000000040003cc                u8TAM_TxStatusOverride
 *fill*         0x00000000040003cd        0x3 00
 .bss           0x00000000040003d0       0x24 C:\Users\桐蔭高~1\AppData\Local\Temp\ccznABpX.ltrans3.ltrans.o
                0x00000000040003d0                pvPostFunc.3133
                0x00000000040003d4                u32PostArg.3132
                0x00000000040003d8                evPost.3131
 .bss           0x00000000040003f4       0x60 C:\Users\桐蔭高~1\AppData\Local\Temp\ccznABpX.ltrans4.ltrans.o
                0x00000000040003f4                prAppHwCallback.4406
                0x00000000040003f8                TxWorker_u8Num.26802
                0x00000000040003fc                prUart1AppCallback.25909
                0x0000000004000400                prUart0AppCallback.25908
                0x0000000004000404                sOpt.5657
 .bss           0x0000000004000454        0x8 C:\Users\桐蔭高~1\AppData\Local\Temp\ccznABpX.ltrans5.ltrans.o
 .bss.dontinitinboot
                0x000000000400045c        0x4 C:\Users\桐蔭高~1\AppData\Local\Temp\ccznABpX.ltrans5.ltrans.o
 .bss           0x0000000004000460      0x618 C:\Users\桐蔭高~1\AppData\Local\Temp\ccznABpX.ltrans6.ltrans.o
 .bss           0x0000000004000a78       0x20 C:\Users\桐蔭高~1\AppData\Local\Temp\ccznABpX.ltrans7.ltrans.o
                0x0000000004000a78                sAppHousekeeping
                0x0000000004000a90                prApAppCallback.25003
                0x0000000004000a94                bIntEnableFlag.25000
 .bss           0x0000000004000a98       0x90 C:\Users\桐蔭高~1\AppData\Local\Temp\ccznABpX.ltrans8.ltrans.o
                0x0000000004000a98                _ZL5_vcbs.7548
                0x0000000004000aac                sToCoNet_AppContext
                0x0000000004000ac8                sToCoNet_Context
                0x0000000004000b10                sAssocSecurity.13711
                0x0000000004000b1c                g_bJenieBackwardsCompatibilityMode
 .bss           0x0000000004000b28      0x290 C:\Users\桐蔭高~1\AppData\Local\Temp\ccznABpX.ltrans9.ltrans.o
                0x0000000004000b28                u8AppId_Pkt_head.5354
                0x0000000004000b2c                u32AppId.5351
                0x0000000004000b30                u32MyAddr.5353
                0x0000000004000b34                bRxQueue_Init.5352
                0x0000000004000b38                psRxQueueList.5350
                0x0000000004000b4c                asEventHandler.3119
                0x0000000004000bec                sEvVars
                0x0000000004000c08                u32TickCount_ms
                0x0000000004000c0c                au8Txdatabuff_idx_sTxQueue
                0x0000000004000c10                u8TxBuffSiz_sTxQueue
                0x0000000004000c14                sTxdatabuff_sTxQueue
                0x0000000004000c18                sTxQueue
                0x0000000004000c34                au8Rxdatabuff_idx_sRxQueue
                0x0000000004000c38                u8RxBuffSiz_sRxQueue
                0x0000000004000c3c                sRxdatabuff_sRxQueue
                0x0000000004000c40                sRxQueue
                0x0000000004000c5c                au8Rxdatabuff_idx_sRxQueueCmd
                0x0000000004000c60                u8RxBuffSiz_sRxQueueCmd
                0x0000000004000c64                sRxdatabuff_sRxQueueCmd
                0x0000000004000c68                sRxQueueCmd.3570
                0x0000000004000c84                sContext.5475
                0x0000000004000cb0                the_twelite
                0x0000000004000d48                TWENET_u8RFdevice_minor.4775
                0x0000000004000d49                TWENET_u8RFdevice_major.4774
                0x0000000004000d4a                _TWENET_TX_POWER_MAX
                0x0000000004000d4c                sToCoNet_Modules
 .bss           0x0000000004000db8       0x28 C:\Users\桐蔭高~1\AppData\Local\Temp\ccznABpX.ltrans10.ltrans.o
                0x0000000004000db8                sCh_Context.4038
                0x0000000004000dbc                asTx.26801
 .bss.initinboot
                0x0000000004000de0        0x1 C:\Users\桐蔭高~1\AppData\Local\Temp\ccznABpX.ltrans10.ltrans.o
 *fill*         0x0000000004000de1        0x3 00
 .bss           0x0000000004000de4       0x9c C:\Users\桐蔭高~1\AppData\Local\Temp\ccznABpX.ltrans11.ltrans.o
                0x0000000004000de4                Timer4
                0x0000000004000dec                Timer3
                0x0000000004000df4                Timer2
                0x0000000004000dfc                Timer1
                0x0000000004000e04                Timer0
                0x0000000004000e0c                SPI
                0x0000000004000e10                SerialParser
                0x0000000004000e4c                Serial1
                0x0000000004000e6c                Buttons
                0x0000000004000e74                PulseCounter1
                0x0000000004000e78                PulseCounter0
 .bss           0x0000000004000e80      0x71c C:\Users\桐蔭高~1\AppData\Local\Temp\ccznABpX.ltrans12.ltrans.o
                0x0000000004000e80                prSpiAppCallback.25237
                0x0000000004000e84                prSiAppCallback.26472
                0x0000000004000e88                prAppMcpsCallback.4404
                0x0000000004000e8c                prAppMlmeCallback.4405
                0x0000000004000e90                gbTimeOutFlag.25441
                0x0000000004000e91                bTxEventQueued.20823
                0x0000000004000e92                u8TxEventStatus.20824
 .bss.initinboot
                0x000000000400159c        0x4 C:\Users\桐蔭高~1\AppData\Local\Temp\ccznABpX.ltrans12.ltrans.o
                0x000000000400159c                prSysCtrlAppCallback.25445
 .bss           0x00000000040015a0        0xc C:\Users\桐蔭高~1\AppData\Local\Temp\ccznABpX.ltrans13.ltrans.o
 .bss           0x00000000040015ac        0x4 C:\Users\桐蔭高~1\AppData\Local\Temp\ccznABpX.ltrans14.ltrans.o
                0x00000000040015ac                i8TxPower.16501
 .bss.initinboot
                0x00000000040015b0        0x8 C:\Users\桐蔭高~1\AppData\Local\Temp\ccznABpX.ltrans14.ltrans.o
                0x00000000040015b0                g_u32MacAddrLocation
                0x00000000040015b4                prvUserTxStartedCallback
 .bss           0x00000000040015b8        0xc C:\Users\桐蔭高~1\AppData\Local\Temp\ccznABpX.ltrans15.ltrans.o
                0x00000000040015b8                _psSerial
 .bss.dontinitinboot
                0x00000000040015c4        0x1 C:\Users\桐蔭高~1\AppData\Local\Temp\ccznABpX.ltrans15.ltrans.o
 *fill*         0x00000000040015c5        0x3 00
 .bss           0x00000000040015c8       0x38 C:\Users\桐蔭高~1\AppData\Local\Temp\ccznABpX.ltrans17.ltrans.o
                0x00000000040015c8                g_sXcv
                0x00000000040015cc                prMcpsRequest.10095
                0x00000000040015d0                prMlmeRequest.10094
                0x00000000040015d4                prOriginalHandler.5485
                0x00000000040015d8                Analogue
 .bss           0x0000000004001600       0x48 C:\Users\桐蔭高~1\AppData\Local\Temp\ccznABpX.ltrans18.ltrans.o
                0x0000000004001600                asUARTS.5650
                0x0000000004001620                _SERIAL_bmTxIntEnabled
                0x0000000004001624                apfTimerAppCallback.25654
                0x0000000004001638                prTickTimeAppCallback
                0x000000000400163c                au16TimerSettings.25603
 .bss           0x0000000004001648       0x14 C:\Users\桐蔭高~1\AppData\Local\Temp\ccznABpX.ltrans19.ltrans.o
                0x0000000004001648                s_sTimerList
                0x0000000004001658                u8AssocResponsesInProgress.13710
 .bss.dontinitinboot
                0x000000000400165c       0x40 C:/Users/桐蔭高校科学部/Desktop/GitHub/2024-toin-cansat/プログラム/Softs/MWSTAGE/MWSDK/ChipLib/SW4063V1416/Components/Library\libBoot_JN516x.a(ExceptionHandler.o)
                0x000000000400165c                isr_handlers
 *(.bss.*)
 *(.scommon*)
 *(.scommon.*)
 *(COMMON)
                0x000000000400169c                . = ALIGN (0x4)
                0x000000000400169c                _bss_end = ABSOLUTE (.)
                0x000000000400169c                end = .

.heap           0x000000000400169c      0xd16 load address 0x000000000009170c
                0x000000000400169c                _heap_start = ABSOLUTE (.)
                0x00000000040023b2                . = (. + __minimum_heap_size)
 *fill*         0x000000000400169c      0xd16 00

.stack          0x0000000004007800      0x800 load address 0x0000000000097870
                0x0000000004007800                _heap_end = ABSOLUTE (.)
                0x0000000004007800                _stack_low_water_mark = ABSOLUTE (.)
                0x0000000004008000                . = (. + __stack_size)
 *fill*         0x0000000004007800      0x800 00
                0x0000000004008000                _stack = .

.test           0x00000000000900d0        0x1
                0x00000000000900d0        0x1 BYTE 0xff
                0x00000000000900bc                _flash_data_start = LOADADDR (.data)
                0x0000000000000014                _ram_data_len = (((_ram_data_end - _ram_data_start) + 0x3) & 0xfffffffffffffffc)
                0x000000000000163c                _bss_len = (((_bss_end - _bss_start) + 0x3) & 0xfffffffffffffffc)
                0x00000000000100d0                _image_len = ((((_flash_end - _flash_start) + _ram_data_len) + 0x3) & 0xfffffffffffffffc)
                0x0000000004008000                _ram_top = (ABSOLUTE (ORIGIN (ram)) + 0x7fb4)
                0x0000000004008000                ram_top = (ABSOLUTE (ORIGIN (ram)) + 0x7fb4)
                0x0000000001001580                _app_ram_start = 0x1001580
                0x0000000004000058                PROVIDE (_heap_location, u32HeapStart)
                0x0000000004000058                PROVIDE (heap_location, u32HeapStart)
                0x0000000000087c82                TSV_eOpenVector = TSV_eOpen
                0x0000000000087803                TSV_eStartVector = TSV_eStart
                0x000000000008c8ca                TSV_eStopVector = TSV_eStop
                0x00000000000889f4                pvAppApiGetMacHandle = pvAppApiDefGetMacHandle
                0x000000000008bcbc                u32AppApiInit = u32AppApiDefInit
                0x00000000000889c9                vAppApiMlmeRequest = vAppApiDefMlmeRequest
                0x0000000000087f58                vAppApiMcpsRequest = vAppApiDefMcpsRequest
                0x0000000000087ee7                eAppApiPlmeSet = eAppApiDefPlmeSet
                0x0000000000087e95                eAppApiPlmeGet = eAppApiDefPlmeGet
                0x0000000000087e8c                pvAppApiGetMacAddrLocation = pvAppApiDefGetMacAddrLocation
                0x0000000000087d71                vAppApiSaveMacSettings = vAppApiDefSaveMacSettings
                0x0000000000087c8a                vAppApiRestoreMacSettings = vAppApiDefRestoreMacSettings
OUTPUT(objs_RED/lightver_RED_L1305_V0-1-0.elf elf32-ba)

.comment        0x0000000000000000       0x11
 .comment       0x0000000000000000       0x12 C:\Users\桐蔭高~1\AppData\Local\Temp\ccznABpX.ltrans0.ltrans.o
 .comment       0x0000000000000000       0x12 C:\Users\桐蔭高~1\AppData\Local\Temp\ccznABpX.ltrans1.ltrans.o
 .comment       0x0000000000000000       0x12 C:\Users\桐蔭高~1\AppData\Local\Temp\ccznABpX.ltrans2.ltrans.o
 .comment       0x0000000000000000       0x12 C:\Users\桐蔭高~1\AppData\Local\Temp\ccznABpX.ltrans3.ltrans.o
 .comment       0x0000000000000000       0x12 C:\Users\桐蔭高~1\AppData\Local\Temp\ccznABpX.ltrans4.ltrans.o
 .comment       0x0000000000000000       0x12 C:\Users\桐蔭高~1\AppData\Local\Temp\ccznABpX.ltrans5.ltrans.o
 .comment       0x0000000000000000       0x12 C:\Users\桐蔭高~1\AppData\Local\Temp\ccznABpX.ltrans6.ltrans.o
 .comment       0x0000000000000000       0x12 C:\Users\桐蔭高~1\AppData\Local\Temp\ccznABpX.ltrans7.ltrans.o
 .comment       0x0000000000000000       0x12 C:\Users\桐蔭高~1\AppData\Local\Temp\ccznABpX.ltrans8.ltrans.o
 .comment       0x0000000000000000       0x12 C:\Users\桐蔭高~1\AppData\Local\Temp\ccznABpX.ltrans9.ltrans.o
 .comment       0x0000000000000000       0x12 C:\Users\桐蔭高~1\AppData\Local\Temp\ccznABpX.ltrans10.ltrans.o
 .comment       0x0000000000000000       0x12 C:\Users\桐蔭高~1\AppData\Local\Temp\ccznABpX.ltrans11.ltrans.o
 .comment       0x0000000000000000       0x12 C:\Users\桐蔭高~1\AppData\Local\Temp\ccznABpX.ltrans12.ltrans.o
 .comment       0x0000000000000000       0x12 C:\Users\桐蔭高~1\AppData\Local\Temp\ccznABpX.ltrans13.ltrans.o
 .comment       0x0000000000000000       0x12 C:\Users\桐蔭高~1\AppData\Local\Temp\ccznABpX.ltrans14.ltrans.o
 .comment       0x0000000000000000       0x12 C:\Users\桐蔭高~1\AppData\Local\Temp\ccznABpX.ltrans15.ltrans.o
 .comment       0x0000000000000000       0x12 C:\Users\桐蔭高~1\AppData\Local\Temp\ccznABpX.ltrans16.ltrans.o
 .comment       0x0000000000000000       0x12 C:\Users\桐蔭高~1\AppData\Local\Temp\ccznABpX.ltrans17.ltrans.o
 .comment       0x0000000000000000       0x12 C:\Users\桐蔭高~1\AppData\Local\Temp\ccznABpX.ltrans18.ltrans.o
 .comment       0x0000000000000000       0x12 C:\Users\桐蔭高~1\AppData\Local\Temp\ccznABpX.ltrans19.ltrans.o
 .comment       0x0000000000000000       0x12 C:\Users\桐蔭高~1\AppData\Local\Temp\ccznABpX.ltrans20.ltrans.o
 .comment       0x0000000000000000       0x12 C:\Users\桐蔭高~1\AppData\Local\Temp\ccznABpX.ltrans21.ltrans.o
 .comment       0x0000000000000000       0x12 c:/users/桐蔭高校科学部/desktop/github/2024-toin-cansat/プログラム/softs/mwstage/tools/ba-elf-ba2-r36379.w10/bin/../lib/gcc/ba-elf/4.7.4/../../../../ba-elf/lib/mcpu_jn51xx_sizeopt\libc.a(lib_a-memcmp.o)
 .comment       0x0000000000000000       0x12 c:/users/桐蔭高校科学部/desktop/github/2024-toin-cansat/プログラム/softs/mwstage/tools/ba-elf-ba2-r36379.w10/bin/../lib/gcc/ba-elf/4.7.4/../../../../ba-elf/lib/mcpu_jn51xx_sizeopt\libc.a(lib_a-memcpy.o)
 .comment       0x0000000000000000       0x12 c:/users/桐蔭高校科学部/desktop/github/2024-toin-cansat/プログラム/softs/mwstage/tools/ba-elf-ba2-r36379.w10/bin/../lib/gcc/ba-elf/4.7.4/mcpu_jn51xx_sizeopt\libgcc.a(_fixunsdfsi.o)
 .comment       0x0000000000000000       0x12 c:/users/桐蔭高校科学部/desktop/github/2024-toin-cansat/プログラム/softs/mwstage/tools/ba-elf-ba2-r36379.w10/bin/../lib/gcc/ba-elf/4.7.4/mcpu_jn51xx_sizeopt\libgcc.a(_udivdi3.o)
 .comment       0x0000000000000000       0x12 c:/users/桐蔭高校科学部/desktop/github/2024-toin-cansat/プログラム/softs/mwstage/tools/ba-elf-ba2-r36379.w10/bin/../lib/gcc/ba-elf/4.7.4/mcpu_jn51xx_sizeopt\libgcc.a(_umoddi3.o)
 .comment       0x0000000000000000       0x12 c:/users/桐蔭高校科学部/desktop/github/2024-toin-cansat/プログラム/softs/mwstage/tools/ba-elf-ba2-r36379.w10/bin/../lib/gcc/ba-elf/4.7.4/mcpu_jn51xx_sizeopt\libgcc.a(adddf3.o)
 .comment       0x0000000000000000       0x12 c:/users/桐蔭高校科学部/desktop/github/2024-toin-cansat/プログラム/softs/mwstage/tools/ba-elf-ba2-r36379.w10/bin/../lib/gcc/ba-elf/4.7.4/mcpu_jn51xx_sizeopt\libgcc.a(divdf3.o)
 .comment       0x0000000000000000       0x12 c:/users/桐蔭高校科学部/desktop/github/2024-toin-cansat/プログラム/softs/mwstage/tools/ba-elf-ba2-r36379.w10/bin/../lib/gcc/ba-elf/4.7.4/mcpu_jn51xx_sizeopt\libgcc.a(eqdf2.o)
 .comment       0x0000000000000000       0x12 c:/users/桐蔭高校科学部/desktop/github/2024-toin-cansat/プログラム/softs/mwstage/tools/ba-elf-ba2-r36379.w10/bin/../lib/gcc/ba-elf/4.7.4/mcpu_jn51xx_sizeopt\libgcc.a(gedf2.o)
 .comment       0x0000000000000000       0x12 c:/users/桐蔭高校科学部/desktop/github/2024-toin-cansat/プログラム/softs/mwstage/tools/ba-elf-ba2-r36379.w10/bin/../lib/gcc/ba-elf/4.7.4/mcpu_jn51xx_sizeopt\libgcc.a(ledf2.o)
 .comment       0x0000000000000000       0x12 c:/users/桐蔭高校科学部/desktop/github/2024-toin-cansat/プログラム/softs/mwstage/tools/ba-elf-ba2-r36379.w10/bin/../lib/gcc/ba-elf/4.7.4/mcpu_jn51xx_sizeopt\libgcc.a(muldf3.o)
 .comment       0x0000000000000000       0x12 c:/users/桐蔭高校科学部/desktop/github/2024-toin-cansat/プログラム/softs/mwstage/tools/ba-elf-ba2-r36379.w10/bin/../lib/gcc/ba-elf/4.7.4/mcpu_jn51xx_sizeopt\libgcc.a(subdf3.o)
 .comment       0x0000000000000000       0x12 c:/users/桐蔭高校科学部/desktop/github/2024-toin-cansat/プログラム/softs/mwstage/tools/ba-elf-ba2-r36379.w10/bin/../lib/gcc/ba-elf/4.7.4/mcpu_jn51xx_sizeopt\libgcc.a(fixdfsi.o)
 .comment       0x0000000000000000       0x12 c:/users/桐蔭高校科学部/desktop/github/2024-toin-cansat/プログラム/softs/mwstage/tools/ba-elf-ba2-r36379.w10/bin/../lib/gcc/ba-elf/4.7.4/mcpu_jn51xx_sizeopt\libgcc.a(floatsidf.o)
 .comment       0x0000000000000000       0x12 c:/users/桐蔭高校科学部/desktop/github/2024-toin-cansat/プログラム/softs/mwstage/tools/ba-elf-ba2-r36379.w10/bin/../lib/gcc/ba-elf/4.7.4/mcpu_jn51xx_sizeopt\libgcc.a(floatunsidf.o)
 .comment       0x0000000000000000       0x11 C:/Users/桐蔭高校科学部/Desktop/GitHub/2024-toin-cansat/プログラム/Softs/MWSTAGE/MWSDK/ChipLib/SW4063V1416/Components/Library\libMicroSpecific_JN516x.a(MicroSyscall_ba.o)
                                         0x12 (size before relaxing)
 .comment       0x0000000000000000       0x12 c:/users/桐蔭高校科学部/desktop/github/2024-toin-cansat/プログラム/softs/mwstage/tools/ba-elf-ba2-r36379.w10/bin/../lib/gcc/ba-elf/4.7.4/../../../../ba-elf/lib/mcpu_jn51xx_sizeopt\libc.a(lib_a-memset.o)

.debug_info     0x0000000000000000     0x3453
 .debug_info    0x0000000000000000       0xf3 c:/users/桐蔭高校科学部/desktop/github/2024-toin-cansat/プログラム/softs/mwstage/tools/ba-elf-ba2-r36379.w10/bin/../lib/gcc/ba-elf/4.7.4/../../../../ba-elf/lib/mcpu_jn51xx_sizeopt\libc.a(lib_a-memcmp.o)
 .debug_info    0x00000000000000f3      0x106 c:/users/桐蔭高校科学部/desktop/github/2024-toin-cansat/プログラム/softs/mwstage/tools/ba-elf-ba2-r36379.w10/bin/../lib/gcc/ba-elf/4.7.4/../../../../ba-elf/lib/mcpu_jn51xx_sizeopt\libc.a(lib_a-memcpy.o)
 .debug_info    0x00000000000001f9       0xb7 c:/users/桐蔭高校科学部/desktop/github/2024-toin-cansat/プログラム/softs/mwstage/tools/ba-elf-ba2-r36379.w10/bin/../lib/gcc/ba-elf/4.7.4/mcpu_jn51xx_sizeopt\libgcc.a(__udivsi3.o)
 .debug_info    0x00000000000002b0       0xb7 c:/users/桐蔭高校科学部/desktop/github/2024-toin-cansat/プログラム/softs/mwstage/tools/ba-elf-ba2-r36379.w10/bin/../lib/gcc/ba-elf/4.7.4/mcpu_jn51xx_sizeopt\libgcc.a(__divsi3.o)
 .debug_info    0x0000000000000367       0xb7 c:/users/桐蔭高校科学部/desktop/github/2024-toin-cansat/プログラム/softs/mwstage/tools/ba-elf-ba2-r36379.w10/bin/../lib/gcc/ba-elf/4.7.4/mcpu_jn51xx_sizeopt\libgcc.a(__umodsi3.o)
 .debug_info    0x000000000000041e       0xb7 c:/users/桐蔭高校科学部/desktop/github/2024-toin-cansat/プログラム/softs/mwstage/tools/ba-elf-ba2-r36379.w10/bin/../lib/gcc/ba-elf/4.7.4/mcpu_jn51xx_sizeopt\libgcc.a(__modsi3.o)
 .debug_info    0x00000000000004d5       0xd3 c:/users/桐蔭高校科学部/desktop/github/2024-toin-cansat/プログラム/softs/mwstage/tools/ba-elf-ba2-r36379.w10/bin/../lib/gcc/ba-elf/4.7.4/mcpu_jn51xx_sizeopt\libgcc.a(_fixunsdfsi.o)
 .debug_info    0x00000000000005a8      0x648 c:/users/桐蔭高校科学部/desktop/github/2024-toin-cansat/プログラム/softs/mwstage/tools/ba-elf-ba2-r36379.w10/bin/../lib/gcc/ba-elf/4.7.4/mcpu_jn51xx_sizeopt\libgcc.a(_udivdi3.o)
 .debug_info    0x0000000000000bf0      0x69d c:/users/桐蔭高校科学部/desktop/github/2024-toin-cansat/プログラム/softs/mwstage/tools/ba-elf-ba2-r36379.w10/bin/../lib/gcc/ba-elf/4.7.4/mcpu_jn51xx_sizeopt\libgcc.a(_umoddi3.o)
 .debug_info    0x000000000000128d      0x4b2 c:/users/桐蔭高校科学部/desktop/github/2024-toin-cansat/プログラム/softs/mwstage/tools/ba-elf-ba2-r36379.w10/bin/../lib/gcc/ba-elf/4.7.4/mcpu_jn51xx_sizeopt\libgcc.a(adddf3.o)
 .debug_info    0x000000000000173f      0x5c5 c:/users/桐蔭高校科学部/desktop/github/2024-toin-cansat/プログラム/softs/mwstage/tools/ba-elf-ba2-r36379.w10/bin/../lib/gcc/ba-elf/4.7.4/mcpu_jn51xx_sizeopt\libgcc.a(divdf3.o)
 .debug_info    0x0000000000001d04      0x1e7 c:/users/桐蔭高校科学部/desktop/github/2024-toin-cansat/プログラム/softs/mwstage/tools/ba-elf-ba2-r36379.w10/bin/../lib/gcc/ba-elf/4.7.4/mcpu_jn51xx_sizeopt\libgcc.a(eqdf2.o)
 .debug_info    0x0000000000001eeb      0x20b c:/users/桐蔭高校科学部/desktop/github/2024-toin-cansat/プログラム/softs/mwstage/tools/ba-elf-ba2-r36379.w10/bin/../lib/gcc/ba-elf/4.7.4/mcpu_jn51xx_sizeopt\libgcc.a(gedf2.o)
 .debug_info    0x00000000000020f6      0x20b c:/users/桐蔭高校科学部/desktop/github/2024-toin-cansat/プログラム/softs/mwstage/tools/ba-elf-ba2-r36379.w10/bin/../lib/gcc/ba-elf/4.7.4/mcpu_jn51xx_sizeopt\libgcc.a(ledf2.o)
 .debug_info    0x0000000000002301      0x5c7 c:/users/桐蔭高校科学部/desktop/github/2024-toin-cansat/プログラム/softs/mwstage/tools/ba-elf-ba2-r36379.w10/bin/../lib/gcc/ba-elf/4.7.4/mcpu_jn51xx_sizeopt\libgcc.a(muldf3.o)
 .debug_info    0x00000000000028c8      0x4b2 c:/users/桐蔭高校科学部/desktop/github/2024-toin-cansat/プログラム/softs/mwstage/tools/ba-elf-ba2-r36379.w10/bin/../lib/gcc/ba-elf/4.7.4/mcpu_jn51xx_sizeopt\libgcc.a(subdf3.o)
 .debug_info    0x0000000000002d7a      0x1b7 c:/users/桐蔭高校科学部/desktop/github/2024-toin-cansat/プログラム/softs/mwstage/tools/ba-elf-ba2-r36379.w10/bin/../lib/gcc/ba-elf/4.7.4/mcpu_jn51xx_sizeopt\libgcc.a(fixdfsi.o)
 .debug_info    0x0000000000002f31      0x1d6 c:/users/桐蔭高校科学部/desktop/github/2024-toin-cansat/プログラム/softs/mwstage/tools/ba-elf-ba2-r36379.w10/bin/../lib/gcc/ba-elf/4.7.4/mcpu_jn51xx_sizeopt\libgcc.a(floatsidf.o)
 .debug_info    0x0000000000003107      0x1cb c:/users/桐蔭高校科学部/desktop/github/2024-toin-cansat/プログラム/softs/mwstage/tools/ba-elf-ba2-r36379.w10/bin/../lib/gcc/ba-elf/4.7.4/mcpu_jn51xx_sizeopt\libgcc.a(floatunsidf.o)
 .debug_info    0x00000000000032d2       0xaa C:/Users/桐蔭高校科学部/Desktop/GitHub/2024-toin-cansat/プログラム/Softs/MWSTAGE/MWSDK/ChipLib/SW4063V1416/Components/Library\libBoot_JN516x.a(ExceptionHandler.o)
 .debug_info    0x000000000000337c       0xd7 c:/users/桐蔭高校科学部/desktop/github/2024-toin-cansat/プログラム/softs/mwstage/tools/ba-elf-ba2-r36379.w10/bin/../lib/gcc/ba-elf/4.7.4/../../../../ba-elf/lib/mcpu_jn51xx_sizeopt\libc.a(lib_a-memset.o)

.debug_abbrev   0x0000000000000000     0x113e
 .debug_abbrev  0x0000000000000000       0x8e c:/users/桐蔭高校科学部/desktop/github/2024-toin-cansat/プログラム/softs/mwstage/tools/ba-elf-ba2-r36379.w10/bin/../lib/gcc/ba-elf/4.7.4/../../../../ba-elf/lib/mcpu_jn51xx_sizeopt\libc.a(lib_a-memcmp.o)
 .debug_abbrev  0x000000000000008e       0xa4 c:/users/桐蔭高校科学部/desktop/github/2024-toin-cansat/プログラム/softs/mwstage/tools/ba-elf-ba2-r36379.w10/bin/../lib/gcc/ba-elf/4.7.4/../../../../ba-elf/lib/mcpu_jn51xx_sizeopt\libc.a(lib_a-memcpy.o)
 .debug_abbrev  0x0000000000000132       0x14 c:/users/桐蔭高校科学部/desktop/github/2024-toin-cansat/プログラム/softs/mwstage/tools/ba-elf-ba2-r36379.w10/bin/../lib/gcc/ba-elf/4.7.4/mcpu_jn51xx_sizeopt\libgcc.a(__udivsi3.o)
 .debug_abbrev  0x0000000000000146       0x14 c:/users/桐蔭高校科学部/desktop/github/2024-toin-cansat/プログラム/softs/mwstage/tools/ba-elf-ba2-r36379.w10/bin/../lib/gcc/ba-elf/4.7.4/mcpu_jn51xx_sizeopt\libgcc.a(__divsi3.o)
 .debug_abbrev  0x000000000000015a       0x14 c:/users/桐蔭高校科学部/desktop/github/2024-toin-cansat/プログラム/softs/mwstage/tools/ba-elf-ba2-r36379.w10/bin/../lib/gcc/ba-elf/4.7.4/mcpu_jn51xx_sizeopt\libgcc.a(__umodsi3.o)
 .debug_abbrev  0x000000000000016e       0x14 c:/users/桐蔭高校科学部/desktop/github/2024-toin-cansat/プログラム/softs/mwstage/tools/ba-elf-ba2-r36379.w10/bin/../lib/gcc/ba-elf/4.7.4/mcpu_jn51xx_sizeopt\libgcc.a(__modsi3.o)
 .debug_abbrev  0x0000000000000182       0x60 c:/users/桐蔭高校科学部/desktop/github/2024-toin-cansat/プログラム/softs/mwstage/tools/ba-elf-ba2-r36379.w10/bin/../lib/gcc/ba-elf/4.7.4/mcpu_jn51xx_sizeopt\libgcc.a(_fixunsdfsi.o)
 .debug_abbrev  0x00000000000001e2      0x15d c:/users/桐蔭高校科学部/desktop/github/2024-toin-cansat/プログラム/softs/mwstage/tools/ba-elf-ba2-r36379.w10/bin/../lib/gcc/ba-elf/4.7.4/mcpu_jn51xx_sizeopt\libgcc.a(_udivdi3.o)
 .debug_abbrev  0x000000000000033f      0x175 c:/users/桐蔭高校科学部/desktop/github/2024-toin-cansat/プログラム/softs/mwstage/tools/ba-elf-ba2-r36379.w10/bin/../lib/gcc/ba-elf/4.7.4/mcpu_jn51xx_sizeopt\libgcc.a(_umoddi3.o)
 .debug_abbrev  0x00000000000004b4      0x133 c:/users/桐蔭高校科学部/desktop/github/2024-toin-cansat/プログラム/softs/mwstage/tools/ba-elf-ba2-r36379.w10/bin/../lib/gcc/ba-elf/4.7.4/mcpu_jn51xx_sizeopt\libgcc.a(adddf3.o)
 .debug_abbrev  0x00000000000005e7      0x12f c:/users/桐蔭高校科学部/desktop/github/2024-toin-cansat/プログラム/softs/mwstage/tools/ba-elf-ba2-r36379.w10/bin/../lib/gcc/ba-elf/4.7.4/mcpu_jn51xx_sizeopt\libgcc.a(divdf3.o)
 .debug_abbrev  0x0000000000000716      0x128 c:/users/桐蔭高校科学部/desktop/github/2024-toin-cansat/プログラム/softs/mwstage/tools/ba-elf-ba2-r36379.w10/bin/../lib/gcc/ba-elf/4.7.4/mcpu_jn51xx_sizeopt\libgcc.a(eqdf2.o)
 .debug_abbrev  0x000000000000083e      0x137 c:/users/桐蔭高校科学部/desktop/github/2024-toin-cansat/プログラム/softs/mwstage/tools/ba-elf-ba2-r36379.w10/bin/../lib/gcc/ba-elf/4.7.4/mcpu_jn51xx_sizeopt\libgcc.a(gedf2.o)
 .debug_abbrev  0x0000000000000975      0x139 c:/users/桐蔭高校科学部/desktop/github/2024-toin-cansat/プログラム/softs/mwstage/tools/ba-elf-ba2-r36379.w10/bin/../lib/gcc/ba-elf/4.7.4/mcpu_jn51xx_sizeopt\libgcc.a(ledf2.o)
 .debug_abbrev  0x0000000000000aae      0x141 c:/users/桐蔭高校科学部/desktop/github/2024-toin-cansat/プログラム/softs/mwstage/tools/ba-elf-ba2-r36379.w10/bin/../lib/gcc/ba-elf/4.7.4/mcpu_jn51xx_sizeopt\libgcc.a(muldf3.o)
 .debug_abbrev  0x0000000000000bef      0x133 c:/users/桐蔭高校科学部/desktop/github/2024-toin-cansat/プログラム/softs/mwstage/tools/ba-elf-ba2-r36379.w10/bin/../lib/gcc/ba-elf/4.7.4/mcpu_jn51xx_sizeopt\libgcc.a(subdf3.o)
 .debug_abbrev  0x0000000000000d22      0x12a c:/users/桐蔭高校科学部/desktop/github/2024-toin-cansat/プログラム/softs/mwstage/tools/ba-elf-ba2-r36379.w10/bin/../lib/gcc/ba-elf/4.7.4/mcpu_jn51xx_sizeopt\libgcc.a(fixdfsi.o)
 .debug_abbrev  0x0000000000000e4c      0x128 c:/users/桐蔭高校科学部/desktop/github/2024-toin-cansat/プログラム/softs/mwstage/tools/ba-elf-ba2-r36379.w10/bin/../lib/gcc/ba-elf/4.7.4/mcpu_jn51xx_sizeopt\libgcc.a(floatsidf.o)
 .debug_abbrev  0x0000000000000f74      0x128 c:/users/桐蔭高校科学部/desktop/github/2024-toin-cansat/プログラム/softs/mwstage/tools/ba-elf-ba2-r36379.w10/bin/../lib/gcc/ba-elf/4.7.4/mcpu_jn51xx_sizeopt\libgcc.a(floatunsidf.o)
 .debug_abbrev  0x000000000000109c       0x14 C:/Users/桐蔭高校科学部/Desktop/GitHub/2024-toin-cansat/プログラム/Softs/MWSTAGE/MWSDK/ChipLib/SW4063V1416/Components/Library\libBoot_JN516x.a(ExceptionHandler.o)
 .debug_abbrev  0x00000000000010b0       0x8e c:/users/桐蔭高校科学部/desktop/github/2024-toin-cansat/プログラム/softs/mwstage/tools/ba-elf-ba2-r36379.w10/bin/../lib/gcc/ba-elf/4.7.4/../../../../ba-elf/lib/mcpu_jn51xx_sizeopt\libc.a(lib_a-memset.o)

.debug_loc      0x0000000000000000     0x599c
 .debug_loc     0x0000000000000000       0x73 c:/users/桐蔭高校科学部/desktop/github/2024-toin-cansat/プログラム/softs/mwstage/tools/ba-elf-ba2-r36379.w10/bin/../lib/gcc/ba-elf/4.7.4/../../../../ba-elf/lib/mcpu_jn51xx_sizeopt\libc.a(lib_a-memcmp.o)
 .debug_loc     0x0000000000000073       0x39 c:/users/桐蔭高校科学部/desktop/github/2024-toin-cansat/プログラム/softs/mwstage/tools/ba-elf-ba2-r36379.w10/bin/../lib/gcc/ba-elf/4.7.4/../../../../ba-elf/lib/mcpu_jn51xx_sizeopt\libc.a(lib_a-memcpy.o)
 .debug_loc     0x00000000000000ac       0x48 c:/users/桐蔭高校科学部/desktop/github/2024-toin-cansat/プログラム/softs/mwstage/tools/ba-elf-ba2-r36379.w10/bin/../lib/gcc/ba-elf/4.7.4/mcpu_jn51xx_sizeopt\libgcc.a(_fixunsdfsi.o)
 .debug_loc     0x00000000000000f4      0xa7b c:/users/桐蔭高校科学部/desktop/github/2024-toin-cansat/プログラム/softs/mwstage/tools/ba-elf-ba2-r36379.w10/bin/../lib/gcc/ba-elf/4.7.4/mcpu_jn51xx_sizeopt\libgcc.a(_udivdi3.o)
 .debug_loc     0x0000000000000b6f      0x985 c:/users/桐蔭高校科学部/desktop/github/2024-toin-cansat/プログラム/softs/mwstage/tools/ba-elf-ba2-r36379.w10/bin/../lib/gcc/ba-elf/4.7.4/mcpu_jn51xx_sizeopt\libgcc.a(_umoddi3.o)
 .debug_loc     0x00000000000014f4     0x10f3 c:/users/桐蔭高校科学部/desktop/github/2024-toin-cansat/プログラム/softs/mwstage/tools/ba-elf-ba2-r36379.w10/bin/../lib/gcc/ba-elf/4.7.4/mcpu_jn51xx_sizeopt\libgcc.a(adddf3.o)
 .debug_loc     0x00000000000025e7     0x117e c:/users/桐蔭高校科学部/desktop/github/2024-toin-cansat/プログラム/softs/mwstage/tools/ba-elf-ba2-r36379.w10/bin/../lib/gcc/ba-elf/4.7.4/mcpu_jn51xx_sizeopt\libgcc.a(divdf3.o)
 .debug_loc     0x0000000000003765       0x83 c:/users/桐蔭高校科学部/desktop/github/2024-toin-cansat/プログラム/softs/mwstage/tools/ba-elf-ba2-r36379.w10/bin/../lib/gcc/ba-elf/4.7.4/mcpu_jn51xx_sizeopt\libgcc.a(eqdf2.o)
 .debug_loc     0x00000000000037e8      0x154 c:/users/桐蔭高校科学部/desktop/github/2024-toin-cansat/プログラム/softs/mwstage/tools/ba-elf-ba2-r36379.w10/bin/../lib/gcc/ba-elf/4.7.4/mcpu_jn51xx_sizeopt\libgcc.a(gedf2.o)
 .debug_loc     0x000000000000393c       0xe6 c:/users/桐蔭高校科学部/desktop/github/2024-toin-cansat/プログラム/softs/mwstage/tools/ba-elf-ba2-r36379.w10/bin/../lib/gcc/ba-elf/4.7.4/mcpu_jn51xx_sizeopt\libgcc.a(ledf2.o)
 .debug_loc     0x0000000000003a22      0xa0e c:/users/桐蔭高校科学部/desktop/github/2024-toin-cansat/プログラム/softs/mwstage/tools/ba-elf-ba2-r36379.w10/bin/../lib/gcc/ba-elf/4.7.4/mcpu_jn51xx_sizeopt\libgcc.a(muldf3.o)
 .debug_loc     0x0000000000004430     0x114e c:/users/桐蔭高校科学部/desktop/github/2024-toin-cansat/プログラム/softs/mwstage/tools/ba-elf-ba2-r36379.w10/bin/../lib/gcc/ba-elf/4.7.4/mcpu_jn51xx_sizeopt\libgcc.a(subdf3.o)
 .debug_loc     0x000000000000557e       0xa8 c:/users/桐蔭高校科学部/desktop/github/2024-toin-cansat/プログラム/softs/mwstage/tools/ba-elf-ba2-r36379.w10/bin/../lib/gcc/ba-elf/4.7.4/mcpu_jn51xx_sizeopt\libgcc.a(fixdfsi.o)
 .debug_loc     0x0000000000005626      0x1be c:/users/桐蔭高校科学部/desktop/github/2024-toin-cansat/プログラム/softs/mwstage/tools/ba-elf-ba2-r36379.w10/bin/../lib/gcc/ba-elf/4.7.4/mcpu_jn51xx_sizeopt\libgcc.a(floatsidf.o)
 .debug_loc     0x00000000000057e4      0x179 c:/users/桐蔭高校科学部/desktop/github/2024-toin-cansat/プログラム/softs/mwstage/tools/ba-elf-ba2-r36379.w10/bin/../lib/gcc/ba-elf/4.7.4/mcpu_jn51xx_sizeopt\libgcc.a(floatunsidf.o)
 .debug_loc     0x000000000000595d       0x3f c:/users/桐蔭高校科学部/desktop/github/2024-toin-cansat/プログラム/softs/mwstage/tools/ba-elf-ba2-r36379.w10/bin/../lib/gcc/ba-elf/4.7.4/../../../../ba-elf/lib/mcpu_jn51xx_sizeopt\libc.a(lib_a-memset.o)

.debug_aranges  0x0000000000000000      0x2a0
 .debug_aranges
                0x0000000000000000       0x20 c:/users/桐蔭高校科学部/desktop/github/2024-toin-cansat/プログラム/softs/mwstage/tools/ba-elf-ba2-r36379.w10/bin/../lib/gcc/ba-elf/4.7.4/../../../../ba-elf/lib/mcpu_jn51xx_sizeopt\libc.a(lib_a-memcmp.o)
 .debug_aranges
                0x0000000000000020       0x20 c:/users/桐蔭高校科学部/desktop/github/2024-toin-cansat/プログラム/softs/mwstage/tools/ba-elf-ba2-r36379.w10/bin/../lib/gcc/ba-elf/4.7.4/../../../../ba-elf/lib/mcpu_jn51xx_sizeopt\libc.a(lib_a-memcpy.o)
 .debug_aranges
                0x0000000000000040       0x20 c:/users/桐蔭高校科学部/desktop/github/2024-toin-cansat/プログラム/softs/mwstage/tools/ba-elf-ba2-r36379.w10/bin/../lib/gcc/ba-elf/4.7.4/mcpu_jn51xx_sizeopt\libgcc.a(__udivsi3.o)
 .debug_aranges
                0x0000000000000060       0x20 c:/users/桐蔭高校科学部/desktop/github/2024-toin-cansat/プログラム/softs/mwstage/tools/ba-elf-ba2-r36379.w10/bin/../lib/gcc/ba-elf/4.7.4/mcpu_jn51xx_sizeopt\libgcc.a(__divsi3.o)
 .debug_aranges
                0x0000000000000080       0x20 c:/users/桐蔭高校科学部/desktop/github/2024-toin-cansat/プログラム/softs/mwstage/tools/ba-elf-ba2-r36379.w10/bin/../lib/gcc/ba-elf/4.7.4/mcpu_jn51xx_sizeopt\libgcc.a(__umodsi3.o)
 .debug_aranges
                0x00000000000000a0       0x20 c:/users/桐蔭高校科学部/desktop/github/2024-toin-cansat/プログラム/softs/mwstage/tools/ba-elf-ba2-r36379.w10/bin/../lib/gcc/ba-elf/4.7.4/mcpu_jn51xx_sizeopt\libgcc.a(__modsi3.o)
 .debug_aranges
                0x00000000000000c0       0x20 c:/users/桐蔭高校科学部/desktop/github/2024-toin-cansat/プログラム/softs/mwstage/tools/ba-elf-ba2-r36379.w10/bin/../lib/gcc/ba-elf/4.7.4/mcpu_jn51xx_sizeopt\libgcc.a(_fixunsdfsi.o)
 .debug_aranges
                0x00000000000000e0       0x20 c:/users/桐蔭高校科学部/desktop/github/2024-toin-cansat/プログラム/softs/mwstage/tools/ba-elf-ba2-r36379.w10/bin/../lib/gcc/ba-elf/4.7.4/mcpu_jn51xx_sizeopt\libgcc.a(_udivdi3.o)
 .debug_aranges
                0x0000000000000100       0x20 c:/users/桐蔭高校科学部/desktop/github/2024-toin-cansat/プログラム/softs/mwstage/tools/ba-elf-ba2-r36379.w10/bin/../lib/gcc/ba-elf/4.7.4/mcpu_jn51xx_sizeopt\libgcc.a(_umoddi3.o)
 .debug_aranges
                0x0000000000000120       0x20 c:/users/桐蔭高校科学部/desktop/github/2024-toin-cansat/プログラム/softs/mwstage/tools/ba-elf-ba2-r36379.w10/bin/../lib/gcc/ba-elf/4.7.4/mcpu_jn51xx_sizeopt\libgcc.a(adddf3.o)
 .debug_aranges
                0x0000000000000140       0x20 c:/users/桐蔭高校科学部/desktop/github/2024-toin-cansat/プログラム/softs/mwstage/tools/ba-elf-ba2-r36379.w10/bin/../lib/gcc/ba-elf/4.7.4/mcpu_jn51xx_sizeopt\libgcc.a(divdf3.o)
 .debug_aranges
                0x0000000000000160       0x20 c:/users/桐蔭高校科学部/desktop/github/2024-toin-cansat/プログラム/softs/mwstage/tools/ba-elf-ba2-r36379.w10/bin/../lib/gcc/ba-elf/4.7.4/mcpu_jn51xx_sizeopt\libgcc.a(eqdf2.o)
 .debug_aranges
                0x0000000000000180       0x20 c:/users/桐蔭高校科学部/desktop/github/2024-toin-cansat/プログラム/softs/mwstage/tools/ba-elf-ba2-r36379.w10/bin/../lib/gcc/ba-elf/4.7.4/mcpu_jn51xx_sizeopt\libgcc.a(gedf2.o)
 .debug_aranges
                0x00000000000001a0       0x20 c:/users/桐蔭高校科学部/desktop/github/2024-toin-cansat/プログラム/softs/mwstage/tools/ba-elf-ba2-r36379.w10/bin/../lib/gcc/ba-elf/4.7.4/mcpu_jn51xx_sizeopt\libgcc.a(ledf2.o)
 .debug_aranges
                0x00000000000001c0       0x20 c:/users/桐蔭高校科学部/desktop/github/2024-toin-cansat/プログラム/softs/mwstage/tools/ba-elf-ba2-r36379.w10/bin/../lib/gcc/ba-elf/4.7.4/mcpu_jn51xx_sizeopt\libgcc.a(muldf3.o)
 .debug_aranges
                0x00000000000001e0       0x20 c:/users/桐蔭高校科学部/desktop/github/2024-toin-cansat/プログラム/softs/mwstage/tools/ba-elf-ba2-r36379.w10/bin/../lib/gcc/ba-elf/4.7.4/mcpu_jn51xx_sizeopt\libgcc.a(subdf3.o)
 .debug_aranges
                0x0000000000000200       0x20 c:/users/桐蔭高校科学部/desktop/github/2024-toin-cansat/プログラム/softs/mwstage/tools/ba-elf-ba2-r36379.w10/bin/../lib/gcc/ba-elf/4.7.4/mcpu_jn51xx_sizeopt\libgcc.a(fixdfsi.o)
 .debug_aranges
                0x0000000000000220       0x20 c:/users/桐蔭高校科学部/desktop/github/2024-toin-cansat/プログラム/softs/mwstage/tools/ba-elf-ba2-r36379.w10/bin/../lib/gcc/ba-elf/4.7.4/mcpu_jn51xx_sizeopt\libgcc.a(floatsidf.o)
 .debug_aranges
                0x0000000000000240       0x20 c:/users/桐蔭高校科学部/desktop/github/2024-toin-cansat/プログラム/softs/mwstage/tools/ba-elf-ba2-r36379.w10/bin/../lib/gcc/ba-elf/4.7.4/mcpu_jn51xx_sizeopt\libgcc.a(floatunsidf.o)
 .debug_aranges
                0x0000000000000260       0x20 C:/Users/桐蔭高校科学部/Desktop/GitHub/2024-toin-cansat/プログラム/Softs/MWSTAGE/MWSDK/ChipLib/SW4063V1416/Components/Library\libBoot_JN516x.a(ExceptionHandler.o)
 .debug_aranges
                0x0000000000000280       0x20 c:/users/桐蔭高校科学部/desktop/github/2024-toin-cansat/プログラム/softs/mwstage/tools/ba-elf-ba2-r36379.w10/bin/../lib/gcc/ba-elf/4.7.4/../../../../ba-elf/lib/mcpu_jn51xx_sizeopt\libc.a(lib_a-memset.o)

.debug_line     0x0000000000000000     0x2bd2
 .debug_line    0x0000000000000000      0x15a c:/users/桐蔭高校科学部/desktop/github/2024-toin-cansat/プログラム/softs/mwstage/tools/ba-elf-ba2-r36379.w10/bin/../lib/gcc/ba-elf/4.7.4/../../../../ba-elf/lib/mcpu_jn51xx_sizeopt\libc.a(lib_a-memcmp.o)
 .debug_line    0x000000000000015a      0x14e c:/users/桐蔭高校科学部/desktop/github/2024-toin-cansat/プログラム/softs/mwstage/tools/ba-elf-ba2-r36379.w10/bin/../lib/gcc/ba-elf/4.7.4/../../../../ba-elf/lib/mcpu_jn51xx_sizeopt\libc.a(lib_a-memcpy.o)
 .debug_line    0x00000000000002a8      0x47b c:/users/桐蔭高校科学部/desktop/github/2024-toin-cansat/プログラム/softs/mwstage/tools/ba-elf-ba2-r36379.w10/bin/../lib/gcc/ba-elf/4.7.4/mcpu_jn51xx_sizeopt\libgcc.a(__udivsi3.o)
 .debug_line    0x0000000000000723       0xbb c:/users/桐蔭高校科学部/desktop/github/2024-toin-cansat/プログラム/softs/mwstage/tools/ba-elf-ba2-r36379.w10/bin/../lib/gcc/ba-elf/4.7.4/mcpu_jn51xx_sizeopt\libgcc.a(__divsi3.o)
 .debug_line    0x00000000000007de      0x3c7 c:/users/桐蔭高校科学部/desktop/github/2024-toin-cansat/プログラム/softs/mwstage/tools/ba-elf-ba2-r36379.w10/bin/../lib/gcc/ba-elf/4.7.4/mcpu_jn51xx_sizeopt\libgcc.a(__umodsi3.o)
 .debug_line    0x0000000000000ba5       0xa3 c:/users/桐蔭高校科学部/desktop/github/2024-toin-cansat/プログラム/softs/mwstage/tools/ba-elf-ba2-r36379.w10/bin/../lib/gcc/ba-elf/4.7.4/mcpu_jn51xx_sizeopt\libgcc.a(__modsi3.o)
 .debug_line    0x0000000000000c48       0x9f c:/users/桐蔭高校科学部/desktop/github/2024-toin-cansat/プログラム/softs/mwstage/tools/ba-elf-ba2-r36379.w10/bin/../lib/gcc/ba-elf/4.7.4/mcpu_jn51xx_sizeopt\libgcc.a(_fixunsdfsi.o)
 .debug_line    0x0000000000000ce7      0x1b7 c:/users/桐蔭高校科学部/desktop/github/2024-toin-cansat/プログラム/softs/mwstage/tools/ba-elf-ba2-r36379.w10/bin/../lib/gcc/ba-elf/4.7.4/mcpu_jn51xx_sizeopt\libgcc.a(_udivdi3.o)
 .debug_line    0x0000000000000e9e      0x1b7 c:/users/桐蔭高校科学部/desktop/github/2024-toin-cansat/プログラム/softs/mwstage/tools/ba-elf-ba2-r36379.w10/bin/../lib/gcc/ba-elf/4.7.4/mcpu_jn51xx_sizeopt\libgcc.a(_umoddi3.o)
 .debug_line    0x0000000000001055      0x63d c:/users/桐蔭高校科学部/desktop/github/2024-toin-cansat/プログラム/softs/mwstage/tools/ba-elf-ba2-r36379.w10/bin/../lib/gcc/ba-elf/4.7.4/mcpu_jn51xx_sizeopt\libgcc.a(adddf3.o)
 .debug_line    0x0000000000001692      0x3b5 c:/users/桐蔭高校科学部/desktop/github/2024-toin-cansat/プログラム/softs/mwstage/tools/ba-elf-ba2-r36379.w10/bin/../lib/gcc/ba-elf/4.7.4/mcpu_jn51xx_sizeopt\libgcc.a(divdf3.o)
 .debug_line    0x0000000000001a47       0xf1 c:/users/桐蔭高校科学部/desktop/github/2024-toin-cansat/プログラム/softs/mwstage/tools/ba-elf-ba2-r36379.w10/bin/../lib/gcc/ba-elf/4.7.4/mcpu_jn51xx_sizeopt\libgcc.a(eqdf2.o)
 .debug_line    0x0000000000001b38      0x15f c:/users/桐蔭高校科学部/desktop/github/2024-toin-cansat/プログラム/softs/mwstage/tools/ba-elf-ba2-r36379.w10/bin/../lib/gcc/ba-elf/4.7.4/mcpu_jn51xx_sizeopt\libgcc.a(gedf2.o)
 .debug_line    0x0000000000001c97      0x15f c:/users/桐蔭高校科学部/desktop/github/2024-toin-cansat/プログラム/softs/mwstage/tools/ba-elf-ba2-r36379.w10/bin/../lib/gcc/ba-elf/4.7.4/mcpu_jn51xx_sizeopt\libgcc.a(ledf2.o)
 .debug_line    0x0000000000001df6      0x269 c:/users/桐蔭高校科学部/desktop/github/2024-toin-cansat/プログラム/softs/mwstage/tools/ba-elf-ba2-r36379.w10/bin/../lib/gcc/ba-elf/4.7.4/mcpu_jn51xx_sizeopt\libgcc.a(muldf3.o)
 .debug_line    0x000000000000205f      0x656 c:/users/桐蔭高校科学部/desktop/github/2024-toin-cansat/プログラム/softs/mwstage/tools/ba-elf-ba2-r36379.w10/bin/../lib/gcc/ba-elf/4.7.4/mcpu_jn51xx_sizeopt\libgcc.a(subdf3.o)
 .debug_line    0x00000000000026b5       0xc8 c:/users/桐蔭高校科学部/desktop/github/2024-toin-cansat/プログラム/softs/mwstage/tools/ba-elf-ba2-r36379.w10/bin/../lib/gcc/ba-elf/4.7.4/mcpu_jn51xx_sizeopt\libgcc.a(fixdfsi.o)
 .debug_line    0x000000000000277d       0xbc c:/users/桐蔭高校科学部/desktop/github/2024-toin-cansat/プログラム/softs/mwstage/tools/ba-elf-ba2-r36379.w10/bin/../lib/gcc/ba-elf/4.7.4/mcpu_jn51xx_sizeopt\libgcc.a(floatsidf.o)
 .debug_line    0x0000000000002839       0xbe c:/users/桐蔭高校科学部/desktop/github/2024-toin-cansat/プログラム/softs/mwstage/tools/ba-elf-ba2-r36379.w10/bin/../lib/gcc/ba-elf/4.7.4/mcpu_jn51xx_sizeopt\libgcc.a(floatunsidf.o)
 .debug_line    0x00000000000028f7      0x197 C:/Users/桐蔭高校科学部/Desktop/GitHub/2024-toin-cansat/プログラム/Softs/MWSTAGE/MWSDK/ChipLib/SW4063V1416/Components/Library\libBoot_JN516x.a(ExceptionHandler.o)
 .debug_line    0x0000000000002a8e      0x144 c:/users/桐蔭高校科学部/desktop/github/2024-toin-cansat/プログラム/softs/mwstage/tools/ba-elf-ba2-r36379.w10/bin/../lib/gcc/ba-elf/4.7.4/../../../../ba-elf/lib/mcpu_jn51xx_sizeopt\libc.a(lib_a-memset.o)

.debug_str      0x0000000000000000      0x6be
 .debug_str     0x0000000000000000       0x49 c:/users/桐蔭高校科学部/desktop/github/2024-toin-cansat/プログラム/softs/mwstage/tools/ba-elf-ba2-r36379.w10/bin/../lib/gcc/ba-elf/4.7.4/../../../../ba-elf/lib/mcpu_jn51xx_sizeopt\libc.a(lib_a-memcmp.o)
                                        0x155 (size before relaxing)
 .debug_str     0x0000000000000049       0x5d c:/users/桐蔭高校科学部/desktop/github/2024-toin-cansat/プログラム/softs/mwstage/tools/ba-elf-ba2-r36379.w10/bin/../lib/gcc/ba-elf/4.7.4/../../../../ba-elf/lib/mcpu_jn51xx_sizeopt\libc.a(lib_a-memcpy.o)
                                        0x169 (size before relaxing)
 .debug_str     0x00000000000000a6       0xc5 c:/users/桐蔭高校科学部/desktop/github/2024-toin-cansat/プログラム/softs/mwstage/tools/ba-elf-ba2-r36379.w10/bin/../lib/gcc/ba-elf/4.7.4/mcpu_jn51xx_sizeopt\libgcc.a(_fixunsdfsi.o)
                                        0x169 (size before relaxing)
 .debug_str     0x000000000000016b       0x7b c:/users/桐蔭高校科学部/desktop/github/2024-toin-cansat/プログラム/softs/mwstage/tools/ba-elf-ba2-r36379.w10/bin/../lib/gcc/ba-elf/4.7.4/mcpu_jn51xx_sizeopt\libgcc.a(_udivdi3.o)
                                        0x1d7 (size before relaxing)
 .debug_str     0x00000000000001e6        0xa c:/users/桐蔭高校科学部/desktop/github/2024-toin-cansat/プログラム/softs/mwstage/tools/ba-elf-ba2-r36379.w10/bin/../lib/gcc/ba-elf/4.7.4/mcpu_jn51xx_sizeopt\libgcc.a(_umoddi3.o)
                                        0x1d7 (size before relaxing)
 .debug_str     0x00000000000001f0       0xc6 c:/users/桐蔭高校科学部/desktop/github/2024-toin-cansat/プログラム/softs/mwstage/tools/ba-elf-ba2-r36379.w10/bin/../lib/gcc/ba-elf/4.7.4/mcpu_jn51xx_sizeopt\libgcc.a(adddf3.o)