Archive member included because of file (symbol)

C:/Users/koumu/Desktop/20240531/MWSTAGE/MWSDK/TWENET/current/lib/libTWENET_RED.a(ToCoNet_event.o)
                              objs_RED/act11.o (symbol from plugin) (PRSEV_u8RegisterEx)
C:/Users/koumu/Desktop/20240531/MWSTAGE/MWSDK/TWENET/current/lib/libTWENET_RED.a(ToCoNet_main.o)
                              objs_RED/act11.o (symbol from plugin) (sToCoNet_Context)
C:/Users/koumu/Desktop/20240531/MWSTAGE/MWSDK/TWENET/current/lib/libTWENET_RED.a(ToCoNet_utils.o)
                              ToCoNet_main.o (symbol from plugin) (ToCoNet_u32GetVersion)
C:/Users/koumu/Desktop/20240531/MWSTAGE/MWSDK/TWENET/current/lib/libTWENET_RED.a(ToCoNet_mod_Nwk_Common.o)
                              ToCoNet_main.o (symbol from plugin) (ToCoNet_vRxProc_Mod)
C:/Users/koumu/Desktop/20240531/MWSTAGE/MWSDK/TWENET/current/lib/libTWENET_RED.a(ToCoNet_mod_Channel_Mgr.o)
                              ToCoNet_main.o (symbol from plugin) (ToCoNet_ChMgr_bCh_Reconfig)
C:/Users/koumu/Desktop/20240531/MWSTAGE/MWSDK/TWENET/current/lib/libTWENET_RED.a(Version.o)
                              ToCoNet_utils.o (symbol from plugin) (au8ToCoNetVersionInfo)
C:/Users/koumu/Desktop/20240531/MWSTAGE/MWSDK/TWENET/current/lib/libTWENET_RED.a(AppQueueApi_ToCoNet.o)
                              ToCoNet_main.o (symbol from plugin) (_u32_INT_ticktimer)
C:/Users/koumu/Desktop/20240531/MWSTAGE/MWSDK/TWENET/current/lib/libTWENEText_RED.a(AppStart.o)
                              (AppColdStart)
C:/Users/koumu/Desktop/20240531/MWSTAGE/MWSDK/TWENET/current/lib/libTWENEText_RED.a(getMacAddr.o)
                              ToCoNet_main.o (symbol from plugin) (ToCoNet_u32GetSerialOnBoot)
C:/Users/koumu/Desktop/20240531/MWSTAGE/MWSDK/TWENET/current/lib/libTWENEText_RED.a(mac.o)
                              ToCoNet_main.o (symbol from plugin) (Mac_vInit)
C:/Users/koumu/Desktop/20240531/MWSTAGE/MWSDK/TWENET/current/lib/libTWENEText_RED.a(AES_CCM.o)
                              AppStart.o (symbol from plugin) (bAES_CCM_KeyReg)
C:/Users/koumu/Desktop/20240531/MWSTAGE/MWSDK/TWENET/current/lib/libTWENEText_RED.a(no_ack_handler.o)
                              AppStart.o (symbol from plugin) (vInstallNoAckHandler)
C:/Users/koumu/Desktop/20240531/MWSTAGE/MWSDK/TWENET/current/lib/libTWENEText_RED.a(Version.o)
                              ToCoNet_utils.o (symbol from plugin) (au8ToCoNetExtVersionInfo)
C:/Users/koumu/Desktop/20240531/MWSTAGE/MWSDK/TWENET/current/lib/libTWENETutils_RED.a(serial.o)
                              ToCoNet_main.o (symbol from plugin) (_SERIAL_bmTxIntEnabled)
C:/Users/koumu/Desktop/20240531/MWSTAGE/MWSDK/TWENET/current/lib/libTWENETutils_RED.a(uart.o)
                              serial.o (symbol from plugin) (UART_vInit)
C:/Users/koumu/Desktop/20240531/MWSTAGE/MWSDK/TWENET/current/lib/libTWENETutils_RED.a(ByteQueue.o)
                              ToCoNet_main.o (symbol from plugin) (QUEUE__vInit)
C:/Users/koumu/Desktop/20240531/MWSTAGE/MWSDK/TWENET/current/lib/libTWENETutils_RED.a(ccitt8.o)
                              AppStart.o (symbol from plugin) (u8CCITT8)
C:/Users/koumu/Desktop/20240531/MWSTAGE/MWSDK/TWENET/current/lib/libTWENETutils_RED.a(utils.o)
                              ToCoNet_main.o (symbol from plugin) (vTimerConfig)
C:/Users/koumu/Desktop/20240531/MWSTAGE/MWSDK/TWENET/current/lib/libTWENETutils_RED.a(ccm.o)
                              AES_CCM.o (symbol from plugin) (ccm_init_and_key)
C:/Users/koumu/Desktop/20240531/MWSTAGE/MWSDK/TWENET/current/lib/libTWENETutils_RED.a(Version.o)
                              ToCoNet_utils.o (symbol from plugin) (au8ToCoNetUtilsVersionInfo)
C:/Users/koumu/Desktop/20240531/MWSTAGE/MWSDK/TWENET/current/lib/libTWENETutils_RED.a(aescrypt.o)
                              ccm.o (symbol from plugin) (aes_encrypt)
C:/Users/koumu/Desktop/20240531/MWSTAGE/MWSDK/TWENET/current/lib/libTWENETutils_RED.a(aeskey.o)
                              ccm.o (symbol from plugin) (aes_encrypt_key)
C:/Users/koumu/Desktop/20240531/MWSTAGE/MWSDK/TWENET/current/lib/libTWENETutils_RED.a(aestab.o)
                              aeskey.o (symbol from plugin) (t_im)
C:/Users/koumu/Desktop/20240531/MWSTAGE/MWSDK/TWENET/current/lib/libTWENETstgs_RED.a(tweserial_jen.o)
                              objs_RED/act11.o (symbol from plugin) (TWETERM_vInitJen)
C:/Users/koumu/Desktop/20240531/MWSTAGE/MWSDK/TWENET/current/lib/libTWENETstgs_RED.a(twesysutils.o)
                              objs_RED/act11.o (symbol from plugin) (TWESYSUTL_vWaitPoll)
C:/Users/koumu/Desktop/20240531/MWSTAGE/MWSDK/TWENET/current/lib/libmwx_RED.a(mwx_debug.o)
                              objs_RED/act11.o (symbol from plugin) (MWX_DebugMsg)
C:/Users/koumu/Desktop/20240531/MWSTAGE/MWSDK/TWENET/current/lib/libmwx_RED.a(mwx_appcore.o)
                              ToCoNet_main.o (symbol from plugin) (cbToCoNet_vMain)
[...]
Memory Configuration

Name             Origin             Length             Attributes
flash            0x0000000000080000 0x0000000000080000
ram              0x000000000400004c 0x0000000000007fb4
*default*        0x0000000000000000 0xffffffffffffffff

Linker script and memory map

LOAD objs_RED/_mwx_version.o
LOAD C:\Users\koumu\AppData\Local\Temp\ccheKQ2F.ltrans0.ltrans.o
LOAD C:\Users\koumu\AppData\Local\Temp\ccheKQ2F.ltrans1.ltrans.o
LOAD C:\Users\koumu\AppData\Local\Temp\ccheKQ2F.ltrans2.ltrans.o
LOAD C:\Users\koumu\AppData\Local\Temp\ccheKQ2F.ltrans3.ltrans.o
LOAD C:\Users\koumu\AppData\Local\Temp\ccheKQ2F.ltrans4.ltrans.o
LOAD C:\Users\koumu\AppData\Local\Temp\ccheKQ2F.ltrans5.ltrans.o
LOAD C:\Users\koumu\AppData\Local\Temp\ccheKQ2F.ltrans6.ltrans.o
LOAD C:\Users\koumu\AppData\Local\Temp\ccheKQ2F.ltrans7.ltrans.o
LOAD C:\Users\koumu\AppData\Local\Temp\ccheKQ2F.ltrans8.ltrans.o
LOAD C:\Users\koumu\AppData\Local\Temp\ccheKQ2F.ltrans9.ltrans.o
LOAD C:\Users\koumu\AppData\Local\Temp\ccheKQ2F.ltrans10.ltrans.o
LOAD C:\Users\koumu\AppData\Local\Temp\ccheKQ2F.ltrans11.ltrans.o
LOAD C:\Users\koumu\AppData\Local\Temp\ccheKQ2F.ltrans12.ltrans.o
LOAD C:\Users\koumu\AppData\Local\Temp\ccheKQ2F.ltrans13.ltrans.o
LOAD C:\Users\koumu\AppData\Local\Temp\ccheKQ2F.ltrans14.ltrans.o
LOAD C:\Users\koumu\AppData\Local\Temp\ccheKQ2F.ltrans15.ltrans.o
LOAD C:\Users\koumu\AppData\Local\Temp\ccheKQ2F.ltrans16.ltrans.o
LOAD C:\Users\koumu\AppData\Local\Temp\ccheKQ2F.ltrans17.ltrans.o
LOAD C:\Users\koumu\AppData\Local\Temp\ccheKQ2F.ltrans18.ltrans.o
LOAD C:\Users\koumu\AppData\Local\Temp\ccheKQ2F.ltrans19.ltrans.o
LOAD C:\Users\koumu\AppData\Local\Temp\ccheKQ2F.ltrans20.ltrans.o
LOAD C:\Users\koumu\AppData\Local\Temp\ccheKQ2F.ltrans21.ltrans.o
LOAD C:\Users\koumu\AppData\Local\Temp\ccheKQ2F.ltrans22.ltrans.o
LOAD c:/users/koumu/desktop/20240531/mwstage/tools/ba-elf-ba2-r36379.w10/bin/../lib/gcc/ba-elf/4.7.4/../../../../ba-elf/lib/mcpu_jn51xx_sizeopt\libc.a
LOAD c:/users/koumu/desktop/20240531/mwstage/tools/ba-elf-ba2-r36379.w10/bin/../lib/gcc/ba-elf/4.7.4/mcpu_jn51xx_sizeopt\libgcc.a
LOAD c:/users/koumu/desktop/20240531/mwstage/tools/ba-elf-ba2-r36379.w10/bin/../lib/gcc/ba-elf/4.7.4/../../../../ba-elf/lib/mcpu_jn51xx_sizeopt\libc.a
LOAD objs_RED/act11.o
LOAD C:/Users/koumu/Desktop/20240531/MWSTAGE/MWSDK/TWENET/current/lib/libTWENET_RED.a
LOAD C:/Users/koumu/Desktop/20240531/MWSTAGE/MWSDK/TWENET/current/lib/libTWENEText_RED.a
LOAD C:/Users/koumu/Desktop/20240531/MWSTAGE/MWSDK/TWENET/current/lib/libTWENETutils_RED.a
LOAD C:/Users/koumu/Desktop/20240531/MWSTAGE/MWSDK/TWENET/current/lib/libTWENETstgs_RED.a
LOAD C:/Users/koumu/Desktop/20240531/MWSTAGE/MWSDK/TWENET/current/lib/libmwx_RED.a
LOAD C:/Users/koumu/Desktop/20240531/MWSTAGE/MWSDK/TWENET/current/lib/libEASTL_RED.a
START GROUP
LOAD C:/Users/koumu/Desktop/20240531/MWSTAGE/MWSDK/ChipLib/SW4063V1416/Components/Library\libAppApi_JN5169.a
LOAD C:/Users/koumu/Desktop/20240531/MWSTAGE/MWSDK/ChipLib/SW4063V1416/Components/Library\libMAC_JN5169.a
LOAD C:/Users/koumu/Desktop/20240531/MWSTAGE/MWSDK/ChipLib/SW4063V1416/Components/Library\libTimerServer_JN516x.a
LOAD C:/Users/koumu/Desktop/20240531/MWSTAGE/MWSDK/ChipLib/SW4063V1416/Components/Library\libTOF_JN516x.a
LOAD C:/Users/koumu/Desktop/20240531/MWSTAGE/MWSDK/ChipLib/SW4063V1416/Components/Library\libXcv_JN5169.a
LOAD C:/Users/koumu/Desktop/20240531/MWSTAGE/MWSDK/ChipLib/SW4063V1416/Components/Library\libMMAC_JN5169.a
LOAD C:/Users/koumu/Desktop/20240531/MWSTAGE/MWSDK/ChipLib/SW4063V1416/Components/Library\libJPT_JN5169.a
LOAD C:/Users/koumu/Desktop/20240531/MWSTAGE/MWSDK/ChipLib/SW4063V1416/Components/Library\libAes_JN516x.a
LOAD C:/Users/koumu/Desktop/20240531/MWSTAGE/MWSDK/ChipLib/SW4063V1416/Components/Library\libHardwareApi_JN5169.a
LOAD C:/Users/koumu/Desktop/20240531/MWSTAGE/MWSDK/ChipLib/SW4063V1416/Components/Library\libMicroSpecific_JN516x.a
LOAD C:/Users/koumu/Desktop/20240531/MWSTAGE/MWSDK/ChipLib/SW4063V1416/Components/Library\libBoot_JN516x.a
LOAD C:/Users/koumu/Desktop/20240531/MWSTAGE/MWSDK/ChipLib/SW4063V1416/Components/Library\libPDM_EEPROM_JN516x_NO_RTOS.a
LOAD C:/Users/koumu/Desktop/20240531/MWSTAGE/MWSDK/TWENET/current/lib/libTWENET_RED.a
LOAD C:/Users/koumu/Desktop/20240531/MWSTAGE/MWSDK/TWENET/current/lib/libTWENEText_RED.a
LOAD C:/Users/koumu/Desktop/20240531/MWSTAGE/MWSDK/TWENET/current/lib/libTWENETutils_RED.a
LOAD C:/Users/koumu/Desktop/20240531/MWSTAGE/MWSDK/TWENET/current/lib/libTWENETstgs_RED.a
LOAD C:/Users/koumu/Desktop/20240531/MWSTAGE/MWSDK/TWENET/current/lib/libmwx_RED.a
LOAD C:/Users/koumu/Desktop/20240531/MWSTAGE/MWSDK/TWENET/current/lib/libEASTL_RED.a
END GROUP
LOAD c:/users/koumu/desktop/20240531/mwstage/tools/ba-elf-ba2-r36379.w10/bin/../lib/gcc/ba-elf/4.7.4/../../../../ba-elf/lib/mcpu_jn51xx_sizeopt\libstdc++.a
LOAD c:/users/koumu/desktop/20240531/mwstage/tools/ba-elf-ba2-r36379.w10/bin/../lib/gcc/ba-elf/4.7.4/../../../../ba-elf/lib/mcpu_jn51xx_sizeopt\libm.a
LOAD c:/users/koumu/desktop/20240531/mwstage/tools/ba-elf-ba2-r36379.w10/bin/../lib/gcc/ba-elf/4.7.4/../../../../ba-elf/lib/mcpu_jn51xx_sizeopt\libc.a
LOAD c:/users/koumu/desktop/20240531/mwstage/tools/ba-elf-ba2-r36379.w10/bin/../lib/gcc/ba-elf/4.7.4/mcpu_jn51xx_sizeopt\libgcc.a
LOAD c:/users/koumu/desktop/20240531/mwstage/tools/ba-elf-ba2-r36379.w10/bin/../lib/gcc/ba-elf/4.7.4/../../../../ba-elf/lib/mcpu_jn51xx_sizeopt\libc.a
                0x0000000000000800                _stack_size = 0x800
                0x0000000000080038                exception_vsr_table = 0x80038
                0x0000000004000000                pSPIflashFncTable = 0x4000000
                0x0000000000000044                restore_state = 0x44
                0x000000000000004a                bZSPIWaitWIPClear = 0x4a
                0x0000000000000050                u16ZSPIflashRDID = 0x50
                0x0000000000000056                u8SelectFlashChipType = 0x56
                0x000000000000005c                memcpy = 0x5c
                0x0000000000000066                vBootFlashProg = 0x66
                [0x0000000000000d16]                __minimum_heap_size = DEFINED (__minimum_heap_size)?__minimum_heap_size:0xd16
                [0x0000000000000800]                __stack_size = DEFINED (__stack_size)?__stack_size:0x800
                0x0000000000000000                _SwConfig = (DEFINED (g_bSWConf_Debug) | (DEFINED (g_bSWConf_AltDebugPort) << 0x1))

.version        0x000000000007fffc        0x4
                0x000000000007fffc        0x4 LONG 0xf03000b

.bir            0x0000000000080000       0x10
                0x0000000000080000                _flash_start = ABSOLUTE (.)
                0x0000000000080000                _flash_beg = ABSOLUTE (.)
                0x0000000000080000        0x4 LONG 0x12345678
                0x0000000000080004        0x4 LONG 0x11223344
                0x0000000000080008        0x4 LONG 0x55667788
                0x000000000008000c        0x1 BYTE 0x8
                0x000000000008000d        0x1 BYTE 0x1
                0x000000000008000e        0x2 SHORT 0x0

.flashheader    0x0000000000080010       0x28
                0x0000000000080010        0x4 LONG 0x0
                0x0000000000080014        0x4 LONG 0x0
                0x0000000000080018        0x4 LONG 0x0
                0x000000000008001c        0x2 SHORT 0x0
                0x000000000008001e        0x2 SHORT 0x0 ABSOLUTE (_SwConfig)
                0x0000000000080020                _enc_start = ABSOLUTE (.)
                0x0000000000080020        0x4 LONG 0x150f8 ABSOLUTE (_image_len)
                0x0000000000080024        0x4 LONG 0x94808 ABSOLUTE (_flash_data_start)
                0x0000000000080028        0x2 SHORT 0x13 ((ABSOLUTE (_ram_data_start) / 0x4) & 0xffff)
                0x000000000008002a        0x2 SHORT 0x23c ((ABSOLUTE (_ram_data_len) / 0x4) & 0xffff)
                0x000000000008002c        0x2 SHORT 0x24f ((ABSOLUTE (_bss_start) / 0x4) & 0xffff)
                0x000000000008002e        0x2 SHORT 0x5ad ((ABSOLUTE (_bss_len) / 0x4) & 0xffff)
                0x0000000000080030        0x4 LONG 0x8817c ABSOLUTE (AppWarmStart)
                0x0000000000080034        0x4 LONG 0x88b2c ABSOLUTE (AppColdStart)
                0x0000000000000000                _enc_offset = (_enc_start & 0xf)
                0x0000000000000044                PROVIDE (vException_BusError, restore_state)
                0x0000000000000044                PROVIDE (vException_UnalignedAccess, restore_state)
                0x0000000000000044                PROVIDE (vException_IllegalInstruction, restore_state)
                0x0000000000000044                PROVIDE (vException_SysCall, restore_state)
                0x0000000000000044                PROVIDE (vException_Trap, restore_state)
                0x0000000000000044                PROVIDE (vException_StackOverflow, restore_state)
                0x0000000000080038                . = ABSOLUTE (exception_vsr_table)

.vsr_table      0x0000000000080038       0x18
                0x0000000000080038        0x4 LONG 0x44 ABSOLUTE (vException_BusError)
                0x000000000008003c        0x4 LONG 0x44 ABSOLUTE (vException_UnalignedAccess)
                0x0000000000080040        0x4 LONG 0x44 ABSOLUTE (vException_IllegalInstruction)
                0x0000000000080044        0x4 LONG 0x44 ABSOLUTE (vException_SysCall)
                0x0000000000080048        0x4 LONG 0x44 ABSOLUTE (vException_Trap)
                0x000000000008004c        0x4 LONG 0x44 ABSOLUTE (vException_StackOverflow)

.vsr_handlers   0x0000000000080050       0xaa
 *(.vsr_handlers)
 .vsr_handlers  0x0000000000080050       0xaa C:/Users/koumu/Desktop/20240531/MWSTAGE/MWSDK/ChipLib/SW4063V1416/Components/Library\libBoot_JN516x.a(ExceptionHandler.o)
                0x0000000000080050                _exception_external_interrupt
                0x00000000000800f8                _default_vsr_dummy

.rodata         0x0000000000080100      0xc91
 *(.rodata*)
 .rodata.str1.1
                0x0000000000080100       0x1f C:\Users\koumu\AppData\Local\Temp\ccheKQ2F.ltrans0.ltrans.o
 *fill*         0x000000000008011f        0x1 00
 .rodata        0x0000000000080120      0x350 C:\Users\koumu\AppData\Local\Temp\ccheKQ2F.ltrans0.ltrans.o
                0x0000000000080120                _ZL5FONTS.2527
 .rodata        0x0000000000080470      0x1cb C:\Users\koumu\AppData\Local\Temp\ccheKQ2F.ltrans1.ltrans.o
 *fill*         0x000000000008063b        0x1 00
 .rodata        0x000000000008063c       0x30 C:\Users\koumu\AppData\Local\Temp\ccheKQ2F.ltrans2.ltrans.o
                0x000000000008063c                aeTimerInterruptDeviceIDlut.25208
 .rodata.str1.1
                0x000000000008066c        0xe C:\Users\koumu\AppData\Local\Temp\ccheKQ2F.ltrans3.ltrans.o
 *fill*         0x000000000008067a        0x2 00
 .rodata        0x000000000008067c       0x1c C:\Users\koumu\AppData\Local\Temp\ccheKQ2F.ltrans3.ltrans.o
 .rodata.str1.1
                0x0000000000080698        0xe C:\Users\koumu\AppData\Local\Temp\ccheKQ2F.ltrans5.ltrans.o
                                         0x12 (size before relaxing)
 *fill*         0x00000000000806a6        0x2 00
 .rodata        0x00000000000806a8       0xc0 C:\Users\koumu\AppData\Local\Temp\ccheKQ2F.ltrans5.ltrans.o
 .rodata        0x0000000000080768       0x44 C:\Users\koumu\AppData\Local\Temp\ccheKQ2F.ltrans6.ltrans.o
                0x0000000000080768                s_aprScanHandleEvt.14566
                0x0000000000080798                aprLPBMacVectorRamTable
 .rodata        0x00000000000807ac        0x4 C:\Users\koumu\AppData\Local\Temp\ccheKQ2F.ltrans7.ltrans.o
 .rodata.str1.1
                0x00000000000807b0        0xd C:\Users\koumu\AppData\Local\Temp\ccheKQ2F.ltrans8.ltrans.o
 *fill*         0x00000000000807bd        0x3 00
 .rodata        0x00000000000807c0       0xb4 C:\Users\koumu\AppData\Local\Temp\ccheKQ2F.ltrans8.ltrans.o
 .rodata.str1.1
                0x0000000000080874       0x88 C:\Users\koumu\AppData\Local\Temp\ccheKQ2F.ltrans9.ltrans.o
 .rodata        0x00000000000808fc        0x6 C:\Users\koumu\AppData\Local\Temp\ccheKQ2F.ltrans10.ltrans.o
                0x00000000000808fc                aeXcvPhyEvtToScanEvt.5424.14569
 .rodata.str1.1
                0x0000000000080902       0x11 C:\Users\koumu\AppData\Local\Temp\ccheKQ2F.ltrans11.ltrans.o
 *fill*         0x0000000000080913        0x1 00
 .rodata        0x0000000000080914       0x7c C:\Users\koumu\AppData\Local\Temp\ccheKQ2F.ltrans11.ltrans.o
                0x0000000000080948                u32MacLow_TOCOS
                0x000000000008094c                u32MacHigh_TOCOS
 .rodata        0x0000000000080990       0x1c C:\Users\koumu\AppData\Local\Temp\ccheKQ2F.ltrans12.ltrans.o
                0x0000000000080990                psTamXcvContext
 .rodata.str1.1
                0x00000000000809ac       0x11 C:\Users\koumu\AppData\Local\Temp\ccheKQ2F.ltrans13.ltrans.o
                                         0x22 (size before relaxing)
 *fill*         0x00000000000809bd        0x3 00
 .rodata        0x00000000000809c0       0x38 C:\Users\koumu\AppData\Local\Temp\ccheKQ2F.ltrans13.ltrans.o
                0x00000000000809c0                asStateFuncTbl.26320
 .rodata        0x00000000000809f8        0xd C:\Users\koumu\AppData\Local\Temp\ccheKQ2F.ltrans14.ltrans.o
 .rodata.str1.1
                0x0000000000080a05       0xc8 C:\Users\koumu\AppData\Local\Temp\ccheKQ2F.ltrans14.ltrans.o
                                         0xca (size before relaxing)
 *fill*         0x0000000000080acd        0x3 00
 .rodata        0x0000000000080ad0        0x8 C:\Users\koumu\AppData\Local\Temp\ccheKQ2F.ltrans15.ltrans.o
                0x0000000000080ad0                au32UartAddrOffset
 .rodata.str1.1
                0x0000000000080ad8       0x12 C:\Users\koumu\AppData\Local\Temp\ccheKQ2F.ltrans16.ltrans.o
 .rodata        0x0000000000080aea        0xa C:\Users\koumu\AppData\Local\Temp\ccheKQ2F.ltrans17.ltrans.o
 .rodata        0x0000000000080af4       0x28 C:\Users\koumu\AppData\Local\Temp\ccheKQ2F.ltrans20.ltrans.o
                0x0000000000080af4                au32TimerBaseAddress
                0x0000000000080b08                CSWTCH.35.25155.25155
 .rodata        0x0000000000080b1c       0x90 C:\Users\koumu\AppData\Local\Temp\ccheKQ2F.ltrans21.ltrans.o
                0x0000000000080b1c                psTamMacContext
                0x0000000000080b20                apvActionCalls
                0x0000000000080ba8                psTAMcontext
 .rodata.str1.1
                0x0000000000080bac       0x16 C:\Users\koumu\AppData\Local\Temp\ccheKQ2F.ltrans22.ltrans.o
 .rodata.str1.1
                0x0000000000080bc2       0x32 c:/users/koumu/desktop/20240531/mwstage/tools/ba-elf-ba2-r36379.w10/bin/../lib/gcc/ba-elf/4.7.4/../../../../ba-elf/lib/mcpu_jn51xx_sizeopt\libc.a(lib_a-svfprintf.o)
                                         0x34 (size before relaxing)
 .rodata        0x0000000000080bf4       0x20 c:/users/koumu/desktop/20240531/mwstage/tools/ba-elf-ba2-r36379.w10/bin/../lib/gcc/ba-elf/4.7.4/../../../../ba-elf/lib/mcpu_jn51xx_sizeopt\libc.a(lib_a-svfprintf.o)
 .rodata.str1.1
                0x0000000000080c14        0xd c:/users/koumu/desktop/20240531/mwstage/tools/ba-elf-ba2-r36379.w10/bin/../lib/gcc/ba-elf/4.7.4/../../../../ba-elf/lib/mcpu_jn51xx_sizeopt\libc.a(lib_a-dtoa.o)
                                          0xf (size before relaxing)
 .rodata.str1.1
                0x0000000000080c21        0x2 c:/users/koumu/desktop/20240531/mwstage/tools/ba-elf-ba2-r36379.w10/bin/../lib/gcc/ba-elf/4.7.4/../../../../ba-elf/lib/mcpu_jn51xx_sizeopt\libc.a(lib_a-impure.o)
 .rodata.str1.1
                0x0000000000080c23        0x6 c:/users/koumu/desktop/20240531/mwstage/tools/ba-elf-ba2-r36379.w10/bin/../lib/gcc/ba-elf/4.7.4/../../../../ba-elf/lib/mcpu_jn51xx_sizeopt\libc.a(lib_a-locale.o)
                                          0xb (size before relaxing)
 *fill*         0x0000000000080c29        0x7 00
 .rodata        0x0000000000080c30      0x128 c:/users/koumu/desktop/20240531/mwstage/tools/ba-elf-ba2-r36379.w10/bin/../lib/gcc/ba-elf/4.7.4/../../../../ba-elf/lib/mcpu_jn51xx_sizeopt\libc.a(lib_a-mprec.o)
                0x0000000000080c30                __mprec_tinytens
                0x0000000000080c58                __mprec_bigtens
                0x0000000000080c80                __mprec_tens
 .rodata.str1.1
                0x0000000000000000       0x22 c:/users/koumu/desktop/20240531/mwstage/tools/ba-elf-ba2-r36379.w10/bin/../lib/gcc/ba-elf/4.7.4/../../../../ba-elf/lib/mcpu_jn51xx_sizeopt\libc.a(lib_a-svfiprintf.o)
 .rodata        0x0000000000080d58       0x20 c:/users/koumu/desktop/20240531/mwstage/tools/ba-elf-ba2-r36379.w10/bin/../lib/gcc/ba-elf/4.7.4/../../../../ba-elf/lib/mcpu_jn51xx_sizeopt\libc.a(lib_a-svfiprintf.o)
 .rodata        0x0000000000080d78       0x19 c:/users/koumu/desktop/20240531/mwstage/tools/ba-elf-ba2-r36379.w10/bin/../lib/gcc/ba-elf/4.7.4/../../../../ba-elf/lib/mcpu_jn51xx_sizeopt\libc.a(lib_a-glue.o)

.text           0x0000000000080d94    0x13a73
 *(.text*)
 .text          0x0000000000080d94      0xcdb C:\Users\koumu\AppData\Local\Temp\ccheKQ2F.ltrans0.ltrans.o
                0x0000000000080d94                ToCoNet_vMain
 .text          0x0000000000081a6f      0xc45 C:\Users\koumu\AppData\Local\Temp\ccheKQ2F.ltrans1.ltrans.o
                0x0000000000081a6f                mac_vLPBAdjustBeaconOffset
                0x0000000000081acc                mac_u32LPBGetBeaconTimeout
                0x0000000000081ad5                eWEnDTmrExpiry.14207
                0x0000000000081ae0                eWEnDEdDone.14204
                0x0000000000081b3b                eGenlDontCare.14201
                0x0000000000081b40                eGenlIllegal.13826
                0x0000000000081b47                u32GetTimer0
                0x0000000000081b4e                vSetTimer0
                0x0000000000081b5d                _ZN3mwx2L112appdefs_crtpINS0_9NwkSimpleEE18_cbTweNet_vHwEventEPvmm.local.187
                0x0000000000081b60                _ZN3mwx2L112appdefs_crtpINS0_9NwkSimpleEE17_cbTweNet_u8HwIntEPvmm.local.186
                0x0000000000081b65                vHandlerPatch.5034
                0x0000000000081b9c                _ZN3mwx2L112appdefs_crtpINS0_9NwkSimpleEE18_cbTweNet_vTxEventEPvRNS0_12packet_ev_txE.local.185
                0x0000000000081bb6                _ZN3mwx2L112appdefs_crtpINS0_9NwkSimpleEE19_cbTweNet_vNwkEventEPvRNS0_13packet_ev_nwkE.local.191
                0x0000000000081bbf                _ZN3mwx2L112appdefs_crtpINS0_9NwkSimpleEE15_cbTweNet_vMainEPv.local.192
                0x0000000000081bc2                bTAQremoveFromFifo
                0x0000000000081bff                vTAMinsertEvent
                0x0000000000081c65                vTAM_TxRetryTimeout
                0x0000000000081c69                vTACsetTxFrameDefaults
                0x0000000000081c8f                u8TACgetHeaderSize
                0x0000000000081ccc                u32TACpayloadToU32M
                0x0000000000081ced                vTACu32ToPayloadM
                0x0000000000081d05                bTACframeInProgress
                0x0000000000081d2f                bTACassessBeaconForPayload
                0x0000000000081d80                bIsBbcSafeForTx
                0x0000000000081db5                vTATwriteAclMaterialToHardware
                0x0000000000081dda                vTATsetBLE
                0x0000000000081e11                vTATgetFramePayload
                0x0000000000081e2e                eTATreadTXstatus
                0x0000000000081e74                vTAHsetPhyStateDirect.part.0.18687
                0x0000000000081e90                vMEMreturn
                0x0000000000081f01                vTACinformOriginator
                0x0000000000081f23                pvMEMget
                0x0000000000081f4f                vTAMDEdetermineNullState
                0x0000000000081f69                vTAMCOupdatePendingList
                0x000000000008203b                vTAMCOsetCoordinator
                0x0000000000082061                eScanHandleEvt.part.0.14237
                0x000000000008208a                mac_eDcfmIndPost
                0x00000000000820ab                mac_psDcfmIndGetBuf
                0x00000000000820cc                vMLMErxEnableConfirm
                0x00000000000820fe                vMLMEcommStatus
                0x0000000000082161                vMLMEcommStatusFromFrame
                0x00000000000821a5                vMLMEsyncLoss
                0x00000000000821d8                vPMICpostFailedAssocDcfm
                0x0000000000082210                vPMICassocReqTO_2.12654
                0x0000000000082227                MAC_vPibSetPanId
                0x0000000000082242                vHandleTofRequest.10760
                0x0000000000082245                vAppApiDefSetPrbsSeed
                0x0000000000082269                mwx::L1::duplciate_checker::_node_ele_init(mwx::L1::duplciate_checker::_node_ele*)
                0x0000000000082288                _ZN3mwx2L113serial_parserINS0_10alloc_heapIhEEEC1Ev.local.52
                0x00000000000822aa                _ZN3mwx2L16twenetC1Ev.local.58
                0x0000000000082341                _ZN3mwx2L110serial_jenC1Eh.local.107
                0x0000000000082371                _ZN3mwx2L115periph_analogueC1Ev.local.125
                0x000000000008239c                _ZN3mwx2L112appdefs_virt8on_eventEmRm.local.134
                0x00000000000823b4                _ZN3mwx2L112appdefs_virt18cbToCoNet_vHwEventEmm.local.136
                0x00000000000823cc                _ZN3mwx2L112appdefs_virt18cbToCoNet_vTxEventERNS0_12packet_ev_txE.local.137
                0x00000000000823e4                _ZN3mwx2L112appdefs_virt19cbToCoNet_vNwkEventERNS0_13packet_ev_nwkE.local.139
                0x00000000000823fc                u8CCITT8
                0x0000000000082422                bAES_CCM_KeyReg
                0x0000000000082461                bFifoPush.3735
                0x000000000008249a                vAppQApiPostMlme.3721
                0x00000000000824b9                vAppQApiPostMcps.3728
                0x00000000000824d4                pvFifoPull.3732
                0x00000000000824fb                psAppQApiGetMlmeBuffer.3718
                0x0000000000082503                psAppQApiGetMcpsBuffer.3725
                0x000000000008250b                PRSEV_vSetState
                0x000000000008251b                PRSEV_vProcessEv_core.2605
                0x00000000000825bd                PRSEV_vProcessEvPost
                0x00000000000825ef                _PRSEV_vProcessEvSingle
                0x00000000000825fc                ToCoNet_vMacStart
                0x0000000000082609                _ZN3mwx2L18_smplbufIhNS0_12alloc_attachIhEEE9push_backEOh.local.160
                0x0000000000082626                Display::Display()
 .text.unlikely
                0x00000000000826b4       0x65 C:\Users\koumu\AppData\Local\Temp\ccheKQ2F.ltrans1.ltrans.o
                0x00000000000826b4                _ZN3mwx2L112appdefs_virt18cbToCoNet_vRxEventERNS0_9packet_rxE.local.138
                0x00000000000826cc                PRSEV_u8Register
                0x000000000008270a                _PRSEV_vProcessEvSingleH
 .text          0x0000000000082719      0xaea C:\Users\koumu\AppData\Local\Temp\ccheKQ2F.ltrans2.ltrans.o
                0x000000000008272e                mac_vLPBStartTimer
                0x000000000008286a                _out_fct.26982
                0x000000000008287c                _out_null.26988
                0x000000000008287f                vOutputStream.26901
                0x00000000000829b1                vProcessEvCoreTx.26257
                0x0000000000082aa1                bAHI_SetClockRate
                0x0000000000082bac                vAHI_SiMasterConfigure.constprop.295
                0x0000000000082be0                vAHI_DoSetPullup.constprop.275
                0x0000000000082c00                vAHI_DioWakeEnable.constprop.274
                0x0000000000082c14                _ZN3mwx2L16twenet5beginEv.local.112.constprop.273
                0x0000000000082c59                _ZN3mwx2L115periph_analogue10_adc_startEv.local.43.constprop.248
                0x0000000000082d42                mwx::L1::periph_analogue::ADC_handler(unsigned long, unsigned long)
                0x0000000000082d89                u8HwEventHandler.2815
                0x0000000000082e31                vTimerStart
                0x0000000000082f4a                vAHI_TimerEnable.part.1.25022.constprop.232
                0x0000000000082fb5                bAES_CCMstar
                0x0000000000083081                pvHeap_Alloc
                0x0000000000083084                operator new(unsigned long)
                0x00000000000830a7                u32AHI_Init
                0x0000000000083169                vMicroIntRestoreState
                0x0000000000083175                bAHI_DoEnableOutputs
                0x000000000008319e                u8AHI_WakeTimerFiredStatus
                0x00000000000831b2                vAHI_WakeTimerStop.part.3.25487
                0x00000000000831d2                mac_vLPBStopTimer
                0x00000000000831dc                vAHI_UartSetClocksPerBit.part.18.25283
 .text.unlikely
                0x0000000000083203       0x45 C:\Users\koumu\AppData\Local\Temp\ccheKQ2F.ltrans2.ltrans.o
                0x0000000000083203                vAHI_MemoryHold.24919
 .text          0x0000000000083248      0x7ef C:\Users\koumu\AppData\Local\Temp\ccheKQ2F.ltrans3.ltrans.o
                0x0000000000083248                vHnd_E_STATE_RUNNING.26296
                0x0000000000083492                SERIAL_vTxReady
                0x00000000000834f3                TWETERM_vFlush.5651
                0x00000000000835aa                vAppQApiPostHwIntT.3714
                0x000000000008367d                SERIAL_bTxChar
                0x000000000008372e                TWETERM_iPutS.5674
                0x0000000000083753                TWETERM_iPutC.5678
                0x0000000000083764                MWX_Panic
                0x00000000000837c8                cbAppColdStart.part.32.6949
                0x00000000000839b2                SERIAL_i16RxChar
                0x0000000000083a15                TWETERM_iGetC.5682
 .text.unlikely
                0x0000000000083a37      0x1ae C:\Users\koumu\AppData\Local\Temp\ccheKQ2F.ltrans3.ltrans.o
                0x0000000000083a37                Delay.24820.constprop.229
                0x0000000000083ab0                D_CLEAR()
                0x0000000000083af7                D_NOW()
                0x0000000000083b7b                D_MSG1()
 .text          0x0000000000083be5      0xc0d C:\Users\koumu\AppData\Local\Temp\ccheKQ2F.ltrans4.ltrans.o
                0x0000000000083be5                vAHI_IntHandlerTimer4
                0x0000000000083c06                vAHI_IntHandlerTimer3
                0x0000000000083c27                vAHI_IntHandlerTimer1
                0x0000000000083c47                vAHI_IntHandlerTimer0
                0x0000000000083c68                vTimerCallback.24802
                0x0000000000083c73                vAHI_IntHandlerSpiMaster
                0x0000000000083c99                vAHI_IntHandlerAnalogPeriph
                0x0000000000083cb9                vTTIBLETimerExpired
                0x0000000000083cc4                vTTITimer2Expired
                0x0000000000083cc9                vTTITimer1Expired
                0x0000000000083cce                vTTITransactionTimerExpired
                0x0000000000083cf7                vAHI_UartSetRTSCTS.part.15.25268
                0x0000000000083d1e                vAHI_UartReset.part.4.25241
                0x0000000000083d56                vAHI_UartSetControl.part.2.25225
                0x0000000000083da7                vAHI_UartSetBaudDivisor.part.1.25221
                0x0000000000083de6                vAHI_WatchdogStop
                0x0000000000083dfd                _ZN3mwx2L120periph_pulse_counter10_on_wakeupEv.part.18.6323
                0x0000000000083e73                u32AHI_DioWakeStatus
                0x0000000000083e84                vAHI_DioWakeEdge
                0x0000000000083ea4                vAHI_DioSetPullup
                0x0000000000083ec4                vAHI_DioSetOutput
                0x0000000000083ed8                vAHI_DioSetDirection
                0x0000000000083eec                vACI_CmdWaitBusy
                0x0000000000083f50                vACI_OptimisedCcmStar
                0x0000000000084168                vTAIdisableInterrupt
                0x0000000000084181                psRemove.part.0.23766
                0x00000000000841b0                vMAC_MISCpollConfirm
                0x00000000000841e1                MAC_u8AclFindInfo
                0x000000000008430b                vTASretrieveSecurity
                0x000000000008432d                MAC_bLookUpKeyDescriptor.21318
                0x00000000000843a7                u8TSCframeIncrease
                0x00000000000843e0                bUpdateTime.19546
                0x000000000008441b                vTACbuildBeacon
                0x0000000000084623                vTSCpostTransmitUpdate
                0x0000000000084653                vCopyToDataFromMacAddr.21228
                0x0000000000084686                bTSCgetOutgoingInfo
                0x000000000008478f                vDoGoOff.20508
                0x00000000000847a9                psTAQsearchFifo
 .text.unlikely
                0x00000000000847f2       0x3f C:\Users\koumu\AppData\Local\Temp\ccheKQ2F.ltrans4.ltrans.o
                0x00000000000847f2                vAHI_CpuDoze
                0x0000000000084805                vStartXtal32kExternalRc.24816
                0x0000000000084816                _ZL11digitalReadh.1867
 .text          0x0000000000084831      0xd0a C:\Users\koumu\AppData\Local\Temp\ccheKQ2F.ltrans5.ltrans.o
                0x0000000000084a29                _ftoa.27056.constprop.324
                0x0000000000084d82                _ntoa_long_long.27030.constprop.321
                0x0000000000084e57                _ntoa_long.27018.constprop.326
                0x0000000000084f24                vMicroIntEnableOnly.constprop.315
                0x0000000000084f50                vMMAC_SetChannelAndPower
                0x00000000000850f9                vPhySetChannel
                0x0000000000085118                QUEUE__u8RemoveItem.part.1.5236
                0x0000000000085153                QUEUE__vAddItem.constprop.305
                0x0000000000085185                _ToCoNet_bRfChChannel
                0x000000000008521a                ToCoNet_ChMgr_bCh_Reconfig
                0x0000000000085282                ToCoNet_ChMgr_vCh_TxFin
                0x00000000000852ae                vHnd_E_STATE_WAIT_TX.26288
                0x000000000008531e                vHnd_E_STATE_IDLE.26280
                0x0000000000085382                vAHI_ProtocolPower.constprop.314
                0x0000000000085390                vMMAC_ConfigureRadio
 .text.unlikely
                0x000000000008553b      0x205 C:\Users\koumu\AppData\Local\Temp\ccheKQ2F.ltrans5.ltrans.o
                0x000000000008553b                _ZN3mwx2L110twenet_mac8transmitERNS0_9packet_txE.local.32.constprop.304
 *fill*         0x0000000000085740        0x0 00
 .text          0x0000000000085740      0xb64 C:\Users\koumu\AppData\Local\Temp\ccheKQ2F.ltrans6.ltrans.o
                0x0000000000085740                eWBRTTxDone.14223
                0x000000000008575e                vTAMCOframeTXgoingIdle
                0x0000000000085777                vTAMCOframeTXcap
                0x000000000008579b                vTAMDEframeTXDEnull
                0x00000000000857be                vTAMDEframeTXtrackingCAPgts
                0x00000000000857ea                vTAMCOframeTXnobeacon
                0x00000000000857ff                vTAMCOframeStarting
                0x0000000000085818                eWCoRRxDone.14214
                0x00000000000858c2                eWBcnRxDone.14226
                0x0000000000085a91                bTACprocessFrameRXcomplete
                0x0000000000085eae                vTAMCOframeTXbeacon
                0x0000000000085f75                vTAMDEframeRXsyncReq
                0x00000000000861c4                vTAMDEint1FiredTrackingCAPgts
                0x0000000000086275                eWONTTxDone.14220
 .text          0x00000000000862a4      0xab1 C:\Users\koumu\AppData\Local\Temp\ccheKQ2F.ltrans7.ltrans.o
                0x00000000000862a4                vTACintRXheader
                0x0000000000086be2                vHnd_E_STATE_FINISH_TX_FAIL.26265
                0x0000000000086c98                vHnd_E_STATE_FINISH_TX_SUCCESS.26270
                0x0000000000086d2a                _ZN3mwx2L110serial_jen10_on_wakeupEv.part.27.6467
 .text          0x0000000000086d55      0x748 C:\Users\koumu\AppData\Local\Temp\ccheKQ2F.ltrans8.ltrans.o
                0x0000000000086d55                UART_vHandleUartInterrupt.5161
                0x0000000000086dea                vRxChar.5059
                0x0000000000086e3b                vXCV_IntHandlerPhy
                0x0000000000086eed                vScanHandleTimer.13823
                0x0000000000086ef2                bAES_CCM_EncodeKey
                0x0000000000086f9f                _ZN3mwx2L114processev_crtpINS0_9NwkSimpleEE14vProcessEvCoreEP8_tsEvent7teEventm.local.190
                0x0000000000087052                vXCV_IntHandlerBbc
                0x00000000000870f5                _ZN3mwx2L114periph_twowire15endTransmissionEb.local.174.constprop.284
                0x0000000000087125                _ZN3mwx2L110serial_jen13_set_baudrateEt.isra.2.6289
                0x00000000000871d6                UART_vSetTxInterrupt
                0x0000000000087221                u8TAM_AES_WriteAuxilliarySecurityHeaderIntoBuffer
                0x0000000000087293                u32AHI_ReadIndexSectorBits.constprop.213
                0x00000000000872f4                _ZN3mwx2L114periph_twowire5writeEh.local.176.constprop.287
                0x0000000000087331                _ZN3mwx2L114periph_twowire17beginTransmissionEh.local.175.constprop.285
                0x0000000000087366                vTAIsetCapTime
                0x0000000000087387                vTAIsetRxEnableTime
                0x00000000000873a8                vDoGoActive.20510
                0x00000000000873ca                vTAMRXEint2Fired
                0x0000000000087400                _ZN3mwx2L115periph_analogue5setupEbhPFvvE.local.124.constprop.270
 .text.unlikely
                0x000000000008749d      0x147 C:\Users\koumu\AppData\Local\Temp\ccheKQ2F.ltrans8.ltrans.o
                0x000000000008749d                D_MSG2()
                0x000000000008750a                D_MSG4()
                0x0000000000087577                D_MSG5()
 .text          0x00000000000875e4      0x7b2 C:\Users\koumu\AppData\Local\Temp\ccheKQ2F.ltrans9.ltrans.o
                0x00000000000875e4                _ZN3mwx2L112appdefs_crtpINS0_9NwkSimpleEE18_cbTweNet_vRxEventEPvRNS0_9packet_rxE.local.188
                0x0000000000087b32                vAppApiDefMlmeRequest
                0x0000000000087b5d                pvAppApiDefGetMacHandle
                0x0000000000087b66                cbAppWarmStart.part.28.6728
 *fill*         0x0000000000087d96        0x2 00
 .text.unlikely
                0x0000000000087d98      0x310 C:\Users\koumu\AppData\Local\Temp\ccheKQ2F.ltrans9.ltrans.o
                0x0000000000087db5                vProcessIncomingHwEvent.2984
 .text          0x00000000000880a8      0xa84 C:\Users\koumu\AppData\Local\Temp\ccheKQ2F.ltrans10.ltrans.o
                0x00000000000880a8                vPostDcfm.14210
                0x000000000008817c                AppWarmStart
                0x000000000008824c                vSetNextChannel.14258
                0x00000000000882a5                MAC_vHandleMlmeReqRsp
                0x0000000000088a55                vTAMDEint1FiredTracking
                0x0000000000088ac5                vTAMDEint1FiredSyncReq
 .text          0x0000000000088b2c      0x55c C:\Users\koumu\AppData\Local\Temp\ccheKQ2F.ltrans11.ltrans.o
                0x0000000000088b2c                AppColdStart
 .text.unlikely
                0x0000000000089088      0x43b C:\Users\koumu\AppData\Local\Temp\ccheKQ2F.ltrans11.ltrans.o
                0x0000000000089088                ToCoNet_vStart
 *fill*         0x00000000000894c3        0x1 00
 .text          0x00000000000894c4      0xa34 C:\Users\koumu\AppData\Local\Temp\ccheKQ2F.ltrans12.ltrans.o
                0x00000000000894c4                vPMICassocReqTO_1.12647
                0x000000000008954c                vTAM_MCPSdataRequest
                0x000000000008958f                bTACcheckPANconflict
                0x0000000000089648                vTAMDEstartSync
                0x00000000000896c7                eTAMselect
                0x0000000000089808                MAC_pvCtor
                0x0000000000089c31                u32AppApiDefInit
                0x0000000000089cfc                vDeterminePowerState.17468
                0x0000000000089d80                vTAMDEint1FiredTrackingBeacon
                0x0000000000089e20                vTAMDEint2FiredTrackingDR
                0x0000000000089e45                vTAMDEframeTXtrackingDR
                0x0000000000089e9e                vTAMDEint2FiredPollActive
                0x0000000000089ed2                vTAMDEreqTXnullTrackingCAP
                0x0000000000089eeb                vTAM_TxRetryTimer
 .text          0x0000000000089ef8      0xc78 C:\Users\koumu\AppData\Local\Temp\ccheKQ2F.ltrans13.ltrans.o
                0x0000000000089ef8                TSV_eStart
                0x0000000000089fdc                eTAStransmitRequest
                0x000000000008a377                TSV_eOpen
                0x000000000008a37f                vAppApiDefRestoreMacSettings
                0x000000000008a466                vAppApiDefSaveMacSettings
                0x000000000008a4c3                mac_vLPBSleep
                0x000000000008a581                pvAppApiDefGetMacAddrLocation
                0x000000000008a58a                eAppApiDefPlmeGet
                0x000000000008a5dc                eAppApiDefPlmeSet
                0x000000000008a64d                vAppApiDefMcpsRequest
                0x000000000008a678                vHnd_E_STATE_PREPARE_TX.26275
 .text          0x000000000008ab70      0x4d4 C:\Users\koumu\AppData\Local\Temp\ccheKQ2F.ltrans14.ltrans.o
                0x000000000008ab70                _ToCoNet_vMacInit
                0x000000000008abd6                _ToCoNet_vRfConfig
                0x000000000008ad71                mwx::L1::NwkSimple::on_create(unsigned long&)
                0x000000000008af2d                setup()
 .text.unlikely
                0x000000000008b044      0x254 C:\Users\koumu\AppData\Local\Temp\ccheKQ2F.ltrans14.ltrans.o
                0x000000000008b044                _Z9vTransmitPKcim.constprop.259
 .text          0x000000000008b298      0x7d7 C:\Users\koumu\AppData\Local\Temp\ccheKQ2F.ltrans15.ltrans.o
                0x000000000008b298                vTAMCOreqTXinCAP
                0x000000000008b2be                _ZN3mwx2L110serial_jen6_beginEv.part.25.6342
                0x000000000008b543                _ZN3mwx2L110serial_jen5beginEmh.part.26.6452
                0x000000000008b5c0                _MWX_periph_init()
                0x000000000008b67c                vTrySendFromDirectCAP.16801
                0x000000000008b698                vTrySendFromDirectNoBeacon.16805
                0x000000000008b6c4                vTAMCOint1Fired
                0x000000000008b7e0                vTAMCOstartBeacon
                0x000000000008b81b                vStartStoreValues.16869
                0x000000000008b8d2                bStartCallback.16898
                0x000000000008b901                vTAMCOint1FiredCAP
                0x000000000008b973                vTAMCOreqTXnoBeacon
                0x000000000008b985                vTrySendUnslotted.17346
                0x000000000008b99e                bProcessBeaconRX.17351
 .text          0x000000000008ba6f      0x887 C:\Users\koumu\AppData\Local\Temp\ccheKQ2F.ltrans16.ltrans.o
                0x000000000008ba6f                vTAMRXEsetPhy
                0x000000000008bb32                vTAHsetPhyState
                0x000000000008bb62                vTAMCOint2Fired
                0x000000000008bb82                vSetPHYfromMacValue.17344
                0x000000000008bbb4                vTAMDEint1FiredWaitDR
                0x000000000008bbc1                vTACsetPHYfromMacValue
                0x000000000008bbe2                vTAMRXEsetReceiveForPibChange
                0x000000000008bc22                _ZN3mwx2L114periph_twowireC1Eh.local.76
                0x000000000008bc5f                vMLMEbeaconNotify
                0x000000000008bdbe                bAHI_ReadMACID
                0x000000000008be04                vMCPSframeReceived
                0x000000000008bec8                ToCoNet_vInit
                0x000000000008c20b                vExpireHead.23771
                0x000000000008c23b                _ZN3mwx2L114periph_twowire8_init_hwEb.isra.15.1905.constprop.293
                0x000000000008c26c                MWX_DebugMsg
                0x000000000008c2ad                _ZN3mwx2L114periph_twowire9busy_waitEv.isra.9.1893
 .text.unlikely
                0x000000000008c2f6       0xd2 C:\Users\koumu\AppData\Local\Temp\ccheKQ2F.ltrans16.ltrans.o
                0x000000000008c2f6                _ZL5delaym.1864
                0x000000000008c3b9                u32AppQApiInitInt_PATCH
 .text          0x000000000008c3c8      0x7a4 C:\Users\koumu\AppData\Local\Temp\ccheKQ2F.ltrans17.ltrans.o
                0x000000000008c528                bAES_CCM_DecodeKey
                0x000000000008c5e4                bTAM_AES_CCMstarPatch
                0x000000000008c728                bTAM_AES_CCMstarPatch2006
                0x000000000008c82f                vWriteFrame.19046
                0x000000000008ca07                bTATsendFrame
                0x000000000008ca5a                bSendDataRequest.17348
 .text.unlikely
                0x000000000008cb6c      0x108 C:\Users\koumu\AppData\Local\Temp\ccheKQ2F.ltrans17.ltrans.o
                0x000000000008cb6c                bStartXtal32k.24826
 *fill*         0x000000000008cc74        0x0 00
 .text          0x000000000008cc74      0x704 C:\Users\koumu\AppData\Local\Temp\ccheKQ2F.ltrans18.ltrans.o
                0x000000000008cc74                eGenTmrExpiry.14519
                0x000000000008ccb6                eWEDTEdDone.14522
                0x000000000008ccda                TSV_eStop
                0x000000000008cd99                bPMICdisassocReqSent.12643
                0x000000000008ce53                MAC_vHandleMcpsReqRsp
                0x000000000008cee0                bMCPSframeTXcomplete.15254
                0x000000000008cf35                bSendSyncLoss.19481
                0x000000000008cf4d                bPollReqSent.23077
                0x000000000008cf65                bTASsendCommStatusInd
                0x000000000008cf7a                bAssocRespSent.12639
                0x000000000008cf8d                eTACprocessFrameTXcomplete
                0x000000000008d109                bPMICassocReqSent.12635
                0x000000000008d18b                bPMICassocReqPollSent.12650
                0x000000000008d1df                eWChCChanChgd.14234
 .text          0x000000000008d378      0x9bf C:\Users\koumu\AppData\Local\Temp\ccheKQ2F.ltrans19.ltrans.o
                0x000000000008d378                _etoa.27076.constprop.322
                0x000000000008d724                _vsnprintf.constprop.320
 *fill*         0x000000000008dd37        0x1 00
 .text          0x000000000008dd38      0x3e8 C:\Users\koumu\AppData\Local\Temp\ccheKQ2F.ltrans20.ltrans.o
                0x000000000008dd38                vAHI_IntHandlerTickTimer
                0x000000000008dd7f                eGenRxHdrDone.14217
                0x000000000008dd8f                vTimerConfig
                0x000000000008df5b                _ZN3mwx2L112periph_timer10_on_wakeupEv.local.131
                0x000000000008df99                pinMode(unsigned char, mwx::L1::enum_wapper<PIN_MODE::eMWX_DIO_MODE, unsigned char>)
 .text          0x000000000008e120       0xbd C:\Users\koumu\AppData\Local\Temp\ccheKQ2F.ltrans21.ltrans.o
                0x000000000008e120                vTAMCOframeRXcap
                0x000000000008e132                vTAMCOframeRXgoingIdle
                0x000000000008e148                vTAMCOframeRXnobeacon
                0x000000000008e15a                vTAMDEframeRX
                0x000000000008e182                vTAMDEframePreSyncReq
                0x000000000008e19a                vTAMDEframeRXtrackingDR
 .text          0x000000000008e1dd      0x157 C:\Users\koumu\AppData\Local\Temp\ccheKQ2F.ltrans22.ltrans.o
                0x000000000008e1dd                _ZN3mwx2L112appdefs_crtpINS0_9NwkSimpleEE9_on_eventEPvmRm.local.189
                0x000000000008e2cc                vProcessEvCoreMac
 .text          0x000000000008e334       0x25 c:/users/koumu/desktop/20240531/mwstage/tools/ba-elf-ba2-r36379.w10/bin/../lib/gcc/ba-elf/4.7.4/../../../../ba-elf/lib/mcpu_jn51xx_sizeopt\libc.a(lib_a-memcmp.o)
                0x000000000008e334                memcmp
 .text          0x000000000008e359       0x39 c:/users/koumu/desktop/20240531/mwstage/tools/ba-elf-ba2-r36379.w10/bin/../lib/gcc/ba-elf/4.7.4/mcpu_jn51xx_sizeopt\libgcc.a(_fixunsdfsi.o)
                0x000000000008e359                __fixunsdfsi
 .text          0x000000000008e392      0x350 c:/users/koumu/desktop/20240531/mwstage/tools/ba-elf-ba2-r36379.w10/bin/../lib/gcc/ba-elf/4.7.4/mcpu_jn51xx_sizeopt\libgcc.a(_udivdi3.o)
                0x000000000008e392                __udivdi3
 .text          0x000000000008e6e2      0x312 c:/users/koumu/desktop/20240531/mwstage/tools/ba-elf-ba2-r36379.w10/bin/../lib/gcc/ba-elf/4.7.4/mcpu_jn51xx_sizeopt\libgcc.a(_umoddi3.o)
                0x000000000008e6e2                __umoddi3
 .text          0x000000000008e9f4       0x27 C:/Users/koumu/Desktop/20240531/MWSTAGE/MWSDK/ChipLib/SW4063V1416/Components/Library\libHardwareApi_JN5169.a(AHI_Interrupt.o)
                0x000000000008e9f4                vAHI_InterruptSetPriority
                0x000000000008ea12                vAHI_InterruptSetActivePriorityLevel
 .text.vMicroSyscall
                0x000000000008ea1b       0x17 C:/Users/koumu/Desktop/20240531/MWSTAGE/MWSDK/ChipLib/SW4063V1416/Components/Library\libMicroSpecific_JN516x.a(MicroSyscall_ba.o)
                0x000000000008ea1b                vMicroSyscall
 .text          0x000000000008ea32       0x12 c:/users/koumu/desktop/20240531/mwstage/tools/ba-elf-ba2-r36379.w10/bin/../lib/gcc/ba-elf/4.7.4/../../../../ba-elf/lib/mcpu_jn51xx_sizeopt\libc.a(lib_a-memset.o)
                0x000000000008ea32                memset
 .text          0x000000000008ea44       0x84 c:/users/koumu/desktop/20240531/mwstage/tools/ba-elf-ba2-r36379.w10/bin/../lib/gcc/ba-elf/4.7.4/../../../../ba-elf/lib/mcpu_jn51xx_sizeopt\libc.a(lib_a-sprintf.o)
                0x000000000008ea44                _sprintf_r
                0x000000000008ea82                sprintf
 .text          0x000000000008eac8       0x38 c:/users/koumu/desktop/20240531/mwstage/tools/ba-elf-ba2-r36379.w10/bin/../lib/gcc/ba-elf/4.7.4/../../../../ba-elf/lib/mcpu_jn51xx_sizeopt\libc.a(lib_a-strncmp.o)
                0x000000000008eac8                strncmp
 .text          0x000000000008eb00     0x10e4 c:/users/koumu/desktop/20240531/mwstage/tools/ba-elf-ba2-r36379.w10/bin/../lib/gcc/ba-elf/4.7.4/../../../../ba-elf/lib/mcpu_jn51xx_sizeopt\libc.a(lib_a-svfprintf.o)
                0x000000000008eb00                _svfprintf_r
 .text          0x000000000008fbe4      0xd83 c:/users/koumu/desktop/20240531/mwstage/tools/ba-elf-ba2-r36379.w10/bin/../lib/gcc/ba-elf/4.7.4/../../../../ba-elf/lib/mcpu_jn51xx_sizeopt\libc.a(lib_a-dtoa.o)
                0x000000000008fd2f                _dtoa_r
 .text          0x0000000000090967       0x86 c:/users/koumu/desktop/20240531/mwstage/tools/ba-elf-ba2-r36379.w10/bin/../lib/gcc/ba-elf/4.7.4/../../../../ba-elf/lib/mcpu_jn51xx_sizeopt\libc.a(lib_a-locale.o)
                0x0000000000090967                _setlocale_r
                0x00000000000909ad                __locale_charset
                0x00000000000909b6                __locale_mb_cur_max
                0x00000000000909bf                __locale_msgcharset
                0x00000000000909c8                __locale_cjk_lang
                0x00000000000909cd                _localeconv_r
                0x00000000000909d6                setlocale
                0x00000000000909e4                localeconv
 .text          0x00000000000909ed      0x4ba c:/users/koumu/desktop/20240531/mwstage/tools/ba-elf-ba2-r36379.w10/bin/../lib/gcc/ba-elf/4.7.4/../../../../ba-elf/lib/mcpu_jn51xx_sizeopt\libc.a(lib_a-mallocr.o)
                0x00000000000909ed                _malloc_r
 .text          0x0000000000090ea7       0x19 c:/users/koumu/desktop/20240531/mwstage/tools/ba-elf-ba2-r36379.w10/bin/../lib/gcc/ba-elf/4.7.4/../../../../ba-elf/lib/mcpu_jn51xx_sizeopt\libc.a(lib_a-memchr.o)
                0x0000000000090ea7                memchr
 .text          0x0000000000090ec0       0x19 c:/users/koumu/desktop/20240531/mwstage/tools/ba-elf-ba2-r36379.w10/bin/../lib/gcc/ba-elf/4.7.4/../../../../ba-elf/lib/mcpu_jn51xx_sizeopt\libc.a(lib_a-memcpy.o)
 .text          0x0000000000090ed9        0x6 c:/users/koumu/desktop/20240531/mwstage/tools/ba-elf-ba2-r36379.w10/bin/../lib/gcc/ba-elf/4.7.4/../../../../ba-elf/lib/mcpu_jn51xx_sizeopt\libc.a(lib_a-mlock.o)
                0x0000000000090ed9                __malloc_lock
                0x0000000000090edc                __malloc_unlock
 .text          0x0000000000090edf      0x8bb c:/users/koumu/desktop/20240531/mwstage/tools/ba-elf-ba2-r36379.w10/bin/../lib/gcc/ba-elf/4.7.4/../../../../ba-elf/lib/mcpu_jn51xx_sizeopt\libc.a(lib_a-mprec.o)
                0x0000000000090edf                _Balloc
                0x0000000000090f37                _Bfree
                0x0000000000090f51                __multadd
                0x0000000000090fde                __s2b
                0x000000000009106b                __hi0bits
                0x00000000000910c0                __lo0bits
                0x0000000000091139                __i2b
                0x000000000009114e                __multiply
                0x000000000009128f                __pow5mult
                0x000000000009130e                __lshift
                0x00000000000913c2                __mcmp
                0x0000000000091401                __mdiff
                0x00000000000914e3                __ulp
                0x0000000000091527                __b2d
                0x00000000000915ca                __d2b
                0x0000000000091689                __ratio
                0x00000000000916d9                _mprec_log10
                0x000000000009170d                __copybits
                0x0000000000091746                __any_on
 .text          0x000000000009179a       0x23 c:/users/koumu/desktop/20240531/mwstage/tools/ba-elf-ba2-r36379.w10/bin/../lib/gcc/ba-elf/4.7.4/../../../../ba-elf/lib/mcpu_jn51xx_sizeopt\libc.a(lib_a-sbrkr.o)
                0x000000000009179a                _sbrk_r
 .text          0x00000000000917bd       0x5c c:/users/koumu/desktop/20240531/mwstage/tools/ba-elf-ba2-r36379.w10/bin/../lib/gcc/ba-elf/4.7.4/../../../../ba-elf/lib/mcpu_jn51xx_sizeopt\libc.a(lib_a-s_fpclassify.o)
                0x00000000000917bd                __fpclassifyd
 .text          0x0000000000091819       0x25 c:/users/koumu/desktop/20240531/mwstage/tools/ba-elf-ba2-r36379.w10/bin/../lib/gcc/ba-elf/4.7.4/../../../../ba-elf/lib/mcpu_jn51xx_sizeopt\libc.a(lib_a-strcmp.o)
                0x0000000000091819                strcmp
 .text          0x000000000009183e       0x12 c:/users/koumu/desktop/20240531/mwstage/tools/ba-elf-ba2-r36379.w10/bin/../lib/gcc/ba-elf/4.7.4/../../../../ba-elf/lib/mcpu_jn51xx_sizeopt\libc.a(lib_a-strlen.o)
                0x000000000009183e                strlen
 .text          0x0000000000091850      0x8f1 c:/users/koumu/desktop/20240531/mwstage/tools/ba-elf-ba2-r36379.w10/bin/../lib/gcc/ba-elf/4.7.4/../../../../ba-elf/lib/mcpu_jn51xx_sizeopt\libc.a(lib_a-svfiprintf.o)
                0x0000000000091850                __ssprint_r
                0x0000000000091974                _svfiprintf_r
 .text          0x0000000000092141       0x64 c:/users/koumu/desktop/20240531/mwstage/tools/ba-elf-ba2-r36379.w10/bin/../lib/gcc/ba-elf/4.7.4/../../../../ba-elf/lib/mcpu_jn51xx_sizeopt\libc.a(lib_a-callocr.o)
                0x0000000000092141                _calloc_r
 .text          0x00000000000921a5      0x271 c:/users/koumu/desktop/20240531/mwstage/tools/ba-elf-ba2-r36379.w10/bin/../lib/gcc/ba-elf/4.7.4/../../../../ba-elf/lib/mcpu_jn51xx_sizeopt\libc.a(lib_a-freer.o)
                0x00000000000921a5                _malloc_trim_r
                0x0000000000092259                _free_r
 .text          0x0000000000092416      0x1d0 c:/users/koumu/desktop/20240531/mwstage/tools/ba-elf-ba2-r36379.w10/bin/../lib/gcc/ba-elf/4.7.4/../../../../ba-elf/lib/mcpu_jn51xx_sizeopt\libc.a(lib_a-glue.o)
                0x0000000000092416                _read
                0x0000000000092430                _write
                0x000000000009244a                _open
                0x0000000000092464                _close
                0x000000000009247e                _isatty
                0x0000000000092499                _lseek
                0x00000000000924b4                _fstat
                0x00000000000924cf                _times
                0x00000000000924ea                _time
                0x0000000000092505                _creat
                0x0000000000092520                _link
                0x000000000009253b                _unlink
                0x0000000000092556                _fork
                0x0000000000092570                isatty
                0x0000000000092572                __unlink
                0x0000000000092574                _exit
                0x0000000000092578                _kill
                0x000000000009257c                _getpid
                0x0000000000092581                _sbrk
 .text          0x00000000000925e6       0x44 c:/users/koumu/desktop/20240531/mwstage/tools/ba-elf-ba2-r36379.w10/bin/../lib/gcc/ba-elf/4.7.4/../../../../ba-elf/lib/mcpu_jn51xx_sizeopt\libc.a(lib_a-memmove.o)
                0x00000000000925e6                memmove
 .text          0x000000000009262a      0x33c c:/users/koumu/desktop/20240531/mwstage/tools/ba-elf-ba2-r36379.w10/bin/../lib/gcc/ba-elf/4.7.4/../../../../ba-elf/lib/mcpu_jn51xx_sizeopt\libc.a(lib_a-reallocr.o)
                0x000000000009262a                _realloc_r
 .text          0x0000000000092966        0x9 c:/users/koumu/desktop/20240531/mwstage/tools/ba-elf-ba2-r36379.w10/bin/../lib/gcc/ba-elf/4.7.4/../../../../ba-elf/lib/mcpu_jn51xx_sizeopt\libc.a(lib_a-errno.o)
                0x0000000000092966                __errno
 *fill*         0x000000000009296f        0x1 00
 .text          0x0000000000092970      0x204 c:/users/koumu/desktop/20240531/mwstage/tools/ba-elf-ba2-r36379.w10/bin/../lib/gcc/ba-elf/4.7.4/mcpu_jn51xx_sizeopt\libgcc.a(__udivsi3.o)
                0x0000000000092970                __udivsi3
 .text          0x0000000000092b74       0x30 c:/users/koumu/desktop/20240531/mwstage/tools/ba-elf-ba2-r36379.w10/bin/../lib/gcc/ba-elf/4.7.4/mcpu_jn51xx_sizeopt\libgcc.a(__divsi3.o)
                0x0000000000092b74                __divsi3
 .text          0x0000000000092ba4      0x1b0 c:/users/koumu/desktop/20240531/mwstage/tools/ba-elf-ba2-r36379.w10/bin/../lib/gcc/ba-elf/4.7.4/mcpu_jn51xx_sizeopt\libgcc.a(__umodsi3.o)
                0x0000000000092ba4                __umodsi3
 .text          0x0000000000092d54       0x24 c:/users/koumu/desktop/20240531/mwstage/tools/ba-elf-ba2-r36379.w10/bin/../lib/gcc/ba-elf/4.7.4/mcpu_jn51xx_sizeopt\libgcc.a(__modsi3.o)
                0x0000000000092d54                __modsi3
 .text          0x0000000000092d78      0x682 c:/users/koumu/desktop/20240531/mwstage/tools/ba-elf-ba2-r36379.w10/bin/../lib/gcc/ba-elf/4.7.4/mcpu_jn51xx_sizeopt\libgcc.a(adddf3.o)
                0x0000000000092d78                __adddf3
 *fill*         0x00000000000933fa        0x2 00
 .text          0x00000000000933fc      0x5c8 c:/users/koumu/desktop/20240531/mwstage/tools/ba-elf-ba2-r36379.w10/bin/../lib/gcc/ba-elf/4.7.4/mcpu_jn51xx_sizeopt\libgcc.a(divdf3.o)
                0x00000000000933fc                __divdf3
 .text          0x00000000000939c4       0x7f c:/users/koumu/desktop/20240531/mwstage/tools/ba-elf-ba2-r36379.w10/bin/../lib/gcc/ba-elf/4.7.4/mcpu_jn51xx_sizeopt\libgcc.a(eqdf2.o)
                0x00000000000939c4                __nedf2
                0x00000000000939c4                __eqdf2
 .text          0x0000000000093a43       0xca c:/users/koumu/desktop/20240531/mwstage/tools/ba-elf-ba2-r36379.w10/bin/../lib/gcc/ba-elf/4.7.4/mcpu_jn51xx_sizeopt\libgcc.a(gedf2.o)
                0x0000000000093a43                __gedf2
                0x0000000000093a43                __gtdf2
 .text          0x0000000000093b0d       0xcb c:/users/koumu/desktop/20240531/mwstage/tools/ba-elf-ba2-r36379.w10/bin/../lib/gcc/ba-elf/4.7.4/mcpu_jn51xx_sizeopt\libgcc.a(ledf2.o)
                0x0000000000093b0d                __ledf2
                0x0000000000093b0d                __ltdf2
 .text          0x0000000000093bd8      0x488 c:/users/koumu/desktop/20240531/mwstage/tools/ba-elf-ba2-r36379.w10/bin/../lib/gcc/ba-elf/4.7.4/mcpu_jn51xx_sizeopt\libgcc.a(muldf3.o)
                0x0000000000093bd8                __muldf3
 .text          0x0000000000094060      0x693 c:/users/koumu/desktop/20240531/mwstage/tools/ba-elf-ba2-r36379.w10/bin/../lib/gcc/ba-elf/4.7.4/mcpu_jn51xx_sizeopt\libgcc.a(subdf3.o)
                0x0000000000094060                __subdf3
 .text          0x00000000000946f3       0x64 c:/users/koumu/desktop/20240531/mwstage/tools/ba-elf-ba2-r36379.w10/bin/../lib/gcc/ba-elf/4.7.4/mcpu_jn51xx_sizeopt\libgcc.a(fixdfsi.o)
                0x00000000000946f3                __fixdfsi
 .text          0x0000000000094757       0x61 c:/users/koumu/desktop/20240531/mwstage/tools/ba-elf-ba2-r36379.w10/bin/../lib/gcc/ba-elf/4.7.4/mcpu_jn51xx_sizeopt\libgcc.a(floatsidf.o)
                0x0000000000094757                __floatsidf
 .text          0x00000000000947b8       0x4f c:/users/koumu/desktop/20240531/mwstage/tools/ba-elf-ba2-r36379.w10/bin/../lib/gcc/ba-elf/4.7.4/mcpu_jn51xx_sizeopt\libgcc.a(floatunsidf.o)
                0x00000000000947b8                __floatunsidf
                0x0000000000094807                _flash_end = ABSOLUTE (.)

.rela.dyn       0x0000000000094808        0x0
 .rela.text     0x0000000000000000        0x0 c:/users/koumu/desktop/20240531/mwstage/tools/ba-elf-ba2-r36379.w10/bin/../lib/gcc/ba-elf/4.7.4/../../../../ba-elf/lib/mcpu_jn51xx_sizeopt\libc.a(lib_a-sprintf.o)
 .rela.text.unlikely
                0x0000000000000000        0x0 c:/users/koumu/desktop/20240531/mwstage/tools/ba-elf-ba2-r36379.w10/bin/../lib/gcc/ba-elf/4.7.4/../../../../ba-elf/lib/mcpu_jn51xx_sizeopt\libc.a(lib_a-sprintf.o)
 .rela.data     0x0000000000000000        0x0 c:/users/koumu/desktop/20240531/mwstage/tools/ba-elf-ba2-r36379.w10/bin/../lib/gcc/ba-elf/4.7.4/../../../../ba-elf/lib/mcpu_jn51xx_sizeopt\libc.a(lib_a-sprintf.o)
 .rela.rodata   0x0000000000000000        0x0 c:/users/koumu/desktop/20240531/mwstage/tools/ba-elf-ba2-r36379.w10/bin/../lib/gcc/ba-elf/4.7.4/../../../../ba-elf/lib/mcpu_jn51xx_sizeopt\libc.a(lib_a-sprintf.o)
                0x000000000400004c                . = ORIGIN (ram)

.data           0x000000000400004c      0x8f0 load address 0x0000000000094808
                0x000000000400004c                _ram_data_start = ABSOLUTE (.)
 *(.data*)
 .data          0x000000000400004c        0x8 C:\Users\koumu\AppData\Local\Temp\ccheKQ2F.ltrans0.ltrans.o
 .data          0x0000000004000054        0x4 C:\Users\koumu\AppData\Local\Temp\ccheKQ2F.ltrans2.ltrans.o
                0x0000000004000054                u32HeapStart
 .data          0x0000000004000058        0x1 C:\Users\koumu\AppData\Local\Temp\ccheKQ2F.ltrans3.ltrans.o
                0x0000000004000058                _toconet_tx_u8_init_queue_flag
 .data          0x0000000004000059        0x1 C:\Users\koumu\AppData\Local\Temp\ccheKQ2F.ltrans5.ltrans.o
 .data          0x000000000400005a        0x1 C:\Users\koumu\AppData\Local\Temp\ccheKQ2F.ltrans12.ltrans.o
 .data.initinboot
                0x000000000400005b        0x1 C:\Users\koumu\AppData\Local\Temp\ccheKQ2F.ltrans12.ltrans.o
                0x000000000400005b                gMAC_u8MaxBuffers
 .data          0x000000000400005c        0x1 C:\Users\koumu\AppData\Local\Temp\ccheKQ2F.ltrans13.ltrans.o
                0x000000000400005c                u8TxWkrNow.26398
 .data          0x000000000400005d       0x21 C:\Users\koumu\AppData\Local\Temp\ccheKQ2F.ltrans14.ltrans.o
 *fill*         0x000000000400007e        0x2 00
 .data          0x0000000004000080      0x430 c:/users/koumu/desktop/20240531/mwstage/tools/ba-elf-ba2-r36379.w10/bin/../lib/gcc/ba-elf/4.7.4/../../../../ba-elf/lib/mcpu_jn51xx_sizeopt\libc.a(lib_a-impure.o)
                0x0000000004000080                _impure_ptr
 .data          0x00000000040004b0       0x7c c:/users/koumu/desktop/20240531/mwstage/tools/ba-elf-ba2-r36379.w10/bin/../lib/gcc/ba-elf/4.7.4/../../../../ba-elf/lib/mcpu_jn51xx_sizeopt\libc.a(lib_a-locale.o)
                0x00000000040004b0                __mb_cur_max
 .data          0x000000000400052c      0x410 c:/users/koumu/desktop/20240531/mwstage/tools/ba-elf-ba2-r36379.w10/bin/../lib/gcc/ba-elf/4.7.4/../../../../ba-elf/lib/mcpu_jn51xx_sizeopt\libc.a(lib_a-mallocr.o)
                0x000000000400052c                __malloc_sbrk_base
                0x0000000004000530                __malloc_trim_threshold
                0x0000000004000534                __malloc_av_
 *(.data.*)
                0x000000000400093c                . = ALIGN (0x4)
                0x000000000400093c                _ram_data_end = ABSOLUTE (.)

.bss            0x000000000400093c     0x16b4 load address 0x00000000000950f8
                0x000000000400093c                _bss_start = ABSOLUTE (.)
 *(.bss*)
 .bss           0x000000000400093c      0x120 C:\Users\koumu\AppData\Local\Temp\ccheKQ2F.ltrans0.ltrans.o
                0x000000000400093c                sMcpsIndQueue.3953
                0x000000000400094c                sMcpsIndBufferQueue.3951
                0x000000000400095c                sMlmeIndQueue.3954
                0x000000000400096c                sMlmeIndBufferQueue.3952
                0x000000000400097c                sHwIndQueue.3955
                0x000000000400098c                sHwIndBufferQueue.3956
                0x000000000400099c                _u32_INT_adc_comp
                0x00000000040009a0                _u32_INT_ticktimer
                0x00000000040009a4                asSerialPorts
                0x00000000040009dc                gpsLength
                0x00000000040009e0                index
                0x00000000040009e4                _periph_availmap
 .bss           0x0000000004000a5c        0xc C:\Users\koumu\AppData\Local\Temp\ccheKQ2F.ltrans1.ltrans.o
 .bss           0x0000000004000a68        0x8 C:\Users\koumu\AppData\Local\Temp\ccheKQ2F.ltrans2.ltrans.o
 .bss.dontinitinboot
                0x0000000004000a70        0x4 C:\Users\koumu\AppData\Local\Temp\ccheKQ2F.ltrans2.ltrans.o
 .bss           0x0000000004000a74      0x61c C:\Users\koumu\AppData\Local\Temp\ccheKQ2F.ltrans3.ltrans.o
                0x0000000004000a74                prAppHwCallback.3959
                0x0000000004000a78                _SERIAL_bmTxIntEnabled
                0x0000000004000a7c                TxWorker_u8Num.26355
                0x0000000004000a7d                gbTimeOutFlag.24994
 .bss           0x0000000004001090       0x24 C:\Users\koumu\AppData\Local\Temp\ccheKQ2F.ltrans5.ltrans.o
                0x0000000004001090                pvPostFunc.2686
                0x0000000004001094                u32PostArg.2685
                0x0000000004001098                evPost.2684
 .bss           0x00000000040010b4       0x40 C:\Users\koumu\AppData\Local\Temp\ccheKQ2F.ltrans6.ltrans.o
                0x00000000040010b4                g_sLP
                0x00000000040010f0                g_pvMac
 .bss.initinboot
                0x00000000040010f4        0x4 C:\Users\koumu\AppData\Local\Temp\ccheKQ2F.ltrans6.ltrans.o
 .bss           0x00000000040010f8        0x8 C:\Users\koumu\AppData\Local\Temp\ccheKQ2F.ltrans7.ltrans.o
 .bss           0x0000000004001100       0x20 C:\Users\koumu\AppData\Local\Temp\ccheKQ2F.ltrans8.ltrans.o
                0x0000000004001100                sAppHousekeeping
                0x0000000004001118                prApAppCallback.24556
                0x000000000400111c                bIntEnableFlag.24553
 .bss           0x0000000004001120        0x4 C:\Users\koumu\AppData\Local\Temp\ccheKQ2F.ltrans9.ltrans.o
 .bss           0x0000000004001124       0x90 C:\Users\koumu\AppData\Local\Temp\ccheKQ2F.ltrans10.ltrans.o
                0x0000000004001124                _ZL5_vcbs.7101
                0x0000000004001138                sToCoNet_AppContext
                0x0000000004001154                sToCoNet_Context
                0x000000000400119c                sAssocSecurity.13264
                0x00000000040011a8                g_bJenieBackwardsCompatibilityMode
 .bss           0x00000000040011b4      0x1f8 C:\Users\koumu\AppData\Local\Temp\ccheKQ2F.ltrans11.ltrans.o
                0x00000000040011b4                u8AppId_Pkt_head.4907
                0x00000000040011b8                u32AppId.4904
                0x00000000040011bc                u32MyAddr.4906
                0x00000000040011c0                bRxQueue_Init.4905
                0x00000000040011c4                psRxQueueList.4903
                0x00000000040011d8                asEventHandler.2672
                0x0000000004001278                sEvVars
                0x0000000004001294                u32TickCount_ms
                0x0000000004001298                au8Txdatabuff_idx_sTxQueue
                0x000000000400129c                u8TxBuffSiz_sTxQueue
                0x00000000040012a0                sTxdatabuff_sTxQueue
                0x00000000040012a4                sTxQueue
                0x00000000040012c0                au8Rxdatabuff_idx_sRxQueue
                0x00000000040012c4                u8RxBuffSiz_sRxQueue
                0x00000000040012c8                sRxdatabuff_sRxQueue
                0x00000000040012cc                sRxQueue
                0x00000000040012e8                au8Rxdatabuff_idx_sRxQueueCmd
                0x00000000040012ec                u8RxBuffSiz_sRxQueueCmd
                0x00000000040012f0                sRxdatabuff_sRxQueueCmd
                0x00000000040012f4                sRxQueueCmd.3123
                0x0000000004001310                sContext.5028
                0x000000000400133c                TWENET_u8RFdevice_minor.4328
                0x000000000400133d                TWENET_u8RFdevice_major.4327
                0x000000000400133e                _TWENET_TX_POWER_MAX
                0x0000000004001340                sToCoNet_Modules
 .bss           0x00000000040013ac       0x10 C:\Users\koumu\AppData\Local\Temp\ccheKQ2F.ltrans12.ltrans.o
                0x00000000040013ac                i8TxPower.16054
                0x00000000040013b0                g_sXcv
                0x00000000040013b4                prMcpsRequest.9648
                0x00000000040013b8                prMlmeRequest.9647
 .bss.initinboot
                0x00000000040013bc        0x8 C:\Users\koumu\AppData\Local\Temp\ccheKQ2F.ltrans12.ltrans.o
                0x00000000040013bc                g_u32MacAddrLocation
                0x00000000040013c0                prvUserTxStartedCallback
 .bss           0x00000000040013c4       0x28 C:\Users\koumu\AppData\Local\Temp\ccheKQ2F.ltrans13.ltrans.o
                0x00000000040013c4                sCh_Context.3591
                0x00000000040013c8                asTx.26354
 .bss.initinboot
                0x00000000040013ec        0x1 C:\Users\koumu\AppData\Local\Temp\ccheKQ2F.ltrans13.ltrans.o
 *fill*         0x00000000040013ed        0x3 00
 .bss           0x00000000040013f0       0x14 C:\Users\koumu\AppData\Local\Temp\ccheKQ2F.ltrans14.ltrans.o
                0x00000000040013f0                prOriginalHandler.5038
 .bss           0x0000000004001404       0x84 C:\Users\koumu\AppData\Local\Temp\ccheKQ2F.ltrans15.ltrans.o
                0x0000000004001404                prUart1AppCallback.25462
                0x0000000004001408                prUart0AppCallback.25461
                0x000000000400140c                asUARTS.5203
                0x000000000400142c                sOpt.5210
                0x000000000400143c                _psSerial
 .bss           0x0000000004001488      0x71c C:\Users\koumu\AppData\Local\Temp\ccheKQ2F.ltrans16.ltrans.o
                0x0000000004001488                prSpiAppCallback.24790
                0x000000000400148c                prSiAppCallback.26025
                0x0000000004001490                prAppMcpsCallback.3957
                0x0000000004001494                prAppMlmeCallback.3958
                0x0000000004001498                bTxEventQueued.20376
                0x0000000004001499                u8TxEventStatus.20377
 .bss.initinboot
                0x0000000004001ba4        0x4 C:\Users\koumu\AppData\Local\Temp\ccheKQ2F.ltrans16.ltrans.o
                0x0000000004001ba4                prSysCtrlAppCallback.24998
 .bss.dontinitinboot
                0x0000000004001ba8        0x1 C:\Users\koumu\AppData\Local\Temp\ccheKQ2F.ltrans17.ltrans.o
 *fill*         0x0000000004001ba9        0x3 00
 .bss           0x0000000004001bac       0x14 C:\Users\koumu\AppData\Local\Temp\ccheKQ2F.ltrans18.ltrans.o
                0x0000000004001bac                s_sTimerList
                0x0000000004001bbc                u8AssocResponsesInProgress.13263
 .bss           0x0000000004001bc0       0x24 C:\Users\koumu\AppData\Local\Temp\ccheKQ2F.ltrans20.ltrans.o
                0x0000000004001bc0                apfTimerAppCallback.25207
                0x0000000004001bd4                prTickTimeAppCallback
                0x0000000004001bd8                au16TimerSettings.25156
 .bss           0x0000000004001be4      0x1d4 C:\Users\koumu\AppData\Local\Temp\ccheKQ2F.ltrans21.ltrans.o
                0x0000000004001be4                the_mac
                0x0000000004001c00                Buttons
                0x0000000004001c08                Timer4
                0x0000000004001c10                Timer3
                0x0000000004001c18                Timer2
                0x0000000004001c20                Timer1
                0x0000000004001c28                Timer0
                0x0000000004001c30                PulseCounter1
                0x0000000004001c34                PulseCounter0
                0x0000000004001c38                Analogue
                0x0000000004001c50                SPI
                0x0000000004001c54                Wire
                0x0000000004001c6c                SerialParser
                0x0000000004001ca8                Serial1
                0x0000000004001cc8                Serial
                0x0000000004001ce8                the_vnet2
                0x0000000004001cec                the_vnet
                0x0000000004001cf0                the_vhw
                0x0000000004001cf4                the_vsettings
                0x0000000004001cf8                the_vapp
                0x0000000004001cfc                the_twelite
 .bss.initinboot
                0x0000000004001db8      0x1bc C:\Users\koumu\AppData\Local\Temp\ccheKQ2F.ltrans21.ltrans.o
                0x0000000004001db8                g_sMac
 .bss.dontinitinboot
                0x0000000004001f74       0x40 C:/Users/koumu/Desktop/20240531/MWSTAGE/MWSDK/ChipLib/SW4063V1416/Components/Library\libBoot_JN516x.a(ExceptionHandler.o)
                0x0000000004001f74                isr_handlers
 .bss           0x0000000004001fb4       0x34 c:/users/koumu/desktop/20240531/mwstage/tools/ba-elf-ba2-r36379.w10/bin/../lib/gcc/ba-elf/4.7.4/../../../../ba-elf/lib/mcpu_jn51xx_sizeopt\libc.a(lib_a-mallocr.o)
                0x0000000004001fb4                __malloc_current_mallinfo
                0x0000000004001fdc                __malloc_max_total_mem
                0x0000000004001fe0                __malloc_max_sbrked_mem
                0x0000000004001fe4                __malloc_top_pad
 .bss           0x0000000004001fe8        0x4 c:/users/koumu/desktop/20240531/mwstage/tools/ba-elf-ba2-r36379.w10/bin/../lib/gcc/ba-elf/4.7.4/../../../../ba-elf/lib/mcpu_jn51xx_sizeopt\libc.a(lib_a-glue.o)
 *(.bss.*)
 *(.scommon*)
 .scommon       0x0000000004001fec        0x4 c:/users/koumu/desktop/20240531/mwstage/tools/ba-elf-ba2-r36379.w10/bin/../lib/gcc/ba-elf/4.7.4/../../../../ba-elf/lib/mcpu_jn51xx_sizeopt\libc.a(lib_a-reent.o)
                0x0000000004001fec                errno
 *(.scommon.*)
 *(COMMON)
                0x0000000004001ff0                . = ALIGN (0x4)
                0x0000000004001ff0                _bss_end = ABSOLUTE (.)
                0x0000000004001ff0                end = .

.sbss           0x0000000004001ff0        0x0 load address 0x00000000000967ac
 .sbss          0x0000000004001ff0        0x0 C:\Users\koumu\AppData\Local\Temp\ccheKQ2F.ltrans0.ltrans.o

.heap           0x0000000004001ff0      0xd16 load address 0x00000000000967ac
                0x0000000004001ff0                _heap_start = ABSOLUTE (.)
                0x0000000004002d06                . = (. + __minimum_heap_size)
 *fill*         0x0000000004001ff0      0xd16 00

.stack          0x0000000004007800      0x800 load address 0x000000000009bfbc
                0x0000000004007800                _heap_end = ABSOLUTE (.)
                0x0000000004007800                _stack_low_water_mark = ABSOLUTE (.)
                0x0000000004008000                . = (. + __stack_size)
 *fill*         0x0000000004007800      0x800 00
                0x0000000004008000                _stack = .

.test           0x00000000000950f8        0x1
                0x00000000000950f8        0x1 BYTE 0xff
                0x0000000000094808                _flash_data_start = LOADADDR (.data)
                0x00000000000008f0                _ram_data_len = (((_ram_data_end - _ram_data_start) + 0x3) & 0xfffffffffffffffc)
                0x00000000000016b4                _bss_len = (((_bss_end - _bss_start) + 0x3) & 0xfffffffffffffffc)
                0x00000000000150f8                _image_len = ((((_flash_end - _flash_start) + _ram_data_len) + 0x3) & 0xfffffffffffffffc)
                0x0000000004008000                _ram_top = (ABSOLUTE (ORIGIN (ram)) + 0x7fb4)
                0x0000000004008000                ram_top = (ABSOLUTE (ORIGIN (ram)) + 0x7fb4)
                0x0000000001001580                _app_ram_start = 0x1001580
                0x0000000004000054                PROVIDE (_heap_location, u32HeapStart)
                0x0000000004000054                PROVIDE (heap_location, u32HeapStart)
                0x000000000008a377                TSV_eOpenVector = TSV_eOpen
                0x0000000000089ef8                TSV_eStartVector = TSV_eStart
                0x000000000008ccda                TSV_eStopVector = TSV_eStop
                0x0000000000087b5d                pvAppApiGetMacHandle = pvAppApiDefGetMacHandle
                0x0000000000089c31                u32AppApiInit = u32AppApiDefInit
                0x0000000000087b32                vAppApiMlmeRequest = vAppApiDefMlmeRequest
                0x000000000008a64d                vAppApiMcpsRequest = vAppApiDefMcpsRequest
                0x000000000008a5dc                eAppApiPlmeSet = eAppApiDefPlmeSet
                0x000000000008a58a                eAppApiPlmeGet = eAppApiDefPlmeGet
                0x000000000008a581                pvAppApiGetMacAddrLocation = pvAppApiDefGetMacAddrLocation
                0x000000000008a466                vAppApiSaveMacSettings = vAppApiDefSaveMacSettings
                0x000000000008a37f                vAppApiRestoreMacSettings = vAppApiDefRestoreMacSettings
OUTPUT(objs_RED/act11_RED_L1305_V0-1-0.elf elf32-ba)

.comment        0x0000000000000000       0x11
 .comment       0x0000000000000000       0x12 C:\Users\koumu\AppData\Local\Temp\ccheKQ2F.ltrans0.ltrans.o
 .comment       0x0000000000000000       0x12 C:\Users\koumu\AppData\Local\Temp\ccheKQ2F.ltrans1.ltrans.o
 .comment       0x0000000000000000       0x12 C:\Users\koumu\AppData\Local\Temp\ccheKQ2F.ltrans2.ltrans.o
 .comment       0x0000000000000000       0x12 C:\Users\koumu\AppData\Local\Temp\ccheKQ2F.ltrans3.ltrans.o
 .comment       0x0000000000000000       0x12 C:\Users\koumu\AppData\Local\Temp\ccheKQ2F.ltrans4.ltrans.o
 .comment       0x0000000000000000       0x12 C:\Users\koumu\AppData\Local\Temp\ccheKQ2F.ltrans5.ltrans.o
 .comment       0x0000000000000000       0x12 C:\Users\koumu\AppData\Local\Temp\ccheKQ2F.ltrans6.ltrans.o
 .comment       0x0000000000000000       0x12 C:\Users\koumu\AppData\Local\Temp\ccheKQ2F.ltrans7.ltrans.o
 .comment       0x0000000000000000       0x12 C:\Users\koumu\AppData\Local\Temp\ccheKQ2F.ltrans8.ltrans.o
 .comment       0x0000000000000000       0x12 C:\Users\koumu\AppData\Local\Temp\ccheKQ2F.ltrans9.ltrans.o
 .comment       0x0000000000000000       0x12 C:\Users\koumu\AppData\Local\Temp\ccheKQ2F.ltrans10.ltrans.o
 .comment       0x0000000000000000       0x12 C:\Users\koumu\AppData\Local\Temp\ccheKQ2F.ltrans11.ltrans.o
 .comment       0x0000000000000000       0x12 C:\Users\koumu\AppData\Local\Temp\ccheKQ2F.ltrans12.ltrans.o
 .comment       0x0000000000000000       0x12 C:\Users\koumu\AppData\Local\Temp\ccheKQ2F.ltrans13.ltrans.o
 .comment       0x0000000000000000       0x12 C:\Users\koumu\AppData\Local\Temp\ccheKQ2F.ltrans14.ltrans.o
 .comment       0x0000000000000000       0x12 C:\Users\koumu\AppData\Local\Temp\ccheKQ2F.ltrans15.ltrans.o
 .comment       0x0000000000000000       0x12 C:\Users\koumu\AppData\Local\Temp\ccheKQ2F.ltrans16.ltrans.o
 .comment       0x0000000000000000       0x12 C:\Users\koumu\AppData\Local\Temp\ccheKQ2F.ltrans17.ltrans.o
 .comment       0x0000000000000000       0x12 C:\Users\koumu\AppData\Local\Temp\ccheKQ2F.ltrans18.ltrans.o
 .comment       0x0000000000000000       0x12 C:\Users\koumu\AppData\Local\Temp\ccheKQ2F.ltrans19.ltrans.o
 .comment       0x0000000000000000       0x12 C:\Users\koumu\AppData\Local\Temp\ccheKQ2F.ltrans20.ltrans.o
 .comment       0x0000000000000000       0x12 C:\Users\koumu\AppData\Local\Temp\ccheKQ2F.ltrans21.ltrans.o
 .comment       0x0000000000000000       0x12 C:\Users\koumu\AppData\Local\Temp\ccheKQ2F.ltrans22.ltrans.o
 .comment       0x0000000000000000       0x12 c:/users/koumu/desktop/20240531/mwstage/tools/ba-elf-ba2-r36379.w10/bin/../lib/gcc/ba-elf/4.7.4/../../../../ba-elf/lib/mcpu_jn51xx_sizeopt\libc.a(lib_a-memcmp.o)
 .comment       0x0000000000000000       0x12 c:/users/koumu/desktop/20240531/mwstage/tools/ba-elf-ba2-r36379.w10/bin/../lib/gcc/ba-elf/4.7.4/mcpu_jn51xx_sizeopt\libgcc.a(_fixunsdfsi.o)
 .comment       0x0000000000000000       0x12 c:/users/koumu/desktop/20240531/mwstage/tools/ba-elf-ba2-r36379.w10/bin/../lib/gcc/ba-elf/4.7.4/mcpu_jn51xx_sizeopt\libgcc.a(_udivdi3.o)
 .comment       0x0000000000000000       0x12 c:/users/koumu/desktop/20240531/mwstage/tools/ba-elf-ba2-r36379.w10/bin/../lib/gcc/ba-elf/4.7.4/mcpu_jn51xx_sizeopt\libgcc.a(_umoddi3.o)
 .comment       0x0000000000000000       0x11 C:/Users/koumu/Desktop/20240531/MWSTAGE/MWSDK/ChipLib/SW4063V1416/Components/Library\libMicroSpecific_JN516x.a(MicroSyscall_ba.o)
                                         0x12 (size before relaxing)
 .comment       0x0000000000000000       0x12 c:/users/koumu/desktop/20240531/mwstage/tools/ba-elf-ba2-r36379.w10/bin/../lib/gcc/ba-elf/4.7.4/../../../../ba-elf/lib/mcpu_jn51xx_sizeopt\libc.a(lib_a-memset.o)
 .comment       0x0000000000000000       0x12 c:/users/koumu/desktop/20240531/mwstage/tools/ba-elf-ba2-r36379.w10/bin/../lib/gcc/ba-elf/4.7.4/../../../../ba-elf/lib/mcpu_jn51xx_sizeopt\libc.a(lib_a-sprintf.o)
 .comment       0x0000000000000000       0x12 c:/users/koumu/desktop/20240531/mwstage/tools/ba-elf-ba2-r36379.w10/bin/../lib/gcc/ba-elf/4.7.4/../../../../ba-elf/lib/mcpu_jn51xx_sizeopt\libc.a(lib_a-strncmp.o)
 .comment       0x0000000000000000       0x12 c:/users/koumu/desktop/20240531/mwstage/tools/ba-elf-ba2-r36379.w10/bin/../lib/gcc/ba-elf/4.7.4/../../../../ba-elf/lib/mcpu_jn51xx_sizeopt\libc.a(lib_a-svfprintf.o)
 .comment       0x0000000000000000       0x12 c:/users/koumu/desktop/20240531/mwstage/tools/ba-elf-ba2-r36379.w10/bin/../lib/gcc/ba-elf/4.7.4/../../../../ba-elf/lib/mcpu_jn51xx_sizeopt\libc.a(lib_a-dtoa.o)
 .comment       0x0000000000000000       0x12 c:/users/koumu/desktop/20240531/mwstage/tools/ba-elf-ba2-r36379.w10/bin/../lib/gcc/ba-elf/4.7.4/../../../../ba-elf/lib/mcpu_jn51xx_sizeopt\libc.a(lib_a-impure.o)
 .comment       0x0000000000000000       0x12 c:/users/koumu/desktop/20240531/mwstage/tools/ba-elf-ba2-r36379.w10/bin/../lib/gcc/ba-elf/4.7.4/../../../../ba-elf/lib/mcpu_jn51xx_sizeopt\libc.a(lib_a-locale.o)
 .comment       0x0000000000000000       0x12 c:/users/koumu/desktop/20240531/mwstage/tools/ba-elf-ba2-r36379.w10/bin/../lib/gcc/ba-elf/4.7.4/../../../../ba-elf/lib/mcpu_jn51xx_sizeopt\libc.a(lib_a-mallocr.o)
 .comment       0x0000000000000000       0x12 c:/users/koumu/desktop/20240531/mwstage/tools/ba-elf-ba2-r36379.w10/bin/../lib/gcc/ba-elf/4.7.4/../../../../ba-elf/lib/mcpu_jn51xx_sizeopt\libc.a(lib_a-memchr.o)
 .comment       0x0000000000000000       0x12 c:/users/koumu/desktop/20240531/mwstage/tools/ba-elf-ba2-r36379.w10/bin/../lib/gcc/ba-elf/4.7.4/../../../../ba-elf/lib/mcpu_jn51xx_sizeopt\libc.a(lib_a-memcpy.o)
 .comment       0x0000000000000000       0x12 c:/users/koumu/desktop/20240531/mwstage/tools/ba-elf-ba2-r36379.w10/bin/../lib/gcc/ba-elf/4.7.4/../../../../ba-elf/lib/mcpu_jn51xx_sizeopt\libc.a(lib_a-mlock.o)
 .comment       0x0000000000000000       0x12 c:/users/koumu/desktop/20240531/mwstage/tools/ba-elf-ba2-r36379.w10/bin/../lib/gcc/ba-elf/4.7.4/../../../../ba-elf/lib/mcpu_jn51xx_sizeopt\libc.a(lib_a-mprec.o)
 .comment       0x0000000000000000       0x12 c:/users/koumu/desktop/20240531/mwstage/tools/ba-elf-ba2-r36379.w10/bin/../lib/gcc/ba-elf/4.7.4/../../../../ba-elf/lib/mcpu_jn51xx_sizeopt\libc.a(lib_a-sbrkr.o)
 .comment       0x0000000000000000       0x12 c:/users/koumu/desktop/20240531/mwstage/tools/ba-elf-ba2-r36379.w10/bin/../lib/gcc/ba-elf/4.7.4/../../../../ba-elf/lib/mcpu_jn51xx_sizeopt\libc.a(lib_a-s_fpclassify.o)
 .comment       0x0000000000000000       0x12 c:/users/koumu/desktop/20240531/mwstage/tools/ba-elf-ba2-r36379.w10/bin/../lib/gcc/ba-elf/4.7.4/../../../../ba-elf/lib/mcpu_jn51xx_sizeopt\libc.a(lib_a-strcmp.o)
 .comment       0x0000000000000000       0x12 c:/users/koumu/desktop/20240531/mwstage/tools/ba-elf-ba2-r36379.w10/bin/../lib/gcc/ba-elf/4.7.4/../../../../ba-elf/lib/mcpu_jn51xx_sizeopt\libc.a(lib_a-strlen.o)
 .comment       0x0000000000000000       0x12 c:/users/koumu/desktop/20240531/mwstage/tools/ba-elf-ba2-r36379.w10/bin/../lib/gcc/ba-elf/4.7.4/../../../../ba-elf/lib/mcpu_jn51xx_sizeopt\libc.a(lib_a-svfiprintf.o)
 .comment       0x0000000000000000       0x12 c:/users/koumu/desktop/20240531/mwstage/tools/ba-elf-ba2-r36379.w10/bin/../lib/gcc/ba-elf/4.7.4/../../../../ba-elf/lib/mcpu_jn51xx_sizeopt\libc.a(lib_a-callocr.o)
 .comment       0x0000000000000000       0x12 c:/users/koumu/desktop/20240531/mwstage/tools/ba-elf-ba2-r36379.w10/bin/../lib/gcc/ba-elf/4.7.4/../../../../ba-elf/lib/mcpu_jn51xx_sizeopt\libc.a(lib_a-freer.o)
 .comment       0x0000000000000000       0x12 c:/users/koumu/desktop/20240531/mwstage/tools/ba-elf-ba2-r36379.w10/bin/../lib/gcc/ba-elf/4.7.4/../../../../ba-elf/lib/mcpu_jn51xx_sizeopt\libc.a(lib_a-glue.o)
 .comment       0x0000000000000000       0x12 c:/users/koumu/desktop/20240531/mwstage/tools/ba-elf-ba2-r36379.w10/bin/../lib/gcc/ba-elf/4.7.4/../../../../ba-elf/lib/mcpu_jn51xx_sizeopt\libc.a(lib_a-memmove.o)
 .comment       0x0000000000000000       0x12 c:/users/koumu/desktop/20240531/mwstage/tools/ba-elf-ba2-r36379.w10/bin/../lib/gcc/ba-elf/4.7.4/../../../../ba-elf/lib/mcpu_jn51xx_sizeopt\libc.a(lib_a-reallocr.o)
 .comment       0x0000000000000000       0x12 c:/users/koumu/desktop/20240531/mwstage/tools/ba-elf-ba2-r36379.w10/bin/../lib/gcc/ba-elf/4.7.4/../../../../ba-elf/lib/mcpu_jn51xx_sizeopt\libc.a(lib_a-reent.o)
 .comment       0x0000000000000000       0x12 c:/users/koumu/desktop/20240531/mwstage/tools/ba-elf-ba2-r36379.w10/bin/../lib/gcc/ba-elf/4.7.4/../../../../ba-elf/lib/mcpu_jn51xx_sizeopt\libc.a(lib_a-errno.o)
 .comment       0x0000000000000000       0x12 c:/users/koumu/desktop/20240531/mwstage/tools/ba-elf-ba2-r36379.w10/bin/../lib/gcc/ba-elf/4.7.4/mcpu_jn51xx_sizeopt\libgcc.a(adddf3.o)
 .comment       0x0000000000000000       0x12 c:/users/koumu/desktop/20240531/mwstage/tools/ba-elf-ba2-r36379.w10/bin/../lib/gcc/ba-elf/4.7.4/mcpu_jn51xx_sizeopt\libgcc.a(divdf3.o)
 .comment       0x0000000000000000       0x12 c:/users/koumu/desktop/20240531/mwstage/tools/ba-elf-ba2-r36379.w10/bin/../lib/gcc/ba-elf/4.7.4/mcpu_jn51xx_sizeopt\libgcc.a(eqdf2.o)
 .comment       0x0000000000000000       0x12 c:/users/koumu/desktop/20240531/mwstage/tools/ba-elf-ba2-r36379.w10/bin/../lib/gcc/ba-elf/4.7.4/mcpu_jn51xx_sizeopt\libgcc.a(gedf2.o)
 .comment       0x0000000000000000       0x12 c:/users/koumu/desktop/20240531/mwstage/tools/ba-elf-ba2-r36379.w10/bin/../lib/gcc/ba-elf/4.7.4/mcpu_jn51xx_sizeopt\libgcc.a(ledf2.o)
 .comment       0x0000000000000000       0x12 c:/users/koumu/desktop/20240531/mwstage/tools/ba-elf-ba2-r36379.w10/bin/../lib/gcc/ba-elf/4.7.4/mcpu_jn51xx_sizeopt\libgcc.a(muldf3.o)
 .comment       0x0000000000000000       0x12 c:/users/koumu/desktop/20240531/mwstage/tools/ba-elf-ba2-r36379.w10/bin/../lib/gcc/ba-elf/4.7.4/mcpu_jn51xx_sizeopt\libgcc.a(subdf3.o)
 .comment       0x0000000000000000       0x12 c:/users/koumu/desktop/20240531/mwstage/tools/ba-elf-ba2-r36379.w10/bin/../lib/gcc/ba-elf/4.7.4/mcpu_jn51xx_sizeopt\libgcc.a(fixdfsi.o)
 .comment       0x0000000000000000       0x12 c:/users/koumu/desktop/20240531/mwstage/tools/ba-elf-ba2-r36379.w10/bin/../lib/gcc/ba-elf/4.7.4/mcpu_jn51xx_sizeopt\libgcc.a(floatsidf.o)
 .comment       0x0000000000000000       0x12 c:/users/koumu/desktop/20240531/mwstage/tools/ba-elf-ba2-r36379.w10/bin/../lib/gcc/ba-elf/4.7.4/mcpu_jn51xx_sizeopt\libgcc.a(floatunsidf.o)

.debug_info     0x0000000000000000    0x11525
 .debug_info    0x0000000000000000       0xf3 c:/users/koumu/desktop/20240531/mwstage/tools/ba-elf-ba2-r36379.w10/bin/../lib/gcc/ba-elf/4.7.4/../../../../ba-elf/lib/mcpu_jn51xx_sizeopt\libc.a(lib_a-memcmp.o)
 .debug_info    0x00000000000000f3       0xd3 c:/users/koumu/desktop/20240531/mwstage/tools/ba-elf-ba2-r36379.w10/bin/../lib/gcc/ba-elf/4.7.4/mcpu_jn51xx_sizeopt\libgcc.a(_fixunsdfsi.o)
 .debug_info    0x00000000000001c6      0x648 c:/users/koumu/desktop/20240531/mwstage/tools/ba-elf-ba2-r36379.w10/bin/../lib/gcc/ba-elf/4.7.4/mcpu_jn51xx_sizeopt\libgcc.a(_udivdi3.o)
 .debug_info    0x000000000000080e      0x69d c:/users/koumu/desktop/20240531/mwstage/tools/ba-elf-ba2-r36379.w10/bin/../lib/gcc/ba-elf/4.7.4/mcpu_jn51xx_sizeopt\libgcc.a(_umoddi3.o)
 .debug_info    0x0000000000000eab       0xaa C:/Users/koumu/Desktop/20240531/MWSTAGE/MWSDK/ChipLib/SW4063V1416/Components/Library\libBoot_JN516x.a(ExceptionHandler.o)
 .debug_info    0x0000000000000f55       0xd7 c:/users/koumu/desktop/20240531/mwstage/tools/ba-elf-ba2-r36379.w10/bin/../lib/gcc/ba-elf/4.7.4/../../../../ba-elf/lib/mcpu_jn51xx_sizeopt\libc.a(lib_a-memset.o)
 .debug_info    0x000000000000102c      0xac6 c:/users/koumu/desktop/20240531/mwstage/tools/ba-elf-ba2-r36379.w10/bin/../lib/gcc/ba-elf/4.7.4/../../../../ba-elf/lib/mcpu_jn51xx_sizeopt\libc.a(lib_a-sprintf.o)
 .debug_info    0x0000000000001af2       0xd3 c:/users/koumu/desktop/20240531/mwstage/tools/ba-elf-ba2-r36379.w10/bin/../lib/gcc/ba-elf/4.7.4/../../../../ba-elf/lib/mcpu_jn51xx_sizeopt\libc.a(lib_a-strncmp.o)
 .debug_info    0x0000000000001bc5     0x1797 c:/users/koumu/desktop/20240531/mwstage/tools/ba-elf-ba2-r36379.w10/bin/../lib/gcc/ba-elf/4.7.4/../../../../ba-elf/lib/mcpu_jn51xx_sizeopt\libc.a(lib_a-svfprintf.o)
 .debug_info    0x000000000000335c     0x143b c:/users/koumu/desktop/20240531/mwstage/tools/ba-elf-ba2-r36379.w10/bin/../lib/gcc/ba-elf/4.7.4/../../../../ba-elf/lib/mcpu_jn51xx_sizeopt\libc.a(lib_a-dtoa.o)
 .debug_info    0x0000000000004797      0x970 c:/users/koumu/desktop/20240531/mwstage/tools/ba-elf-ba2-r36379.w10/bin/../lib/gcc/ba-elf/4.7.4/../../../../ba-elf/lib/mcpu_jn51xx_sizeopt\libc.a(lib_a-impure.o)
 .debug_info    0x0000000000005107      0xd1a c:/users/koumu/desktop/20240531/mwstage/tools/ba-elf-ba2-r36379.w10/bin/../lib/gcc/ba-elf/4.7.4/../../../../ba-elf/lib/mcpu_jn51xx_sizeopt\libc.a(lib_a-locale.o)
 .debug_info    0x0000000000005e21      0xe1c c:/users/koumu/desktop/20240531/mwstage/tools/ba-elf-ba2-r36379.w10/bin/../lib/gcc/ba-elf/4.7.4/../../../../ba-elf/lib/mcpu_jn51xx_sizeopt\libc.a(lib_a-mallocr.o)
 .debug_info    0x0000000000006c3d       0xfc c:/users/koumu/desktop/20240531/mwstage/tools/ba-elf-ba2-r36379.w10/bin/../lib/gcc/ba-elf/4.7.4/../../../../ba-elf/lib/mcpu_jn51xx_sizeopt\libc.a(lib_a-memchr.o)
 .debug_info    0x0000000000006d39      0x106 c:/users/koumu/desktop/20240531/mwstage/tools/ba-elf-ba2-r36379.w10/bin/../lib/gcc/ba-elf/4.7.4/../../../../ba-elf/lib/mcpu_jn51xx_sizeopt\libc.a(lib_a-memcpy.o)
 .debug_info    0x0000000000006e3f      0x994 c:/users/koumu/desktop/20240531/mwstage/tools/ba-elf-ba2-r36379.w10/bin/../lib/gcc/ba-elf/4.7.4/../../../../ba-elf/lib/mcpu_jn51xx_sizeopt\libc.a(lib_a-mlock.o)
 .debug_info    0x00000000000077d3     0x1744 c:/users/koumu/desktop/20240531/mwstage/tools/ba-elf-ba2-r36379.w10/bin/../lib/gcc/ba-elf/4.7.4/../../../../ba-elf/lib/mcpu_jn51xx_sizeopt\libc.a(lib_a-mprec.o)
 .debug_info    0x0000000000008f17      0x9db c:/users/koumu/desktop/20240531/mwstage/tools/ba-elf-ba2-r36379.w10/bin/../lib/gcc/ba-elf/4.7.4/../../../../ba-elf/lib/mcpu_jn51xx_sizeopt\libc.a(lib_a-sbrkr.o)
 .debug_info    0x00000000000098f2      0x149 c:/users/koumu/desktop/20240531/mwstage/tools/ba-elf-ba2-r36379.w10/bin/../lib/gcc/ba-elf/4.7.4/../../../../ba-elf/lib/mcpu_jn51xx_sizeopt\libc.a(lib_a-s_fpclassify.o)
 .debug_info    0x0000000000009a3b       0xbb c:/users/koumu/desktop/20240531/mwstage/tools/ba-elf-ba2-r36379.w10/bin/../lib/gcc/ba-elf/4.7.4/../../../../ba-elf/lib/mcpu_jn51xx_sizeopt\libc.a(lib_a-strcmp.o)
 .debug_info    0x0000000000009af6       0xc8 c:/users/koumu/desktop/20240531/mwstage/tools/ba-elf-ba2-r36379.w10/bin/../lib/gcc/ba-elf/4.7.4/../../../../ba-elf/lib/mcpu_jn51xx_sizeopt\libc.a(lib_a-strlen.o)
 .debug_info    0x0000000000009bbe     0x111f c:/users/koumu/desktop/20240531/mwstage/tools/ba-elf-ba2-r36379.w10/bin/../lib/gcc/ba-elf/4.7.4/../../../../ba-elf/lib/mcpu_jn51xx_sizeopt\libc.a(lib_a-svfiprintf.o)
 .debug_info    0x000000000000acdd      0xad5 c:/users/koumu/desktop/20240531/mwstage/tools/ba-elf-ba2-r36379.w10/bin/../lib/gcc/ba-elf/4.7.4/../../../../ba-elf/lib/mcpu_jn51xx_sizeopt\libc.a(lib_a-callocr.o)
 .debug_info    0x000000000000b7b2      0xd1b c:/users/koumu/desktop/20240531/mwstage/tools/ba-elf-ba2-r36379.w10/bin/../lib/gcc/ba-elf/4.7.4/../../../../ba-elf/lib/mcpu_jn51xx_sizeopt\libc.a(lib_a-freer.o)
 .debug_info    0x000000000000c4cd      0xa5a c:/users/koumu/desktop/20240531/mwstage/tools/ba-elf-ba2-r36379.w10/bin/../lib/gcc/ba-elf/4.7.4/../../../../ba-elf/lib/mcpu_jn51xx_sizeopt\libc.a(lib_a-glue.o)
 .debug_info    0x000000000000cf27      0x106 c:/users/koumu/desktop/20240531/mwstage/tools/ba-elf-ba2-r36379.w10/bin/../lib/gcc/ba-elf/4.7.4/../../../../ba-elf/lib/mcpu_jn51xx_sizeopt\libc.a(lib_a-memmove.o)
 .debug_info    0x000000000000d02d      0xd45 c:/users/koumu/desktop/20240531/mwstage/tools/ba-elf-ba2-r36379.w10/bin/../lib/gcc/ba-elf/4.7.4/../../../../ba-elf/lib/mcpu_jn51xx_sizeopt\libc.a(lib_a-reallocr.o)
 .debug_info    0x000000000000dd72      0xb29 c:/users/koumu/desktop/20240531/mwstage/tools/ba-elf-ba2-r36379.w10/bin/../lib/gcc/ba-elf/4.7.4/../../../../ba-elf/lib/mcpu_jn51xx_sizeopt\libc.a(lib_a-reent.o)
 .debug_info    0x000000000000e89b      0x969 c:/users/koumu/desktop/20240531/mwstage/tools/ba-elf-ba2-r36379.w10/bin/../lib/gcc/ba-elf/4.7.4/../../../../ba-elf/lib/mcpu_jn51xx_sizeopt\libc.a(lib_a-errno.o)
 .debug_info    0x000000000000f204       0xb7 c:/users/koumu/desktop/20240531/mwstage/tools/ba-elf-ba2-r36379.w10/bin/../lib/gcc/ba-elf/4.7.4/mcpu_jn51xx_sizeopt\libgcc.a(__udivsi3.o)
 .debug_info    0x000000000000f2bb       0xb7 c:/users/koumu/desktop/20240531/mwstage/tools/ba-elf-ba2-r36379.w10/bin/../lib/gcc/ba-elf/4.7.4/mcpu_jn51xx_sizeopt\libgcc.a(__divsi3.o)
 .debug_info    0x000000000000f372       0xb7 c:/users/koumu/desktop/20240531/mwstage/tools/ba-elf-ba2-r36379.w10/bin/../lib/gcc/ba-elf/4.7.4/mcpu_jn51xx_sizeopt\libgcc.a(__umodsi3.o)
 .debug_info    0x000000000000f429       0xb7 c:/users/koumu/desktop/20240531/mwstage/tools/ba-elf-ba2-r36379.w10/bin/../lib/gcc/ba-elf/4.7.4/mcpu_jn51xx_sizeopt\libgcc.a(__modsi3.o)